[banhchungdogia.com/index.html]
[banhchungdogia.com/xmlrpc.php]
[backblue.gif]
[fade.gif]
[index.html]
[banhchungdogia.com/wp-content/cache/min/1/wp-content/plugins/contact-form-7/includes/css/styles-f48c452908ff1a0a481c5864d460f264.css]
[banhchungdogia.com/wp-content/cache/min/1/wp-includes/css/dashicons.min-497ede28a194f7a533cce3ca24cc3b0d.css]
[banhchungdogia.com/wp-content/cache/min/1/font-awesome/4.7.0/css/font-awesome.min-ced8efbe056a8db38558bae6441d9c70.css]
[banhchungdogia.com/wp-content/cache/min/1/wp-content/themes/flatsome/assets/css/flatsome-be9acfb50cf3959669c7d0851aaa7f66.css]
[banhchungdogia.com/feed/index.html]
[banhchungdogia.com/wp-content/themes/flatsome/assets/css/icons/fl-iconsae55.eot]
[banhchungdogia.com/wp-content/themes/flatsome/assets/css/icons/fl-icons.eot]
[banhchungdogia.com/wp-content/themes/flatsome/assets/css/icons/fl-iconsae55.woff2]
[banhchungdogia.com/wp-content/themes/flatsome/assets/css/icons/fl-iconsae55.ttf]
[banhchungdogia.com/comments/feed/index.html]
[banhchungdogia.com/wp-content/themes/flatsome/assets/css/icons/fl-iconsae55.woff]
[banhchungdogia.com/wp-content/themes/flatsome/assets/css/icons/fl-iconsae55.svg]
[banhchungdogia.com/wp-content/cache/min/1/wp-content/themes/flatsome/assets/css/flatsome-shop-a6e8844a62e534b7f3ce5e852558d0f4.css]
[banhchungdogia.com/wp-content/themes/bbq/style6aec.css]
[banhchungdogia.com/wp-content/plugins/wp-rocket/assets/img/youtube.png]
[banhchungdogia.com/wp-includes/js/jquery/jquery.minaf6c.js]
[banhchungdogia.com/wp-includes/js/jquery/jquery-migrate.mind617.js]
[banhchungdogia.com/wp-json/index.html]
[banhchungdogia.com/wp-json/wp/v2/pages/4.json]
[banhchungdogia.com/xmlrpc0db0.php]
[banhchungdogia.com/wp-includes/wlwmanifest.xml]
[banhchungdogia.com/wp-json/oembed/1.0/embed1772.json]
[banhchungdogia.com/wp-json/oembed/1.0/embed0566]
[banhchungdogia.com/wp-content/cache/min/1/optimize-6deafa0e96b2e730af985492b9d56729.js]
[banhchungdogia.com/wp-content/uploads/2020/01/cropped-logo-banhchunghanoi-500x500-1-32x32.png]
[banhchungdogia.com/wp-content/uploads/2020/01/cropped-logo-banhchunghanoi-500x500-1-192x192.png]
[mc.yandex.ru/metrika/tag.js]
[banhchungdogia.com/wp-content/uploads/2020/01/cropped-logo-banhchunghanoi-500x500-1-180x180.png]
[banhchungdogia.com/wp-content/uploads/2020/01/bg-header.jpg]
[banhchungdogia.com/wp-content/uploads/2022/01/logo-banh-chung-ngon-do-gia-2020-Copy.png]
[banhchungdogia.com/san-pham.html]
[banhchungdogia.com/wp-content/uploads/2021/12/goi-banh-chung-tet-co-truyen-e1640961760406.jpg]
[banhchungdogia.com/gioi-thieu/index.html]
[banhchungdogia.com/wp-content/uploads/2022/01/82523124_1397904180372189_286145006320746496_n.jpg]
[banhchungdogia.com/khach-dat-hang-banh-chung-do-gia/index.html]
[banhchungdogia.com/nhip-cau-nhan-ai/index.html]
[banhchungdogia.com/category/chinh-sach/index.html]
[banhchungdogia.com/chinh-sach-bao-mat-thong-tin/index.html]
[banhchungdogia.com/chinh-sach-doi-tra-hang/index.html]
[banhchungdogia.com/banh-chung-ngot-truyen-thong.html]
[banhchungdogia.com/lien-he/index.html]
[banhchungdogia.com/wp-content/uploads/2022/01/144652266_1722752731220664_6556387246622188840_n.jpg]
[banhchungdogia.com/wp-content/uploads/2022/01/255809143_255348463292980_8856302997978450848_n.jpg]
[banhchungdogia.com/wp-content/uploads/2022/12/hinh-anh-png-2023.gif]
[banhchungdogia.com/wp-content/uploads/2022/01/gio-lua-ngon-ha-noi-dep.jpg]
[banhchungdogia.com/wp-content/uploads/2020/01/chuc-tet.jpg]
[banhchungdogia.com/index6fdd.html]
[banhchungdogia.com/banh-chung-ngon-ha-noi/index.html]
[banhchungdogia.com/dat-banh-chung.html]
[banhchungdogia.com/wp-content/uploads/2020/01/banh-chung-ngon-do-gia-1666.jpg]
[banhchungdogia.com/banh-chung-ngot-truyen-thong/index.html]
[banhchungdogia.com/wp-content/uploads/2022/01/83123139_1405198902976050_2158181874663424000_n.jpg]
[banhchungdogia.com/wp-content/uploads/2020/01/may-hut-chan-khong-banh-chung.jpg]
[banhchungdogia.com/wp-content/uploads/2022/12/in-an-ngay-nhung-an-pham-khong-the-thieu-cho-doanh-nghiep-trong-dip-tet_1605242584.jpg]
[banhchungdogia.com/wp-content/uploads/2022/01/80268820_10216220119046735_2521889253001003008_n.jpg]
[banhchungdogia.com/wp-content/uploads/2022/01/51126617_1677618809005055_218777873052336128_n.jpg]
[banhchungdogia.com/wp-content/uploads/2021/12/BCC.jpg]
[banhchungdogia.com/wp-content/uploads/2021/12/gio-ngon-do-thi.jpg]
[banhchungdogia.com/banh-chung-ngon-ha-noi/index9391.html]
[banhchungdogia.com/wp-content/uploads/2022/01/271319979_3088766541387481_2703093496706552742_n.jpg]
[banhchungdogia.com/wp-content/uploads/2020/01/bct.png]
[banhchungdogia.com/wp-includes/js/dist/vendor/regenerator-runtime.min3937.js]
[banhchungdogia.com/wp-includes/js/dist/vendor/wp-polyfill.min2c7c.js]
[banhchungdogia.com/wp-content/cache/min/1/wp-content/plugins/contact-form-7/includes/js/index-ee0de185c1b37a466787963f37a932eb.js]
[banhchungdogia.com/wp-content/plugins/woocommerce/assets/js/jquery-blockui/jquery.blockUI.min8811.js]
[banhchungdogia.com/wp-content/plugins/woocommerce/assets/js/frontend/add-to-cart.minaf8e.js]
[banhchungdogia.com/wp-content/plugins/woocommerce/assets/js/js-cookie/js.cookie.mineff6.js]
[banhchungdogia.com/tai-khoan/lost-password/index.html]
[banhchungdogia.com/wp-content/plugins/woocommerce/assets/js/frontend/woocommerce.minaf8e.js]
[banhchungdogia.com/wp-content/plugins/woocommerce/assets/js/frontend/cart-fragments.minaf8e.js]
[banhchungdogia.com/wp-includes/js/hoverIntent.min3e5a.js]
[banhchungdogia.com/wp-content/cache/min/1/wp-content/themes/flatsome/assets/js/flatsome-b3c78bbd965a6c5bdc135549eccefa44.js]
[banhchungdogia.com/wp-content/cache/min/1/wp-content/themes/flatsome/inc/integrations/wp-rocket/flatsome-wp-rocket-56b62492620977dfdd643e8f5287042b.js]
[banhchungdogia.com/wp-content/cache/min/1/wp-content/plugins/wpcf7-recaptcha/assets/js/wpcf7-recaptcha-controls-5aa0abf4966cad3bb8521f98e649c84b.js]
[banhchungdogia.com/wp-content/cache/min/1/wp-content/themes/flatsome/assets/js/woocommerce-f6ed4652117d8df916a67133b48623a3.js]
[banhchungdogia.com/wp-content/plugins/wp-rocket/assets/js/lazyload/16.1/lazyload.min.js]
[banhchungdogia.com/index.html]
[banhchungdogia.com/xmlrpc.php]
[banhchungdogia.com/wp-content/cache/min/1/wp-content/plugins/contact-form-7/includes/css/styles-f48c452908ff1a0a481c5864d460f264.css]
[banhchungdogia.com/wp-includes/fonts/dashicons7d4b.eot]
[banhchungdogia.com/wp-content/cache/min/1/wp-includes/css/dashicons.min-497ede28a194f7a533cce3ca24cc3b0d.css]
[banhchungdogia.com/wp-content/cache/min/1/font-awesome/4.7.0/css/font-awesome.min-ced8efbe056a8db38558bae6441d9c70.css]
[banhchungdogia.com/wp-content/themes/flatsome/assets/img/shadow@2x.png]
[banhchungdogia.com/wp-content/themes/flatsome/assets/img/underline.png]
[banhchungdogia.com/wp-content/cache/min/1/wp-content/themes/flatsome/assets/css/flatsome-be9acfb50cf3959669c7d0851aaa7f66.css]
[banhchungdogia.com/wp-content/themes/flatsome/assets/css/icons/fl-iconsae55.svg]
[banhchungdogia.com/wp-content/cache/min/1/wp-content/themes/flatsome/assets/css/flatsome-shop-a6e8844a62e534b7f3ce5e852558d0f4.css]
[banhchungdogia.com/wp-content/themes/bbq/style6aec.css]
[banhchungdogia.com/wp-json/wp/v2/pages/10.json]
[banhchungdogia.com/wp-json/oembed/1.0/embed33b9.json]
[banhchungdogia.com/wp-json/oembed/1.0/embedd5c7]
[banhchungdogia.com/wp-content/uploads/2020/01/banner-banh-chung-do-gia-n.png]
[banhchungdogia.com/wp-content/uploads/2020/01/cau-long-bien.jpg]
[banhchungdogia.com/wp-content/uploads/2020/01/dang-quoc-viet-banhchungdogia-1024x693.jpg]
[banhchungdogia.com/wp-content/uploads/2020/01/banh-chung-do-gia-hinh-anh-13-1024x925.jpg]
[banhchungdogia.com/gioi-thieu/index.html]
[banhchungdogia.com/wp-content/uploads/2020/01/banh-chung-do-gia-hinh-anh-6-834x1024.jpg]
[banhchungdogia.com/san-pham/index.html]
[banhchungdogia.com/wp-json/wp/v2/product_cat/23.json]
[banhchungdogia.com/wp-content/uploads/2020/01/BCC-300x300.jpg]
[banhchungdogia.com/san-pham/feed/index.html]
[banhchungdogia.com/wp-content/uploads/2022/01/82523124_1397904180372189_286145006320746496_n-300x300.jpg]
[banhchungdogia.com/wp-content/uploads/2020/01/z3117844675052_1f7f63bd514f18fea849b0779a818768-300x300.jpg]
[banhchungdogia.com/gio-hang/index.html]
[banhchungdogia.com/wp-content/uploads/2020/01/banh-chung-ngon-ha-noi-banhchungdogia-1-1-300x300.jpg]
[banhchungdogia.com/wp-content/uploads/2022/01/in-an-ngay-nhung-an-pham-khong-the-thieu-cho-doanh-nghiep-trong-dip-tet_1605242584-300x300.jpg]
[banhchungdogia.com/banh-chung-chay-do-gia/index.html]
[banhchungdogia.com/wp-content/uploads/2020/01/banh-chung-tet-do-thi-huong-vi-co-truyen-8-Copy-300x300.jpg]
[banhchungdogia.com/wp-content/uploads/2021/12/BCN2-300x300.jpg]
[banhchungdogia.com/banh-chung-dac-biet/index.html]
[banhchungdogia.com/banh-chung-ngon-ha-noi-2-2/index.html]
[banhchungdogia.com/wp-content/uploads/2022/01/banh-chung-ngot-tet-300x300.jpg]
[banhchungdogia.com/wp-content/uploads/2020/01/banh-chung-ngon-do-gia-9-300x300.jpg]
[banhchungdogia.com/banh-chung-tet-2024/index.html]
[banhchungdogia.com/wp-content/uploads/2022/01/gio-lua-ngon-ha-noi-dep-300x300.jpg]
[banhchungdogia.com/gio-tet-2023-loai-ngon-chuan-vi-ha-noi/index.html]
[banhchungdogia.com/wp-content/uploads/2022/01/255809143_255348463292980_8856302997978450848_n-300x300.jpg]
[banhchungdogia.com/wp-includes/js/underscore.minb37e.js]
[banhchungdogia.com/hop-qua-tet/index.html]
[banhchungdogia.com/wp-includes/js/wp-util.minf049.js]
[banhchungdogia.com/san-pham.html]
[banhchungdogia.com/wp-content/plugins/woocommerce/assets/js/frontend/add-to-cart-variation.minaf8e.js]
[banhchungdogia.com/wp-json/wp/v2/posts/638.json]
[banhchungdogia.com/khach-dat-hang-banh-chung-do-gia/feed/index.html]
[banhchungdogia.com/wp-json/oembed/1.0/embedab46.json]
[banhchungdogia.com/wp-json/oembed/1.0/embed8192]
[banhchungdogia.com/wp-content/uploads/2020/01/KHAO-SAT-Y-KIEN-KHACH-HANG-2.jpg]
[banhchungdogia.com/wp-content/uploads/2020/01/dat-banh-chung-tet-banh-chung-ngon-do-thi-56.jpg]
[banhchungdogia.com/wp-content/uploads/2020/01/dat-banh-chung-tet-banh-chung-ngon-do-thi-55.jpg]
[banhchungdogia.com/wp-content/uploads/2020/01/dat-banh-chung-tet-banh-chung-ngon-do-thi-1-1-846x1024.jpg]
[banhchungdogia.com/wp-content/uploads/2020/01/dat-banh-chung-tet-banh-chung-ngon-do-thi-2-1-670x1024.jpg]
[banhchungdogia.com/wp-content/uploads/2020/01/dat-banh-chung-tet-banh-chung-ngon-do-thi-3-1-473x1024.jpg]
[banhchungdogia.com/wp-content/uploads/2020/01/dat-banh-chung-tet-banh-chung-ngon-do-thi-5-1-587x1024.jpg]
[banhchungdogia.com/category/khach-hang/index.html]
[banhchungdogia.com/wp-content/uploads/2020/01/dat-banh-chung-tet-banh-chung-ngon-do-thi-7-1-771x1024.jpg]
[banhchungdogia.com/wp-content/uploads/2020/01/dat-banh-chung-tet-banh-chung-ngon-do-thi-9-1-561x1024.jpg]
[banhchungdogia.com/wp-content/uploads/2020/01/dat-banh-chung-tet-banh-chung-ngon-do-thi-15-1-765x1024.jpg]
[banhchungdogia.com/wp-content/uploads/2020/01/dat-banh-chung-tet-banh-chung-ngon-do-thi-16-1.jpg]
[banhchungdogia.com/wp-content/uploads/2020/01/dat-banh-chung-tet-banh-chung-ngon-do-thi-17-1.jpg]
[banhchungdogia.com/wp-content/uploads/2020/01/dat-banh-chung-tet-banh-chung-ngon-do-thi-18-1.jpg]
[banhchungdogia.com/wp-content/uploads/2020/01/dat-banh-chung-tet-banh-chung-ngon-do-thi-19-1.jpg]
[banhchungdogia.com/wp-content/uploads/2020/01/dat-banh-chung-tet-banh-chung-ngon-do-thi-21.jpg]
[banhchungdogia.com/wp-content/uploads/2020/01/dat-banh-chung-tet-banh-chung-ngon-do-thi-22-887x1024.jpg]
[banhchungdogia.com/wp-content/uploads/2020/01/dat-banh-chung-tet-banh-chung-ngon-do-thi-23-765x1024.jpg]
[banhchungdogia.com/wp-content/uploads/2020/01/dat-banh-chung-tet-banh-chung-ngon-do-thi-24.jpg]
[banhchungdogia.com/wp-content/uploads/2020/01/dat-banh-chung-tet-banh-chung-ngon-do-thi-25-444x1024.jpg]
[banhchungdogia.com/wp-content/uploads/2020/01/dat-banh-chung-tet-banh-chung-ngon-do-thi-29-806x1024.jpg]
[banhchungdogia.com/wp-content/uploads/2020/01/dat-banh-chung-tet-banh-chung-ngon-do-thi-31.jpg]
[banhchungdogia.com/wp-content/uploads/2020/01/dat-banh-chung-tet-banh-chung-ngon-do-thi-33-819x1024.jpg]
[banhchungdogia.com/wp-content/uploads/2020/01/dat-banh-chung-tet-banh-chung-ngon-do-thi-34.jpg]
[banhchungdogia.com/wp-content/uploads/2020/01/dat-banh-chung-tet-banh-chung-ngon-do-thi-36-624x1024.jpg]
[banhchungdogia.com/wp-content/uploads/2020/01/dat-banh-chung-tet-banh-chung-ngon-do-thi-40.jpg]
[banhchungdogia.com/wp-content/uploads/2020/01/dat-banh-chung-tet-banh-chung-ngon-do-thi-42.jpg]
[banhchungdogia.com/wp-content/uploads/2020/01/dat-banh-chung-tet-banh-chung-ngon-do-thi-43-787x1024.jpg]
[banhchungdogia.com/wp-content/uploads/2020/01/dat-banh-chung-tet-banh-chung-ngon-do-thi-44.jpg]
[banhchungdogia.com/wp-content/uploads/2020/01/dat-banh-chung-tet-banh-chung-ngon-do-thi-45-806x1024.jpg]
[banhchungdogia.com/wp-content/uploads/2020/01/dat-banh-chung-tet-banh-chung-ngon-do-thi-46.jpg]
[banhchungdogia.com/wp-content/uploads/2020/01/dat-banh-chung-tet-banh-chung-ngon-do-thi-48.jpg]
[banhchungdogia.com/wp-content/uploads/2020/01/dat-banh-chung-tet-banh-chung-ngon-do-thi-49.jpg]
[banhchungdogia.com/wp-content/uploads/2020/01/dat-banh-chung-tet-banh-chung-ngon-do-thi-50.jpg]
[banhchungdogia.com/wp-content/uploads/2020/01/dat-banh-chung-tet-banh-chung-ngon-do-thi-51-461x1024.jpg]
[banhchungdogia.com/wp-content/uploads/2020/01/dat-banh-chung-tet-banh-chung-ngon-do-thi-53-474x1024.jpg]
[banhchungdogia.com/wp-content/uploads/2020/01/khach-hang-dat-banh-chung-31-776x1024.jpg]
[banhchungdogia.com/wp-content/uploads/2020/01/z1706662094575_55751e2fc640fb6eed14775e6313dd93-568x1024.jpg]
[banhchungdogia.com/wp-content/uploads/2020/01/khach-hang-dat-banh-chung-30-575x1024.jpg]
[banhchungdogia.com/wp-content/uploads/2020/01/khach-hang-dat-banh-chung-28.jpg]
[banhchungdogia.com/wp-content/uploads/2020/01/khach-hang-dat-banh-chung-27-772x1024.jpg]
[banhchungdogia.com/wp-content/uploads/2020/01/khach-hang-dat-banh-chung-26-526x1024.jpg]
[banhchungdogia.com/wp-content/uploads/2020/01/khach-hang-dat-banh-chung-14-610x1024.jpg]
[banhchungdogia.com/wp-content/uploads/2020/01/khach-hang-dat-banh-chung-13-1-618x1024.jpg]
[banhchungdogia.com/wp-content/uploads/2020/01/khach-hang-dat-banh-chung-15-619x1024.jpg]
[banhchungdogia.com/wp-content/uploads/2020/01/khach-hang-dat-banh-chung-13-618x1024.jpg]
[banhchungdogia.com/wp-content/uploads/2020/01/khach-hang-dat-banh-chung-11.jpg]
[banhchungdogia.com/wp-content/uploads/2020/01/khach-hang-dat-banh-chung-10-576x1024.jpg]
[banhchungdogia.com/wp-content/uploads/2020/01/khach-hang-dat-banh-chung-9.jpg]
[banhchungdogia.com/wp-content/uploads/2020/01/khach-hang-dat-banh-chung-8.jpg]
[banhchungdogia.com/wp-content/uploads/2020/01/khach-hang-dat-banh-chung-7.jpg]
[banhchungdogia.com/wp-content/uploads/2020/01/khach-hang-dat-banh-chung-6.jpg]
[banhchungdogia.com/wp-content/uploads/2020/01/khach-hang-dat-banh-chung-5.jpg]
[banhchungdogia.com/wp-content/uploads/2020/01/khach-hang-dat-banh-chung-4.jpg]
[banhchungdogia.com/wp-content/uploads/2020/01/khach-hang-dat-banh-chung-3.jpg]
[banhchungdogia.com/wp-content/uploads/2020/01/khach-hang-dat-banh-chung-2.jpg]
[banhchungdogia.com/wp-content/uploads/2020/01/khach-hang-dat-banh-chung-1-485x1024.jpg]
[banhchungdogia.com/wp-content/uploads/2020/01/khach-hang-dat-banh-chung-16-606x1024.jpg]
[banhchungdogia.com/wp-content/uploads/2020/01/khach-hang-dat-banh-chung-12-623x1024.jpg]
[banhchungdogia.com/wp-content/uploads/2020/01/khach-hang-dat-banh-chung-23-712x1024.jpg]
[banhchungdogia.com/wp-content/uploads/2020/01/khach-hang-dat-banh-chung-22.jpg]
[banhchungdogia.com/wp-content/uploads/2020/01/khach-hang-dat-banh-chung-21-555x1024.jpg]
[banhchungdogia.com/wp-content/uploads/2020/01/khach-hang-dat-banh-chung-20-560x1024.jpg]
[banhchungdogia.com/wp-content/uploads/2020/01/khach-hang-dat-banh-chung-18-544x1024.jpg]
[banhchungdogia.com/wp-content/uploads/2020/01/khach-hang-dat-banh-chung-17-603x1024.jpg]
[banhchungdogia.com/khach-dat-hang-banh-chung-do-gia/index.html]
[banhchungdogia.com/wp-includes/js/comment-reply.minf049.js]
[banhchungdogia.com/tag/dat-banh-chung-do-gia/index.html]
[banhchungdogia.com/banh-chung-nep-nuong-la-rieng-dac-san-tay-bac-dac-san-dien-bien/index.html]
[banhchungdogia.com/tag/y-kien-khach-hang/index.html]
[banhchungdogia.com/hinh-anh-banh-chung-do-gia/index.html]
[banhchungdogia.com/category/hinh-anh/index.html]
[banhchungdogia.com/wp-json/wp/v2/posts/682.json]
[banhchungdogia.com/category/nhan-ai/index.html]
[banhchungdogia.com/category/tin-tuc/index.html]
[banhchungdogia.com/nhip-cau-nhan-ai/feed/index.html]
[banhchungdogia.com/wp-json/oembed/1.0/embed4106.json]
[banhchungdogia.com/wp-json/oembed/1.0/embed9c72]
[banhchungdogia.com/wp-content/uploads/2020/01/nhan-ai-do-hi-473x1024.jpg]
[banhchungdogia.com/wp-content/uploads/2020/01/nhan-ai-do-thi-2021-16-473x1024.jpg]
[banhchungdogia.com/wp-content/uploads/2020/01/nhan-ai-do-thi-2021-15.jpg]
[banhchungdogia.com/wp-content/uploads/2021/04/nhip-cau-nhan-ai-do-gia-682.jpg]
[banhchungdogia.com/wp-content/uploads/2021/04/nhip-cau-nhan-ai-do-gia-682-1.jpg]
[banhchungdogia.com/wp-content/uploads/2021/04/nhip-cau-nhan-ai-do-gia-682-2.jpg]
[banhchungdogia.com/wp-content/uploads/2021/04/nhip-cau-nhan-ai-do-gia-682-3.jpg]
[banhchungdogia.com/wp-content/uploads/2021/04/nhip-cau-nhan-ai-do-gia-682-4.jpg]
[banhchungdogia.com/wp-content/uploads/2021/04/nhip-cau-nhan-ai-do-gia-682-5.jpg]
[banhchungdogia.com/wp-content/uploads/2021/04/nhip-cau-nhan-ai-do-gia-682-6.jpg]
[banhchungdogia.com/wp-content/uploads/2021/04/nhip-cau-nhan-ai-do-gia-682-7.jpg]
[banhchungdogia.com/wp-content/uploads/2021/04/nhip-cau-nhan-ai-do-gia-682-8.jpg]
[banhchungdogia.com/wp-content/uploads/2021/04/nhip-cau-nhan-ai-do-gia-682-9.jpg]
[banhchungdogia.com/wp-content/uploads/2021/04/nhip-cau-nhan-ai-do-gia-682-10.jpg]
[banhchungdogia.com/wp-content/uploads/2021/04/nhip-cau-nhan-ai-do-gia-682-11.jpg]
[banhchungdogia.com/wp-content/uploads/2021/04/nhip-cau-nhan-ai-do-gia-682-12.jpg]
[banhchungdogia.com/wp-content/uploads/2020/01/Nhan-Ai-banhchungDoGia-9.jpg]
[banhchungdogia.com/wp-content/uploads/2020/01/Nhan-Ai-banhchungDoGia-11.jpg]
[banhchungdogia.com/wp-content/uploads/2020/01/z1758682313980_417f4774fa653a6f01ab4c71146cb39e.jpg]
[banhchungdogia.com/wp-content/uploads/2020/01/D41691EA-B6F0-414E-A297-557E0B7517DD-473x1024.png]
[banhchungdogia.com/wp-content/uploads/2020/01/Nhan-Ai-banhchungDoGia-6.jpg]
[banhchungdogia.com/wp-content/uploads/2020/01/Nhan-Ai-banhchungDoGia-8.jpg]
[banhchungdogia.com/wp-content/uploads/2020/01/Nhan-Ai-banhchungDoGia-7.jpg]
[banhchungdogia.com/nhip-cau-nhan-ai/index.html]
[banhchungdogia.com/tag/nhan-ai-dan-tri/index.html]
[banhchungdogia.com/tag/nhan-ai/index.html]
[banhchungdogia.com/wp-content/uploads/2021/04/bao-mat-thong-tin-do-gia-300x173.jpg]
[banhchungdogia.com/wp-content/uploads/2021/04/chinh-sach-doi-tra-hang-thuc-pham-300x210.jpg]
[banhchungdogia.com/category/chinh-sach/index.html]
[banhchungdogia.com/category/chinh-sach/feed/index.html]
[banhchungdogia.com/wp-json/wp/v2/posts/898.json]
[banhchungdogia.com/chinh-sach-bao-mat-thong-tin/feed/index.html]
[banhchungdogia.com/wp-json/oembed/1.0/embed2a79.json]
[banhchungdogia.com/wp-json/oembed/1.0/embed2518]
[banhchungdogia.com/chinh-sach-bao-mat-thong-tin/index.html]
[banhchungdogia.com/wp-content/uploads/2021/04/bao-mat-thong-tin-do-gia.jpg]
[banhchungdogia.com/tag/chinh-sach-bao-mat-thong-tin/index.html]
[banhchungdogia.com/wp-json/wp/v2/posts/895.json]
[banhchungdogia.com/chinh-sach-doi-tra-hang/feed/index.html]
[banhchungdogia.com/wp-json/oembed/1.0/embedc28b.json]
[banhchungdogia.com/wp-json/oembed/1.0/embed32a5]
[banhchungdogia.com/wp-content/uploads/2021/04/chinh-sach-doi-tra-hang-thuc-pham.jpg]
[banhchungdogia.com/chinh-sach-doi-tra-hang/index.html]
[banhchungdogia.com/wp-json/wp/v2/pages/6.json]
[banhchungdogia.com/wp-json/oembed/1.0/embedab4c.json]
[banhchungdogia.com/lien-he/index.html]
[banhchungdogia.com/index6fdd.html]
[banhchungdogia.com/wp-json/oembed/1.0/embed0337]
[banhchungdogia.com/wp-content/plugins/woocommerce/assets/css/photoswipe/photoswipe.minaf8e.css]
[banhchungdogia.com/wp-content/plugins/woocommerce/assets/css/photoswipe/default-skin/default-skin.minaf8e.css]
[banhchungdogia.com/banh-chung-ngon-ha-noi/feed/index.html]
[banhchungdogia.com/wp-json/wp/v2/product/1000.json]
[banhchungdogia.com/wp-json/oembed/1.0/embed4900.json]
[banhchungdogia.com/wp-json/oembed/1.0/embed09a4]
[banhchungdogia.com/wp-content/uploads/2020/01/banh-chung-ngon-ha-noi-banhchungdogia-1-1.jpg]
[banhchungdogia.com/wp-content/uploads/2020/01/banh-chung-ngon-ha-noi-banhchungdogia-1-1-600x593.jpg]
[banhchungdogia.com/wp-content/uploads/2022/01/in-an-ngay-nhung-an-pham-khong-the-thieu-cho-doanh-nghiep-trong-dip-tet_1605242584.jpg]
[banhchungdogia.com/wp-content/uploads/2022/01/in-an-ngay-nhung-an-pham-khong-the-thieu-cho-doanh-nghiep-trong-dip-tet_1605242584-600x399.jpg]
[banhchungdogia.com/wp-content/uploads/2022/01/82523124_1397904180372189_286145006320746496_n-600x900.jpg]
[banhchungdogia.com/wp-content/uploads/2020/01/z3117839643857_c1b53dc7ca27d0b85f8c22652e54dec6.jpg]
[banhchungdogia.com/wp-content/uploads/2020/01/z3117839643857_c1b53dc7ca27d0b85f8c22652e54dec6-600x725.jpg]
[banhchungdogia.com/wp-content/uploads/2020/01/z3117839641487_ee386398aef4a6fda8008ba5e977e338.jpg]
[banhchungdogia.com/wp-content/uploads/2020/01/z3117839641487_ee386398aef4a6fda8008ba5e977e338-600x1186.jpg]
[banhchungdogia.com/wp-content/uploads/2020/01/z3117839639901_71a57f955946958d04b3b78b7e6a9ba6.jpg]
[banhchungdogia.com/wp-content/uploads/2020/01/z3117839639901_71a57f955946958d04b3b78b7e6a9ba6-600x549.jpg]
[banhchungdogia.com/wp-content/uploads/2020/01/z3117839639772_4b26613cd308b87f4b0a96e6aca114fc.jpg]
[banhchungdogia.com/wp-content/uploads/2020/01/z3117839639772_4b26613cd308b87f4b0a96e6aca114fc-600x954.jpg]
[banhchungdogia.com/wp-content/uploads/2020/01/z3117839638198_3cbeb9ed7ae12ffe2419162e656a5cfe.jpg]
[banhchungdogia.com/wp-content/uploads/2020/01/z3117839638198_3cbeb9ed7ae12ffe2419162e656a5cfe-600x766.jpg]
[banhchungdogia.com/wp-content/uploads/2020/01/z3117839637132_4b1cd61eac994f150a068d4ad46667d3.jpg]
[banhchungdogia.com/wp-content/uploads/2020/01/z3117839637132_4b1cd61eac994f150a068d4ad46667d3-600x752.jpg]
[banhchungdogia.com/wp-content/uploads/2020/01/z3117839643857_c1b53dc7ca27d0b85f8c22652e54dec6-300x300.jpg]
[banhchungdogia.com/wp-content/uploads/2020/01/z3117839641487_ee386398aef4a6fda8008ba5e977e338-300x300.jpg]
[banhchungdogia.com/wp-content/uploads/2020/01/z3117839639901_71a57f955946958d04b3b78b7e6a9ba6-300x300.jpg]
[banhchungdogia.com/wp-content/uploads/2020/01/z3117839639772_4b26613cd308b87f4b0a96e6aca114fc-300x300.jpg]
[banhchungdogia.com/wp-content/uploads/2020/01/z3117839638198_3cbeb9ed7ae12ffe2419162e656a5cfe-300x300.jpg]
[banhchungdogia.com/wp-content/uploads/2020/01/z3117839637132_4b1cd61eac994f150a068d4ad46667d3-300x300.jpg]
[banhchungdogia.com/wp-content/uploads/2020/01/banh-chung-tet-do-thi-huong-vi-co-truyen-8-Copy-100x100.jpg]
[banhchungdogia.com/wp-content/uploads/2022/01/82523124_1397904180372189_286145006320746496_n-100x100.jpg]
[banhchungdogia.com/wp-content/uploads/2022/01/82523124_1397904180372189_286145006320746496_n-683x1024.jpg]
[banhchungdogia.com/san-pham/banh-chung-man/index.html]
[banhchungdogia.com/wp-content/uploads/2020/01/in-an-ngay-nhung-an-pham-khong-the-thieu-cho-doanh-nghiep-trong-dip-tet_1605242584.jpg]
[banhchungdogia.com/wp-content/uploads/2020/01/hinh-anh-banh-chung-tet-banhchungdogia-6-1024x847.jpg]
[banhchungdogia.com/tu-khoa/banh-chung-ngon/index.html]
[banhchungdogia.com/wp-content/uploads/2020/01/banh-chung-tet-canh-ty-2020-524.jpg]
[banhchungdogia.com/wp-content/uploads/2020/01/banh-chung-ngon-do-gia-9-923x1024.jpg]
[banhchungdogia.com/tu-khoa/banh-chung-ngon-ha-noi/index.html]
[banhchungdogia.com/wp-content/uploads/2020/01/banh-chung-tet-do-thi-huong-vi-co-truyen-8-Copy.jpg]
[banhchungdogia.com/wp-content/uploads/2022/01/144652266_1722752731220664_6556387246622188840_n-951x1024.jpg]
[banhchungdogia.com/wp-content/uploads/2020/01/z3117844675052_1f7f63bd514f18fea849b0779a818768-651x1024.jpg]
[banhchungdogia.com/tu-khoa/banh-chung-tet-2023/index.html]
[banhchungdogia.com/wp-content/uploads/2020/01/z3117839634057_2367d1bf29ba7a46daa411bafb31a20c-972x1024.jpg]
[banhchungdogia.com/wp-content/uploads/2020/01/z3117839639772_4b26613cd308b87f4b0a96e6aca114fc-644x1024.jpg]
[banhchungdogia.com/wp-content/uploads/2020/01/z3117839637132_4b1cd61eac994f150a068d4ad46667d3-817x1024.jpg]
[banhchungdogia.com/wp-content/uploads/2020/01/dat-banh-chung-tet-banh-chung-ngon-do-thi-7-771x1024.jpg]
[banhchungdogia.com/chua-phan-loai/index.html]
[banhchungdogia.com/wp-content/uploads/2020/01/dat-banh-chung-tet-banh-chung-ngon-do-thi-15-765x1024.jpg]
[banhchungdogia.com/wp-content/uploads/2020/01/dat-banh-chung-tet-banh-chung-ngon-do-thi-18.jpg]
[banhchungdogia.com/gio-tet-2023/index.html]
[banhchungdogia.com/wp-content/plugins/woocommerce/assets/js/photoswipe/photoswipe.min45b8.js]
[banhchungdogia.com/wp-content/plugins/woocommerce/assets/js/photoswipe/photoswipe-ui-default.min45b8.js]
[banhchungdogia.com/wp-content/plugins/woocommerce/assets/js/frontend/single-product.minaf8e.js]
[banhchungdogia.com/banh-chung-ngon-ha-noi/index.html]
[banhchungdogia.com/san-pham/banh-chung-chay/index.html]
[banhchungdogia.com/san-pham/banh-chung-ngot/index.html]
[banhchungdogia.com/san-pham/banh-chung-tet-2023/index.html]
[banhchungdogia.com/banh-chung-tet-canh-ty-2020/index.html]
[banhchungdogia.com/san-pham/gio-tet-ngon/index.html]
[banhchungdogia.com/banh-chung-ngot-truyen-thong/index9391.html]
[banhchungdogia.com/banh-chung-chay-do-gia/index9391.html]
[banhchungdogia.com/wp-json/wp/v2/product/716.json]
[banhchungdogia.com/banh-chung-ngot-truyen-thong/feed/index.html]
[banhchungdogia.com/wp-json/oembed/1.0/embedb6a1.json]
[banhchungdogia.com/wp-json/oembed/1.0/embedd2be]
[banhchungdogia.com/wp-content/uploads/2021/12/BCN2.jpg]
[banhchungdogia.com/wp-content/uploads/2021/12/BCN2-600x600.jpg]
[banhchungdogia.com/wp-content/uploads/2022/01/144652266_1722752731220664_6556387246622188840_n-600x646.jpg]
[banhchungdogia.com/wp-content/uploads/2020/01/z3117844675052_1f7f63bd514f18fea849b0779a818768.jpg]
[banhchungdogia.com/wp-content/uploads/2020/01/z3117844675052_1f7f63bd514f18fea849b0779a818768-600x944.jpg]
[banhchungdogia.com/wp-content/uploads/2020/01/z3117839634057_2367d1bf29ba7a46daa411bafb31a20c.jpg]
[banhchungdogia.com/wp-content/uploads/2020/01/z3117839634057_2367d1bf29ba7a46daa411bafb31a20c-600x632.jpg]
[banhchungdogia.com/wp-content/uploads/2022/01/144652266_1722752731220664_6556387246622188840_n-300x300.jpg]
[banhchungdogia.com/wp-content/uploads/2020/01/z3117839634057_2367d1bf29ba7a46daa411bafb31a20c-300x300.jpg]
[banhchungdogia.com/wp-content/uploads/2022/01/mam-com-tet-co-truyen-7.jpg]
[banhchungdogia.com/tu-khoa/banh-chung-do-gia/index.html]
[banhchungdogia.com/wp-content/uploads/2020/01/z3117839643857_c1b53dc7ca27d0b85f8c22652e54dec6-848x1024.jpg]
[banhchungdogia.com/wp-content/uploads/2020/01/z3117839641487_ee386398aef4a6fda8008ba5e977e338-518x1024.jpg]
[banhchungdogia.com/tu-khoa/banh-chung-ngot/index.html]
[banhchungdogia.com/wp-content/uploads/2020/01/z3117839639901_71a57f955946958d04b3b78b7e6a9ba6-1024x938.jpg]
[banhchungdogia.com/wp-content/uploads/2020/01/khach-hang-dat-banh-chung-31-1-608x1024.jpg]
[banhchungdogia.com/banh-chung-ngot-truyen-thong/index.html]
[banhchungdogia.com/banh-chung-ngot-truyen-thong.html]
[banhchungdogia.com/tu-khoa/dat-banh-chung-tet/index.html]
[banhchungdogia.com/dat-banh-chung/index.html]
[banhchungdogia.com/wp-json/wp/v2/pages/50.json]
[banhchungdogia.com/wp-json/oembed/1.0/embedeb59.json]
[banhchungdogia.com/dat-banh-chung.html]
[banhchungdogia.com/wp-json/oembed/1.0/embedc70a]
[banhchungdogia.com/wp-content/plugins/contact-form-7/includes/css/styles5697.css]
[banhchungdogia.com/wp-includes/css/dashicons.minf049.css]
[maxcdn.bootstrapcdn.com/font-awesome/4.7.0/css/font-awesome.minf049.css]
[banhchungdogia.com/wp-content/themes/flatsome/assets/css/flatsome9dd7.css]
[banhchungdogia.com/wp-content/themes/flatsome/assets/css/flatsome-shop9dd7.css]
[www.google.com/recaptcha/api.js]
[www.googleoptimize.com/optimizefbaf.js]
[banhchungdogia.com/wp-content/plugins/contact-form-7/includes/js/index5697.js]
[banhchungdogia.com/wp-content/themes/flatsome/assets/js/flatsome7b00.js]
[banhchungdogia.com/wp-content/themes/flatsome/inc/integrations/wp-rocket/flatsome-wp-rocket592e.js]
[banhchungdogia.com/wp-content/plugins/wpcf7-recaptcha/assets/js/wpcf7-recaptcha-controls62ea.js]
[www.google.com/recaptcha/apibb94.js]
[banhchungdogia.com/banh-chung-ngon-ha-noi/index9391.html]
[banhchungdogia.com/wp-content/themes/flatsome/assets/js/woocommerceca05.js]
[banhchungdogia.com/wp-content/plugins/woocommerce/assets/css/select2af8e.css]
[banhchungdogia.com/wp-includes/js/zxcvbn-async.min5152.js]
[banhchungdogia.com/tai-khoan/index.html]
[banhchungdogia.com/wp-json/wp/v2/pages/426.json]
[banhchungdogia.com/wp-json/oembed/1.0/embedec19.json]
[banhchungdogia.com/wp-json/oembed/1.0/embedcb55]
[banhchungdogia.com/wp-content/plugins/woocommerce/assets/js/selectWoo/selectWoo.full.min62a3.js]
[banhchungdogia.com/wp-includes/js/dist/hooks.mincbb5.js]
[banhchungdogia.com/wp-includes/js/dist/i18n.min771a.js]
[banhchungdogia.com/wp-admin/js/password-strength-meter.minf049.js]
[banhchungdogia.com/wp-content/plugins/woocommerce/assets/js/frontend/password-strength-meter.minaf8e.js]
[banhchungdogia.com/wp-content/plugins/woocommerce/assets/js/frontend/lost-password.minaf8e.js]
[banhchungdogia.com/tai-khoan/lost-password/index.html]
[banhchungdogia.com/index64b4.html]
[banhchungdogia.com/san-pham/index.html]
[banhchungdogia.com/gio-hang/index.html]
[banhchungdogia.com/banh-chung-chay-do-gia/feed/index.html]
[banhchungdogia.com/wp-json/wp/v2/product/617.json]
[banhchungdogia.com/wp-json/oembed/1.0/embedcba1.json]
[banhchungdogia.com/wp-json/oembed/1.0/embed28a3]
[banhchungdogia.com/wp-content/uploads/2020/01/BCC.jpg]
[banhchungdogia.com/wp-content/uploads/2020/01/BCC-600x600.jpg]
[banhchungdogia.com/wp-content/uploads/2020/01/dat-banh-chung-tet-banh-chung-ngon-do-thi-18-600x674.jpg]
[banhchungdogia.com/wp-content/uploads/2020/01/dat-banh-chung-tet-banh-chung-ngon-do-thi-17.jpg]
[banhchungdogia.com/wp-content/uploads/2020/01/dat-banh-chung-tet-banh-chung-ngon-do-thi-17-600x523.jpg]
[banhchungdogia.com/wp-content/uploads/2020/01/dat-banh-chung-tet-banh-chung-ngon-do-thi-16.jpg]
[banhchungdogia.com/wp-content/uploads/2020/01/dat-banh-chung-tet-banh-chung-ngon-do-thi-16-600x512.jpg]
[banhchungdogia.com/wp-content/uploads/2020/01/dat-banh-chung-tet-banh-chung-ngon-do-thi-15.jpg]
[banhchungdogia.com/wp-content/uploads/2020/01/dat-banh-chung-tet-banh-chung-ngon-do-thi-15-600x803.jpg]
[banhchungdogia.com/wp-content/uploads/2020/01/dat-banh-chung-tet-banh-chung-ngon-do-thi-9.jpg]
[banhchungdogia.com/wp-content/uploads/2020/01/dat-banh-chung-tet-banh-chung-ngon-do-thi-9-600x1096.jpg]
[banhchungdogia.com/wp-content/uploads/2020/01/banh-chung-tet-do-thi-huong-vi-co-truyen-6-Copy-scaled.jpg]
[banhchungdogia.com/wp-content/uploads/2020/01/banh-chung-tet-do-thi-huong-vi-co-truyen-6-Copy-600x404.jpg]
[banhchungdogia.com/wp-content/uploads/2020/01/dat-banh-chung-tet-banh-chung-ngon-do-thi-17-300x300.jpg]
[banhchungdogia.com/wp-content/uploads/2020/01/dat-banh-chung-tet-banh-chung-ngon-do-thi-16-300x300.jpg]
[banhchungdogia.com/wp-content/uploads/2020/01/dat-banh-chung-tet-banh-chung-ngon-do-thi-15-300x300.jpg]
[banhchungdogia.com/wp-content/uploads/2020/01/dat-banh-chung-tet-banh-chung-ngon-do-thi-9-300x300.jpg]
[banhchungdogia.com/wp-content/uploads/2020/01/banh-chung-tet-do-thi-huong-vi-co-truyen-6-Copy-300x300.jpg]
[banhchungdogia.com/wp-content/uploads/2020/01/banh-chung-chay-ngot-do-gia-1-1024x677.jpg]
[banhchungdogia.com/banh-chung-ngon-ha-noi.html]
[banhchungdogia.com/wp-content/uploads/2020/01/luoc-banh-chung-bang-cui-12-tieng-banhchungdogia.jpg]
[banhchungdogia.com/banh-chung-chay-do-gia/index.html]
[banhchungdogia.com/wp-content/uploads/2020/01/dat-banh-chung-tet-banh-chung-ngon-do-thi-18-300x300.jpg]
[banhchungdogia.com/tu-khoa/banh-chung-chay/index.html]
[banhchungdogia.com/banh-chung-dac-biet/feed/index.html]
[banhchungdogia.com/wp-json/wp/v2/product/757.json]
[banhchungdogia.com/wp-json/oembed/1.0/embedddba.json]
[banhchungdogia.com/wp-json/oembed/1.0/embed071d]
[banhchungdogia.com/wp-content/uploads/2020/01/z3117839632504_29907c23561d504902080778bc940dfc.jpg]
[banhchungdogia.com/wp-content/uploads/2020/01/z3117839632504_29907c23561d504902080778bc940dfc-600x1055.jpg]
[banhchungdogia.com/wp-content/uploads/2020/01/z3117839631460_660fb56e93968f5d334b158e5b30b175.jpg]
[banhchungdogia.com/wp-content/uploads/2020/01/z3117839631460_660fb56e93968f5d334b158e5b30b175-600x789.jpg]
[banhchungdogia.com/wp-content/uploads/2020/01/z3117839632504_29907c23561d504902080778bc940dfc-300x300.jpg]
[banhchungdogia.com/wp-content/uploads/2020/01/z3117839631460_660fb56e93968f5d334b158e5b30b175-300x300.jpg]
[banhchungdogia.com/wp-content/uploads/2020/01/banh-chung-ngon-ha-noi-banhchungdogia-1-1-100x100.jpg]
[banhchungdogia.com/wp-content/uploads/2021/12/BCM3.jpg]
[banhchungdogia.com/wp-content/uploads/2022/01/255809143_255348463292980_8856302997978450848_n-720x1024.jpg]
[banhchungdogia.com/tu-khoa/banh-chung-goi-la-xanh/index.html]
[banhchungdogia.com/wp-content/uploads/2020/01/z3117839638198_3cbeb9ed7ae12ffe2419162e656a5cfe-803x1024.jpg]
[banhchungdogia.com/wp-content/uploads/2020/12/dat-banh-chung-tet-banh-chung-ngon-do-thi-55.jpg]
[banhchungdogia.com/tu-khoa/banh-chung-ha-noi/index.html]
[banhchungdogia.com/wp-content/uploads/2020/12/dat-banh-chung-tet-banh-chung-ngon-do-thi-54.jpg]
[banhchungdogia.com/banh-chung-dac-biet/index.html]
[banhchungdogia.com/wp-json/wp/v2/product/705.json]
[banhchungdogia.com/banh-chung-ngon-ha-noi-2-2/feed/index.html]
[banhchungdogia.com/wp-json/oembed/1.0/embed3f1b.json]
[banhchungdogia.com/wp-json/oembed/1.0/embed7e83]
[banhchungdogia.com/wp-content/uploads/2020/01/banh-chung-tet-do-thi-huong-vi-co-truyen-8-Copy-600x447.jpg]
[banhchungdogia.com/banh-chung-ngon-ha-noi-2-2/index.html]
[banhchungdogia.com/wp-json/wp/v2/product/524.json]
[banhchungdogia.com/banh-chung-tet-2024/feed/index.html]
[banhchungdogia.com/wp-json/oembed/1.0/embede7e2.json]
[banhchungdogia.com/wp-json/oembed/1.0/embedd2b9]
[banhchungdogia.com/wp-content/uploads/2022/01/banh-chung-ngot-tet.jpg]
[banhchungdogia.com/wp-content/uploads/2022/01/banh-chung-ngot-tet-600x773.jpg]
[banhchungdogia.com/wp-content/uploads/2020/01/banh-chung-ngon-do-gia-9.jpg]
[banhchungdogia.com/wp-content/uploads/2020/01/banh-chung-ngon-do-gia-9-600x666.jpg]
[banhchungdogia.com/wp-content/uploads/2020/01/banh-chung-ngon-do-gia-6.jpg]
[banhchungdogia.com/wp-content/uploads/2020/01/banh-chung-ngon-do-gia-6-600x653.jpg]
[banhchungdogia.com/wp-content/uploads/2020/01/dat-banh-chung-tet-banh-chung-ngon-do-thi-25.jpg]
[banhchungdogia.com/wp-content/uploads/2020/01/dat-banh-chung-tet-banh-chung-ngon-do-thi-25-600x1382.jpg]
[banhchungdogia.com/wp-content/uploads/2020/01/dat-banh-chung-tet-banh-chung-ngon-do-thi-23.jpg]
[banhchungdogia.com/wp-content/uploads/2020/01/dat-banh-chung-tet-banh-chung-ngon-do-thi-23-600x803.jpg]
[banhchungdogia.com/wp-content/uploads/2020/01/dat-banh-chung-tet-banh-chung-ngon-do-thi-22.jpg]
[banhchungdogia.com/wp-content/uploads/2020/01/dat-banh-chung-tet-banh-chung-ngon-do-thi-22-600x693.jpg]
[banhchungdogia.com/wp-content/uploads/2020/01/dat-banh-chung-tet-banh-chung-ngon-do-thi-21-600x659.jpg]
[banhchungdogia.com/wp-content/uploads/2020/01/dat-banh-chung-tet-banh-chung-ngon-do-thi-19-1-600x660.jpg]
[banhchungdogia.com/wp-content/uploads/2020/01/dat-banh-chung-tet-banh-chung-ngon-do-thi-18-1-600x674.jpg]
[banhchungdogia.com/wp-content/uploads/2020/01/banh-chung-ngon-do-gia-6-300x300.jpg]
[banhchungdogia.com/wp-content/uploads/2020/01/dat-banh-chung-tet-banh-chung-ngon-do-thi-25-300x300.jpg]
[banhchungdogia.com/wp-content/uploads/2020/01/dat-banh-chung-tet-banh-chung-ngon-do-thi-56-300x300.jpg]
[banhchungdogia.com/wp-content/uploads/2020/01/dat-banh-chung-tet-banh-chung-ngon-do-thi-55-300x300.jpg]
[banhchungdogia.com/wp-content/uploads/2020/01/dat-banh-chung-tet-banh-chung-ngon-do-thi-23-300x300.jpg]
[banhchungdogia.com/wp-content/uploads/2020/01/dat-banh-chung-tet-banh-chung-ngon-do-thi-22-300x300.jpg]
[banhchungdogia.com/wp-content/uploads/2020/01/dat-banh-chung-tet-banh-chung-ngon-do-thi-21-300x300.jpg]
[banhchungdogia.com/wp-content/uploads/2020/01/dat-banh-chung-tet-banh-chung-ngon-do-thi-19-1-300x300.jpg]
[banhchungdogia.com/wp-content/uploads/2020/01/dat-banh-chung-tet-banh-chung-ngon-do-thi-18-1-300x300.jpg]
[banhchungdogia.com/wp-content/uploads/2022/01/in-an-ngay-nhung-an-pham-khong-the-thieu-cho-doanh-nghiep-trong-dip-tet_1605242584-100x100.jpg]
[banhchungdogia.com/tu-khoa/banh-chung-tet/index.html]
[banhchungdogia.com/banh-chung-chay-do-gia.html]
[banhchungdogia.com/wp-content/uploads/2022/01/banh-chung-ngot-tet-795x1024.jpg]
[banhchungdogia.com/wp-content/uploads/2020/01/z3117839631460_660fb56e93968f5d334b158e5b30b175-779x1024.jpg]
[banhchungdogia.com/wp-content/uploads/2020/01/z3117839632504_29907c23561d504902080778bc940dfc-583x1024.jpg]
[banhchungdogia.com/banh-chung-tet-2024/index.html]
[banhchungdogia.com/wp-json/wp/v2/product/971.json]
[banhchungdogia.com/gio-tet-2023-loai-ngon-chuan-vi-ha-noi/feed/index.html]
[banhchungdogia.com/wp-json/oembed/1.0/embed78dc.json]
[banhchungdogia.com/wp-json/oembed/1.0/embed0c82]
[banhchungdogia.com/wp-content/uploads/2022/01/gio-lua-tet-1.jpg]
[banhchungdogia.com/wp-content/uploads/2022/01/nguyen-lieu-lam-gio-lua-tai-nha.png]
[banhchungdogia.com/gio-tet-2023-loai-ngon-chuan-vi-ha-noi/index.html]
[banhchungdogia.com/tu-khoa/gio-lua/index.html]
[banhchungdogia.com/tu-khoa/gio-ngon-tet/index.html]
[banhchungdogia.com/wp-json/wp/v2/product/934.json]
[banhchungdogia.com/tu-khoa/gio-tet-2023/index.html]
[banhchungdogia.com/hop-qua-tet/feed/index.html]
[banhchungdogia.com/wp-json/oembed/1.0/embedf936.json]
[banhchungdogia.com/wp-json/oembed/1.0/embeddc2c]
[banhchungdogia.com/wp-content/uploads/2022/01/255809143_255348463292980_8856302997978450848_n-600x853.jpg]
[banhchungdogia.com/wp-content/uploads/2022/01/banh-chung-ngot-tet-100x100.jpg]
[banhchungdogia.com/hop-qua-tet/index.html]
[banhchungdogia.com/indexc9fb.html]
[banhchungdogia.com/tu-khoa/qua-tet-2022/index.html]
[banhchungdogia.com/tu-khoa/set-banh-chung-hop-qua-tet/index.html]
[banhchungdogia.com/wp-json/wp/v2/categories/31.json]
[banhchungdogia.com/category/khach-hang/feed/index.html]
[banhchungdogia.com/wp-content/uploads/2020/01/KHAO-SAT-Y-KIEN-KHACH-HANG-2-300x273.jpg]
[banhchungdogia.com/category/khach-hang/index.html]
[banhchungdogia.com/author/admin/index.html]
[banhchungdogia.com/wp-content/uploads/2020/01/z1706662094575_55751e2fc640fb6eed14775e6313dd93-568x1024.html]
[banhchungdogia.com/tag/dat-banh-chung-do-gia/feed/index.html]
[banhchungdogia.com/wp-json/wp/v2/tags/34.json]
[banhchungdogia.com/tag/dat-banh-chung-do-gia/index.html]
[banhchungdogia.com/tag/phan-hoi-banh-chung-do-gia/index.html]
[banhchungdogia.com/tag/y-kien-khach-hang/feed/index.html]
[banhchungdogia.com/wp-json/wp/v2/tags/32.json]
[banhchungdogia.com/tag/y-kien-khach-hang/index.html]
[banhchungdogia.com/wp-json/wp/v2/posts/548.json]
[banhchungdogia.com/banh-chung-nep-nuong-la-rieng-dac-san-tay-bac-dac-san-dien-bien/feed/index.html]
[banhchungdogia.com/wp-json/oembed/1.0/embed93c3.json]
[banhchungdogia.com/wp-json/oembed/1.0/embed5fa9]
[banhchungdogia.com/wp-content/uploads/2020/01/banh-chung-nep-nuong-la-rieng-dac-san-dien-bien-banhchungdogia-com-1.jpg]
[banhchungdogia.com/banh-chung-nep-nuong-la-rieng-dac-san-tay-bac-dac-san-dien-bien/index.html]
[banhchungdogia.com/tag/banh-chung-la-rieng/index.html]
[banhchungdogia.com/tag/banh-chung-nep-nuong/index.html]
[banhchungdogia.com/tag/banh-chung-ha-noi/index.html]
[banhchungdogia.com/wp-json/wp/v2/posts/686.json]
[banhchungdogia.com/hinh-anh-banh-chung-do-gia/feed/index.html]
[banhchungdogia.com/wp-json/oembed/1.0/embed0200.json]
[banhchungdogia.com/wp-json/oembed/1.0/embed6434]
[banhchungdogia.com/wp-content/uploads/2020/01/banh-chung-do-gia-hinh-anh-5-826x1024.jpg]
[banhchungdogia.com/wp-content/uploads/2020/01/banh-chung-do-gia-hinh-anh-12-797x1024.jpg]
[banhchungdogia.com/wp-content/uploads/2020/01/banh-chung-do-gia-hinh-anh-8-1024x873.jpg]
[banhchungdogia.com/wp-content/uploads/2020/01/banh-chung.jpg]
[banhchungdogia.com/wp-content/uploads/2020/01/banh-chung-tet-do-thi-huong-vi-co-truyen-6-Copy-1-1024x1024.jpg]
[banhchungdogia.com/hinh-anh-banh-chung-do-gia/index.html]
[banhchungdogia.com/tag/banh-chung-do-gia/index.html]
[banhchungdogia.com/tag/banh-chung-ngon/index.html]
[banhchungdogia.com/wp-json/wp/v2/categories/36.json]
[banhchungdogia.com/wp-content/uploads/2020/01/banh-chung-do-gia-hinh-anh-5-242x300.jpg]
[banhchungdogia.com/category/hinh-anh/index.html]
[banhchungdogia.com/category/hinh-anh/feed/index.html]
[banhchungdogia.com/wp-json/wp/v2/categories/35.json]
[banhchungdogia.com/category/nhan-ai/index.html]
[banhchungdogia.com/category/nhan-ai/feed/index.html]
[banhchungdogia.com/category/tin-tuc/feed/index.html]
[banhchungdogia.com/wp-json/wp/v2/categories/1.json]
[banhchungdogia.com/category/tin-tuc/index.html]
[banhchungdogia.com/index31fc.html]
[banhchungdogia.com/wp-content/uploads/2020/01/Nhan-Ai-banhchungDoGia-9.html]
[banhchungdogia.com/wp-content/uploads/2020/01/Nhan-Ai-banhchungDoGia-11.html]
[banhchungdogia.com/wp-content/uploads/2020/01/z1758682313980_417f4774fa653a6f01ab4c71146cb39e.html]
[banhchungdogia.com/wp-content/uploads/2020/01/Nhan-Ai-banhchungDoGia-6.html]
[banhchungdogia.com/wp-content/uploads/2020/01/Nhan-Ai-banhchungDoGia-8.html]
[banhchungdogia.com/wp-content/uploads/2020/01/Nhan-Ai-banhchungDoGia-7.html]
[banhchungdogia.com/wp-content/uploads/2020/01/banh-chung-nep-nuong-la-rieng-dac-san-dien-bien-banhchungdogia-com-1-300x193.jpg]
[banhchungdogia.com/tag/nhan-ai/feed/index.html]
[banhchungdogia.com/wp-json/wp/v2/tags/37.json]
[banhchungdogia.com/tag/nhan-ai/index.html]
[banhchungdogia.com/wp-json/wp/v2/tags/39.json]
[banhchungdogia.com/tag/nhan-ai-dan-tri/index.html]
[banhchungdogia.com/indexd255.html]
[banhchungdogia.com/tag/nhan-ai-dan-tri/feed/index.html]
[banhchungdogia.com/tag/nhip-cau-nhan-ai/index.html]
[banhchungdogia.com/wp-json/wp/v2/tags/51.json]
[banhchungdogia.com/tag/chinh-sach-bao-mat-thong-tin/index.html]
[banhchungdogia.com/index12e9.html]
[banhchungdogia.com/index42dc.html]
[banhchungdogia.com/banh-chung-ngon-ha-noi/feed/index.html]
[banhchungdogia.com/tag/chinh-sach-bao-mat-thong-tin/feed/index.html]
[banhchungdogia.com/wp-content/plugins/woocommerce/assets/css/photoswipe/default-skin/default-skin.png]
[banhchungdogia.com/wp-content/plugins/woocommerce/assets/css/photoswipe/photoswipe.minaf8e.css]
[banhchungdogia.com/wp-json/wp/v2/categories/50]
[banhchungdogia.com/wp-content/plugins/woocommerce/assets/css/photoswipe/default-skin/default-skin.svg]
[banhchungdogia.com/wp-content/plugins/woocommerce/assets/css/photoswipe/default-skin/default-skin.minaf8e.css]
[banhchungdogia.com/wp-content/plugins/woocommerce/assets/css/photoswipe/default-skin/preloader.gif]
[banhchungdogia.com/indexbb97.html]
[banhchungdogia.com/san-pham/banh-chung-man/feed/index.html]
[banhchungdogia.com/wp-json/wp/v2/product_cat/19.json]
[banhchungdogia.com/san-pham/banh-chung-man/index.html]
[banhchungdogia.com/wp-json/wp/v2/product_tag/45.json]
[banhchungdogia.com/tu-khoa/banh-chung-ngon/index.html]
[banhchungdogia.com/tu-khoa/banh-chung-ngon/feed/index.html]
[banhchungdogia.com/wp-json/wp/v2/product_tag/49.json]
[banhchungdogia.com/tu-khoa/banh-chung-ngon-ha-noi/index.html]
[banhchungdogia.com/tu-khoa/banh-chung-ngon-ha-noi/feed/index.html]
[banhchungdogia.com/tu-khoa/banh-chung-tet-2023/feed/index.html]
[banhchungdogia.com/wp-json/wp/v2/product_tag/60.json]
[banhchungdogia.com/tu-khoa/banh-chung-tet-2023/index.html]
[banhchungdogia.com/chua-phan-loai/feed/index.html]
[banhchungdogia.com/wp-json/wp/v2/product_cat/16.json]
[banhchungdogia.com/chua-phan-loai/index.html]
[banhchungdogia.com/gio-tet-2023/feed/index.html]
[banhchungdogia.com/wp-json/wp/v2/product_cat/54.json]
[banhchungdogia.com/gio-tet-2023/index.html]
[banhchungdogia.com/san-pham/banh-chung-chay/feed/index.html]
[banhchungdogia.com/wp-json/wp/v2/product_cat/30.json]
[banhchungdogia.com/san-pham/banh-chung-chay/index.html]
[banhchungdogia.com/wp-json/wp/v2/product_cat/18.json]
[banhchungdogia.com/san-pham/banh-chung-ngot/index.html]
[banhchungdogia.com/san-pham/banh-chung-ngot/feed/index.html]
[banhchungdogia.com/wp-json/wp/v2/product_cat/22.json]
[banhchungdogia.com/san-pham/banh-chung-tet-2023/index.html]
[banhchungdogia.com/san-pham/gio-tet-ngon/index.html]
[banhchungdogia.com/banh-chung-ngot-truyen-thong/index9391.html]
[banhchungdogia.com/banh-chung-chay-do-gia/index9391.html]
[banhchungdogia.com/banh-chung-tet-tan-suu-2021/index.html]
[banhchungdogia.com/banh-chung-ngot-truyen-thong/feed/index.html]
[banhchungdogia.com/index7e39.html]
[banhchungdogia.com/san-pham/banh-chung-tet-2023/feed/index.html]
[banhchungdogia.com/san-pham/gio-tet-ngon/feed/index.html]
[banhchungdogia.com/tu-khoa/banh-chung-do-gia/feed/index.html]
[banhchungdogia.com/wp-json/wp/v2/product_tag/25.json]
[banhchungdogia.com/tu-khoa/banh-chung-do-gia/index.html]
[banhchungdogia.com/wp-json/wp/v2/product_tag/42.json]
[banhchungdogia.com/tu-khoa/banh-chung-ngot/index.html]
[banhchungdogia.com/tu-khoa/banh-chung-ngot/feed/index.html]
[banhchungdogia.com/wp-json/wp/v2/product_tag/26.json]
[banhchungdogia.com/tu-khoa/dat-banh-chung-tet/index.html]
[banhchungdogia.com/banh-chung-tet-2023/index.html]
[banhchungdogia.com/dat-banh-chung/index.html]
[banhchungdogia.com/index6aed.html]
[banhchungdogia.com/wp-content/plugins/contact-form-7/includes/css/styles5697.css]
[banhchungdogia.com/tu-khoa/dat-banh-chung-tet/feed/index.html]
[banhchungdogia.com/wp-includes/fonts/dashicons7d4b.ttf]
[banhchungdogia.com/wp-includes/css/dashicons.minf049.css]
[maxcdn.bootstrapcdn.com/font-awesome/4.7.0/css/font-awesome.minf049.css]
[banhchungdogia.com/wp-content/themes/flatsome/assets/css/flatsome9dd7.css]
[banhchungdogia.com/wp-content/themes/flatsome/assets/css/flatsome-shop9dd7.css]
[www.googletagmanager.com/gtm5445.html]
[banhchungdogia.com/tai-khoan/index.html]
[banhchungdogia.com/wp-content/plugins/woocommerce/assets/css/select2af8e.css]
[banhchungdogia.com/index2202.html]
[banhchungdogia.com/banh-chung-chay-do-gia/feed/index.html]
[banhchungdogia.com/index5c49.html]
[banhchungdogia.com/wp-json/wp/v2/product_tag/43.json]
[banhchungdogia.com/tu-khoa/banh-chung-chay/index.html]
[banhchungdogia.com/banh-chung-ngon-ha-noi.html]
[banhchungdogia.com/banh-chung-dac-biet/feed/index.html]
[banhchungdogia.com/index3d1a.html]
[banhchungdogia.com/tu-khoa/banh-chung-chay/feed/index.html]
[banhchungdogia.com/tu-khoa/banh-chung-chay-ngot/index.html]
[banhchungdogia.com/wp-json/wp/v2/product_tag/48.json]
[banhchungdogia.com/tu-khoa/banh-chung-goi-la-xanh/index.html]
[banhchungdogia.com/tu-khoa/banh-chung-goi-la-xanh/feed/index.html]
[banhchungdogia.com/wp-json/wp/v2/product_tag/46.json]
[banhchungdogia.com/tu-khoa/banh-chung-ha-noi/index.html]
[banhchungdogia.com/banh-chung-ngon-ha-noi-2-2/feed/index.html]
[banhchungdogia.com/index2ae7.html]
[banhchungdogia.com/banh-chung-tet-2024/feed/index.html]
[banhchungdogia.com/index7dad.html]
[banhchungdogia.com/tu-khoa/banh-chung-ha-noi/feed/index.html]
[banhchungdogia.com/wp-json/wp/v2/product_tag/24.json]
[banhchungdogia.com/tu-khoa/banh-chung-tet/index.html]
[banhchungdogia.com/banh-chung-chay-do-gia.html]
[banhchungdogia.com/gio-tet-2023-loai-ngon-chuan-vi-ha-noi/feed/index.html]
[banhchungdogia.com/indexe618.html]
[banhchungdogia.com/tu-khoa/banh-chung-tet/feed/index.html]
[banhchungdogia.com/tu-khoa/gio-lua/feed/index.html]
[banhchungdogia.com/wp-json/wp/v2/product_tag/56.json]
[banhchungdogia.com/tu-khoa/gio-lua/index.html]
[banhchungdogia.com/tu-khoa/gio-ngon-tet/feed/index.html]
[banhchungdogia.com/wp-json/wp/v2/product_tag/57.json]
[banhchungdogia.com/tu-khoa/gio-ngon-tet/index.html]
[banhchungdogia.com/tu-khoa/gio-tet-2023/feed/index.html]
[banhchungdogia.com/wp-json/wp/v2/product_tag/59.json]
[banhchungdogia.com/tu-khoa/gio-tet-2023/index.html]
[banhchungdogia.com/hop-qua-tet/feed/index.html]
[banhchungdogia.com/indexb82b.html]
[banhchungdogia.com/wp-json/wp/v2/product_tag/53.json]
[banhchungdogia.com/tu-khoa/qua-tet-2022/index.html]
[banhchungdogia.com/tu-khoa/qua-tet-2022/feed/index.html]
[banhchungdogia.com/tu-khoa/set-banh-chung-hop-qua-tet/feed/index.html]
[banhchungdogia.com/wp-json/wp/v2/product_tag/52.json]
[banhchungdogia.com/tu-khoa/set-banh-chung-hop-qua-tet/index.html]
[banhchungdogia.com/tag/phan-hoi-banh-chung-do-gia/feed/index.html]
[banhchungdogia.com/wp-json/wp/v2/tags/33.json]
[banhchungdogia.com/tag/phan-hoi-banh-chung-do-gia/index.html]
[banhchungdogia.com/index1dc8.html]
[banhchungdogia.com/tag/banh-chung-ha-noi/feed/index.html]
[banhchungdogia.com/wp-json/wp/v2/tags/29.json]
[banhchungdogia.com/tag/banh-chung-ha-noi/index.html]
[banhchungdogia.com/tag/banh-chung-la-rieng/feed/index.html]
[banhchungdogia.com/wp-json/wp/v2/tags/27.json]
[banhchungdogia.com/tag/banh-chung-la-rieng/index.html]
[banhchungdogia.com/wp-json/wp/v2/tags/28.json]
[banhchungdogia.com/tag/banh-chung-nep-nuong/index.html]
[banhchungdogia.com/index3f66.html]
[banhchungdogia.com/tag/banh-chung-nep-nuong/feed/index.html]
[banhchungdogia.com/tag/banh-chung-do-gia/feed/index.html]
[banhchungdogia.com/wp-json/wp/v2/tags/40.json]
[banhchungdogia.com/tag/banh-chung-do-gia/index.html]
[banhchungdogia.com/tag/banh-chung-ngon/feed/index.html]
[banhchungdogia.com/wp-json/wp/v2/tags/41.json]
[banhchungdogia.com/tag/banh-chung-ngon/index.html]
[banhchungdogia.com/tag/nhip-cau-nhan-ai/feed/index.html]
[banhchungdogia.com/wp-json/wp/v2/tags/38.json]
[banhchungdogia.com/tag/nhip-cau-nhan-ai/index.html]
[banhchungdogia.com/wp-content/plugins/woocommerce/assets/css/photoswipe/default-skin/default-skin.svg]
[banhchungdogia.com/banh-chung-tet/index.html]
[banhchungdogia.com/wp-json/wp/v2/product_cat/55]
[banhchungdogia.com/tu-khoa/banh-chung-chay-ngot/feed/index.html]
[banhchungdogia.com/wp-json/wp/v2/product_tag/44.json]
[banhchungdogia.com/tu-khoa/banh-chung-chay-ngot/index.html]
[banhchungngon.top/wp-content/uploads/2020/01/banh-chung-nep-nuong-la-rieng-dac-san-dien-bien-banhchungdogia-com.jpg]
