[matonghoabonmua.com/index.html]
[backblue.gif]
[fade.gif]
[index.html]
[matonghoabonmua.com/wp-content/uploads/2016/12/logo.png]
[matonghoabonmua.com/wp-includes/js/jquery/jquery.min9d52.js]
[matonghoabonmua.com/wp-includes/js/jquery/jquery-migrate.mind617.js]
[matonghoabonmua.com/wp-content/plugins/pirate-forms/public/js/custom-spamfcc2.js]
[matonghoabonmua.com/wp-content/plugins/ultimate-member/assets/js/um-gdpr.min3e86.js]
[matonghoabonmua.com/xmlrpc0db0.php]
[matonghoabonmua.com/wp-includes/wlwmanifest.xml]
[matonghoabonmua.com/wp-json/index.html]
[matonghoabonmua.com/wp-content/uploads/2021/07/cropped-logo-1-32x32.png]
[connect.facebook.net/vi_VN/sdk/xfbml.customerchat.js]
[matonghoabonmua.com/wp-content/uploads/2021/07/cropped-logo-1-192x192.png]
[matonghoabonmua.com/wp-content/uploads/2021/07/cropped-logo-1-180x180.png]
[matonghoabonmua.com/register.html]
[matonghoabonmua.com/login.html]
[matonghoabonmua.com/wp-content/plugins/gtranslate/flags/24/vi.png]
[translate.google.com/translate_a/element7876.js]
[matonghoabonmua.com/cart.html]
[matonghoabonmua.com/gioi-thieu.html]
[matonghoabonmua.com/danh-muc-san-pham/san-pham/index.html]
[matonghoabonmua.com/danh-muc-san-pham/mat-ong-cao-cap/index.html]
[matonghoabonmua.com/danh-muc-san-pham/mat-ong-dac-biet/index.html]
[matonghoabonmua.com/lien-he.html]
[matonghoabonmua.com/danh-muc-san-pham/mat-ong-sua-chua/index.html]
[matonghoabonmua.com/danh-muc-san-pham/mat-ong-lo-su/index.html]
[matonghoabonmua.com/danh-muc-san-pham/mat-ong-hoa-rung/index.html]
[matonghoabonmua.com/wp-content/uploads/2016/12/anh-3.39.delayed]
[matonghoabonmua.com/danh-muc-san-pham/mat-ong-nghe-phan-hoa/index.html]
[matonghoabonmua.com/wp-content/uploads/2016/12/anh-1.png]
[matonghoabonmua.com/danh-muc-san-pham/sua-ong-chua-tuoi-nguyen-chat/index.html]
[matonghoabonmua.com/category/tin-tuc/index.html]
[matonghoabonmua.com/danh-muc-san-pham/phan-hoa-nguyen-chat/index.html]
[matonghoabonmua.com/wp-content/uploads/2016/12/anh-6.jpg]
[matonghoabonmua.com/category/video/index.html]
[matonghoabonmua.com/danh-muc-san-pham/tinh-bot-nghe/index.html]
[matonghoabonmua.com/wp-content/uploads/2016/12/anh-5.jpg]
[matonghoabonmua.com/wp-content/uploads/2016/12/anh-3.jpg]
[matonghoabonmua.com/wp-content/uploads/2016/12/anh-1.jpg]
[matonghoabonmua.com/shop/mat-ong-cao-cap-350gr.html]
[matonghoabonmua.com/wp-content/uploads/2016/12/1440151521_boc_591_20150819_8936012540314_1_chon-1-381x502.jpg]
[matonghoabonmua.com/shop/mat-ong-cao-cap-toan-hoa-bon-mua-hop-1kg.html]
[matonghoabonmua.com/wp-content/uploads/2016/12/1440151395_boc_591_20150819_8936012540291_2_chon-381x550.jpg]
[matonghoabonmua.com/shop/mat-ong-cao-cap-toan-hoa-bon-mua-hop-500g.html]
[matonghoabonmua.com/wp-content/uploads/2016/12/1440151433_boc_591_20150819_8936012540307_1_chon-381x550.jpg]
[matonghoabonmua.com/shop/phan-hoa-nguyen-chat-hoa-bon-mua-hop-500g.html]
[matonghoabonmua.com/wp-content/uploads/2016/12/11969_8936012540109_1_chon-381x550.jpg]
[matonghoabonmua.com/shop/phan-hoa-nguyen-chat-hoa-bon-mua-lo-140g.html]
[matonghoabonmua.com/wp-content/uploads/2016/12/59022_wzio6m1krz-381x550.jpg]
[matonghoabonmua.com/shop/phan-hoa-nguyen-chat-hoa-bon-mua-lo-250g.html]
[matonghoabonmua.com/wp-content/uploads/2016/12/1443426952_chk_591_20150925_8936012540093_1_chon-381x550.jpg]
[matonghoabonmua.com/shop/mat-ong-dac-biet-750ml-chai-tron.html]
[matonghoabonmua.com/wp-content/uploads/2016/12/db-2-scaled-381x550.jpg]
[matonghoabonmua.com/shop/mat-ong-dac-biet-hoa-bon-mua-500gr.html]
[matonghoabonmua.com/wp-content/uploads/2016/12/07771_20150202_591_chk_8936012540147_1_chon-381x550.jpg]
[matonghoabonmua.com/shop/mat-ong-dac-biet-hoa-bon-mua-lo-200g.html]
[matonghoabonmua.com/wp-content/uploads/2016/12/78802_91987_8936012540154_1_chon-381x550.jpg]
[matonghoabonmua.com/shop/mat-ong-dac-biet-hoa-bon-mua-chai-750ml.html]
[matonghoabonmua.com/wp-content/uploads/2016/12/82692_chk_591_20150522_8936012540116_2_chon-381x550.jpg]
[matonghoabonmua.com/shop/mat-ong-hoa-bon-mua-chai-350g.html]
[matonghoabonmua.com/wp-content/uploads/2016/12/85531_8936012540284_1_chon-381x550.jpg]
[matonghoabonmua.com/shop/mat-ong-sua-chua-hoa-bon-mua-lo-300g.html]
[matonghoabonmua.com/wp-content/uploads/2016/12/09496_27gl42s2tl-381x550.jpg]
[matonghoabonmua.com/shop/mat-ong-sua-chua-hoa-bon-mua-chai-375ml.html]
[matonghoabonmua.com/wp-content/uploads/2016/12/53696_91525_8936012540055_1_chon-381x550.jpg]
[matonghoabonmua.com/shop/mat-ong-sua-chua-hoa-bon-mua-chai-600ml.html]
[matonghoabonmua.com/wp-content/uploads/2016/12/83223_8936012540048_1_chon-381x550.jpg]
[matonghoabonmua.com/shop/mat-ong-hoa-rung-hoa-bon-mua-chai-650ml.html]
[matonghoabonmua.com/wp-content/uploads/2016/12/81585_8936012540017_1_chon-381x550.jpg]
[matonghoabonmua.com/shop/mat-ong-hoa-rung-hoa-bon-mua-lo-375ml.html]
[matonghoabonmua.com/wp-content/uploads/2016/12/83119_gw3wpdn6gu-381x550.jpg]
[matonghoabonmua.com/shop/mat-ong-hoa-rung-hoa-bon-mua-lo-250g.html]
[matonghoabonmua.com/wp-content/uploads/2016/12/71027_53078_90991_8936012540031_1_chon-381x550.jpg]
[matonghoabonmua.com/shop/tinh-bot-nghe-500g.html]
[matonghoabonmua.com/wp-content/uploads/2016/12/DSC05212-scaled-381x550.jpg]
[matonghoabonmua.com/shop/tinh-bot-nghe-huong-dua-hoa-bon-mua-hop-50g.html]
[matonghoabonmua.com/wp-content/uploads/2016/12/75560_8936012540260_1_chon-1-381x550.jpg]
[matonghoabonmua.com/shop/tinh-bot-nghe-hoa-bon-mua-hop-200g.html]
[matonghoabonmua.com/wp-content/uploads/2016/12/1440152074_boc_591_20150819_8936012540277_1_chon-381x550.jpg]
[matonghoabonmua.com/shop/mat-ong-phan-hoa-nghe-hoa-bon-mua-lo-280g.html]
[matonghoabonmua.com/wp-content/uploads/2016/12/27158_54109_8936012540123_1_chon-381x550.jpg]
[matonghoabonmua.com/shop/mat-ong-phan-hoa-nghe-hoa-bon-mua-lo-140g.html]
[matonghoabonmua.com/wp-content/uploads/2016/12/35862_20150202_591_chk_8936012540130_1_chon-381x550.jpg]
[matonghoabonmua.com/shop/sua-ong-chua-tuoi-hoa-bon-mua-lo-100g.html]
[matonghoabonmua.com/wp-content/uploads/2016/12/86087_89c1m9bfdy-381x550.jpg]
[matonghoabonmua.com/shop/sua-ong-chua-hoa-bon-mua-lo-50g.html]
[matonghoabonmua.com/wp-content/uploads/2016/12/1440151771_boc_591_20150819_8936012540074_1_chon-381x550.jpg]
[matonghoabonmua.com/thien-nhien-tay-bac-vao-mua-ong-lay-mat-phan.6f.delayed]
[matonghoabonmua.com/wp-content/uploads/2016/12/nguyen-lieu1-228x211.jpg]
[matonghoabonmua.com/wp-content/uploads/2016/12/nhung-sai-lam-thuong-mac-khi-uong-nuoc-mat-ong_30935937-228x317.jpg]
[matonghoabonmua.com/wp-content/uploads/2016/12/mat-ong1-228x330.jpg]
[matonghoabonmua.com/bao-ve-lan-da-tang-cuong-suc-khoe-voi-cong-thuc-don-gian-tu-mat-ong/index.html]
[connect.facebook.net/vi_VN/sdk.js]
[matonghoabonmua.com/thoi-gian-nao-uong-mat-ong-la-tot-nhat/index.html]
[matonghoabonmua.com/huong-dan-mua-hang-online.html]
[matonghoabonmua.com/wp-content/uploads/2021/07/footer.png]
[matonghoabonmua.com/wp-content/plugins/yith-woocommerce-wishlist/assets/js/jquery.selectBox.min7359.js]
[matonghoabonmua.com/wp-content/plugins/yith-woocommerce-wishlist/assets/js/jquery.yith-wcwl7c45.js]
[matonghoabonmua.com/wp-content/plugins/woocommerce/assets/js/jquery-blockui/jquery.blockUI.min44fd.js]
[matonghoabonmua.com/wp-content/plugins/woocommerce/assets/js/frontend/add-to-cart.minc063.js]
[matonghoabonmua.com/wp-content/plugins/woocommerce/assets/js/js-cookie/js.cookie.min6b25.js]
[matonghoabonmua.com/wp-content/plugins/woocommerce/assets/js/frontend/woocommerce.minc063.js]
[matonghoabonmua.com/tuyen-dung/index.html]
[matonghoabonmua.com/wp-content/plugins/woocommerce/assets/js/frontend/cart-fragments.minc063.js]
[matonghoabonmua.com/wp-content/plugins/yith-woocommerce-ajax-search/assets/js/yith-autocomplete.min4281.js]
[matonghoabonmua.com/wp-content/plugins/yith-woocommerce-compare/assets/js/woocompare.min7ebe.js]
[matonghoabonmua.com/wp-content/plugins/yith-woocommerce-compare/assets/js/jquery.colorbox-min13ac.js]
[matonghoabonmua.com/wp-content/plugins/yith-woocommerce-quick-view/assets/js/frontend.mincac0.js]
[matonghoabonmua.com/wp-content/plugins/woocommerce/assets/js/prettyPhoto/jquery.prettyPhoto.min005e.js]
[matonghoabonmua.com/wp-content/plugins/ultimate-member/assets/js/select2/select2.full.min4819.js]
[matonghoabonmua.com/wp-includes/js/underscore.min4511.js]
[matonghoabonmua.com/wp-includes/js/wp-util.minfcc2.js]
[matonghoabonmua.com/wp-content/plugins/ultimate-member/assets/js/um-crop.min3e86.js]
[matonghoabonmua.com/wp-content/plugins/ultimate-member/assets/js/um-modal.min3e86.js]
[matonghoabonmua.com/wp-content/plugins/ultimate-member/assets/js/um-jquery-form.min3e86.js]
[matonghoabonmua.com/wp-content/plugins/ultimate-member/assets/js/um-fileupload.min3e86.js]
[matonghoabonmua.com/wp-content/plugins/ultimate-member/assets/js/pickadate/picker3e86.js]
[matonghoabonmua.com/wp-content/plugins/ultimate-member/assets/js/pickadate/picker.date3e86.js]
[matonghoabonmua.com/wp-content/plugins/ultimate-member/assets/js/pickadate/picker.time3e86.js]
[matonghoabonmua.com/wp-includes/js/dist/vendor/wp-polyfill.min89b1.js]
[matonghoabonmua.com/wp-includes/js/dist/vendor/wp-polyfill-fetch.min6e0e.js]
[matonghoabonmua.com/wp-includes/js/dist/vendor/wp-polyfill-node-contains.min2e00.js]
[matonghoabonmua.com/wp-includes/js/dist/vendor/wp-polyfill-dom-rect.min2e00.js]
[matonghoabonmua.com/wp-includes/js/dist/vendor/wp-polyfill-url.min5aed.js]
[matonghoabonmua.com/wp-includes/js/dist/vendor/wp-polyfill-formdata.mine9bd.js]
[matonghoabonmua.com/wp-includes/js/dist/vendor/wp-polyfill-element-closest.min4c56.js]
[matonghoabonmua.com/wp-includes/js/dist/vendor/wp-polyfill-object-fit.min531b.js]
[matonghoabonmua.com/wp-includes/js/dist/hooks.minc5c2.js]
[matonghoabonmua.com/wp-includes/js/dist/i18n.min802d.js]
[matonghoabonmua.com/wp-content/plugins/ultimate-member/assets/js/um-raty.min3e86.js]
[matonghoabonmua.com/wp-content/plugins/ultimate-member/assets/js/um-tipsy.min3e86.js]
[matonghoabonmua.com/wp-includes/js/imagesloaded.mineda1.js]
[matonghoabonmua.com/wp-includes/js/masonry.min3a05.js]
[matonghoabonmua.com/wp-includes/js/jquery/jquery.masonry.minef70.js]
[matonghoabonmua.com/wp-content/plugins/ultimate-member/assets/js/simplebar.min3e86.js]
[matonghoabonmua.com/wp-content/plugins/ultimate-member/assets/js/um-functions.min3e86.js]
[matonghoabonmua.com/wp-content/plugins/ultimate-member/assets/js/um-responsive.min3e86.js]
[matonghoabonmua.com/wp-content/plugins/ultimate-member/assets/js/um-conditional.min3e86.js]
[matonghoabonmua.com/wp-content/plugins/ultimate-member/assets/js/um-scripts.min3e86.js]
[matonghoabonmua.com/wp-content/plugins/ultimate-member/assets/js/um-profile.min3e86.js]
[matonghoabonmua.com/wp-content/plugins/ultimate-member/assets/js/um-account.min3e86.js]
[matonghoabonmua.com/wp-includes/js/wp-embed.minfcc2.js]
[matonghoabonmua.com/wp-content/plugins/yith-woocommerce-ajax-search/assets/js/frontend.min5152.js]
[matonghoabonmua.com/wp-content/plugins/woocommerce/assets/js/frontend/add-to-cart-variation.minc063.js]
[matonghoabonmua.com/wp-content/plugins/woocommerce/assets/js/frontend/single-product.minc063.js]
[matonghoabonmua.com/wp-content/themes/eco_beweb/jquery/jquery-2.2.1.min.js]
[matonghoabonmua.com/wp-content/themes/eco_beweb/jquery/slick.min.js]
[matonghoabonmua.com/wp-content/themes/eco_beweb/bootstrap/js/bootstrap.min.js]
[matonghoabonmua.com/wp-content/themes/eco_beweb/jquery/jquery-page.js]
[matonghoabonmua.com/wp-content/themes/eco_beweb/mmenu/js/jquery.mmenu.all.min.js]
[matonghoabonmua.com/index.html]
[matonghoabonmua.com/wp-content/themes/eco_beweb/bootstrap/css/bootstrap.min.css]
[matonghoabonmua.com/wp-content/themes/eco_beweb/font-awesome/fonts/fontawesome-webfont5b62.eot]
[matonghoabonmua.com/wp-content/themes/eco_beweb/font-awesome/fonts/fontawesome-webfontd41d.eot]
[matonghoabonmua.com/wp-content/themes/eco_beweb/font-awesome/fonts/fontawesome-webfont5b62.woff]
[matonghoabonmua.com/wp-content/themes/eco_beweb/font-awesome/fonts/fontawesome-webfont5b62.ttf]
[matonghoabonmua.com/wp-content/themes/eco_beweb/font-awesome/css/font-awesome.min.css]
[matonghoabonmua.com/wp-content/themes/eco_beweb/images/icon/ajax-loader.gif]
[matonghoabonmua.com/wp-content/themes/eco_beweb/css/slick.css]
[matonghoabonmua.com/wp-content/themes/eco_beweb/images/hotline_red.png]
[matonghoabonmua.com/wp-content/themes/eco_beweb/images/icon/sprites.png]
[matonghoabonmua.com/wp-content/themes/eco_beweb/style.css]
[matonghoabonmua.com/wp-content/themes/eco_beweb/css/responsive.css]
[matonghoabonmua.com/wp-content/themes/eco_beweb/css/mega-menu.css]
[matonghoabonmua.com/wp-content/plugins/gtranslate/24.png]
[matonghoabonmua.com/wp-content/plugins/gtranslate/24a.png]
[matonghoabonmua.com/wp-content/plugins/gtranslate/alt_flags.png]
[matonghoabonmua.com/wp-content/plugins/gtranslate/alt_flagsa.png]
[matonghoabonmua.com/wp-content/plugins/gtranslate/gtranslate-style24fcc2.css]
[matonghoabonmua.com/wp-includes/css/dist/block-library/style.minfcc2.css]
[matonghoabonmua.com/wp-content/plugins/woocommerce/packages/woocommerce-blocks/build/stylefc72.css]
[matonghoabonmua.com/wp-content/plugins/yith-woocommerce-wishlist/assets/images/jquery.selectBox-arrow.gif]
[matonghoabonmua.com/wp-content/plugins/yith-woocommerce-wishlist/assets/css/jquery.selectBox7359.css]
[matonghoabonmua.com/wp-content/plugins/yith-woocommerce-wishlist/assets/fonts/fontawesome-webfont3e6e.eot]
[matonghoabonmua.com/wp-content/plugins/yith-woocommerce-wishlist/assets/fonts/fontawesome-webfontd41d.eot]
[matonghoabonmua.com/wp-content/plugins/yith-woocommerce-wishlist/assets/fonts/fontawesome-webfont3e6e.woff]
[matonghoabonmua.com/wp-content/plugins/yith-woocommerce-wishlist/assets/fonts/fontawesome-webfont3e6e.ttf]
[matonghoabonmua.com/wp-content/plugins/yith-woocommerce-wishlist/assets/css/font-awesome.min1849.css]
[matonghoabonmua.com/wp-content/plugins/yith-woocommerce-wishlist/assets/images/jquery.selectBox-arrow.png]
[matonghoabonmua.com/wp-content/plugins/yith-woocommerce-wishlist/assets/css/style7c45.css]
[matonghoabonmua.com/wp-content/plugins/woocommerce/assets/css/woocommerce-layoutc063.css]
[matonghoabonmua.com/wp-content/plugins/woocommerce/assets/css/woocommerce-smallscreenc063.css]
[matonghoabonmua.com/wp-content/plugins/woocommerce/assets/fonts/star.eot]
[matonghoabonmua.com/wp-content/plugins/woocommerce/assets/fonts/stard41d.eot]
[matonghoabonmua.com/wp-content/plugins/woocommerce/assets/fonts/star.woff]
[matonghoabonmua.com/wp-content/plugins/woocommerce/assets/fonts/star.ttf]
[matonghoabonmua.com/wp-content/plugins/woocommerce/assets/fonts/WooCommerce.eot]
[matonghoabonmua.com/wp-content/plugins/woocommerce/assets/fonts/WooCommerced41d.eot]
[matonghoabonmua.com/wp-content/plugins/woocommerce/assets/fonts/WooCommerce.woff]
[matonghoabonmua.com/wp-content/plugins/woocommerce/assets/fonts/WooCommerce.ttf]
[matonghoabonmua.com/wp-content/plugins/woocommerce/assets/css/woocommercec063.css]
[matonghoabonmua.com/wp-content/plugins/yith-woocommerce-ajax-search/assets/css/yith_wcas_ajax_searchfcc2.css]
[matonghoabonmua.com/wp-content/plugins/yith-woocommerce-compare/assets/images/colorbox/controls.png]
[matonghoabonmua.com/wp-content/plugins/yith-woocommerce-compare/assets/images/colorbox/border.png]
[matonghoabonmua.com/wp-content/plugins/yith-woocommerce-compare/assets/images/colorbox/loading_background.png]
[matonghoabonmua.com/wp-content/plugins/yith-woocommerce-compare/assets/images/colorbox/loading.gif]
[matonghoabonmua.com/wp-content/plugins/yith-woocommerce-compare/assets/css/colorboxfcc2.css]
[matonghoabonmua.com/wp-content/plugins/yith-woocommerce-quick-view/assets/css/yith-quick-viewfcc2.css]
[matonghoabonmua.com/wp-content/plugins/woocommerce/assets/css/prettyPhotofcc2.css]
[matonghoabonmua.com/wp-content/plugins/ultimate-member/assets/font/ionicons28b5.eot]
[matonghoabonmua.com/wp-content/plugins/ultimate-member/assets/font/ionicons28b5.woff]
[matonghoabonmua.com/wp-content/plugins/ultimate-member/assets/font/ionicons28b5.ttf]
[matonghoabonmua.com/wp-content/plugins/ultimate-member/assets/css/um-fonticons-ii3e86.css]
[matonghoabonmua.com/wp-content/plugins/ultimate-member/assets/font/fontawesome-webfont78ce.eot]
[matonghoabonmua.com/wp-content/plugins/ultimate-member/assets/font/fontawesome-webfont78ce.woff]
[matonghoabonmua.com/wp-content/plugins/ultimate-member/assets/font/fontawesome-webfont78ce.ttf]
[matonghoabonmua.com/wp-content/plugins/ultimate-member/assets/css/um-fonticons-fa3e86.css]
[matonghoabonmua.com/wp-content/plugins/ultimate-member/assets/css/select2/select2.min4819.css]
[matonghoabonmua.com/wp-content/plugins/ultimate-member/assets/css/um-crop3e86.css]
[matonghoabonmua.com/wp-content/plugins/ultimate-member/assets/img/loading.gif]
[matonghoabonmua.com/wp-content/plugins/ultimate-member/assets/css/um-modal3e86.css]
[matonghoabonmua.com/wp-content/plugins/ultimate-member/assets/css/um-styles3e86.css]
[matonghoabonmua.com/wp-content/plugins/ultimate-member/assets/img/loading-dots.gif]
[matonghoabonmua.com/wp-content/plugins/ultimate-member/assets/css/um-profile3e86.css]
[matonghoabonmua.com/wp-content/plugins/ultimate-member/assets/css/um-account3e86.css]
[matonghoabonmua.com/wp-content/plugins/ultimate-member/assets/css/um-misc3e86.css]
[matonghoabonmua.com/wp-content/plugins/ultimate-member/assets/css/um-fileupload3e86.css]
[matonghoabonmua.com/wp-content/plugins/ultimate-member/assets/css/pickadate/default3e86.css]
[matonghoabonmua.com/wp-content/plugins/ultimate-member/assets/css/pickadate/default.date3e86.css]
[matonghoabonmua.com/wp-content/plugins/ultimate-member/assets/css/pickadate/default.time3e86.css]
[matonghoabonmua.com/wp-content/plugins/ultimate-member/assets/font/raty.eot]
[matonghoabonmua.com/wp-content/plugins/ultimate-member/assets/font/ratyd41d.eot]
[matonghoabonmua.com/wp-content/plugins/ultimate-member/assets/font/raty.ttf]
[matonghoabonmua.com/wp-content/plugins/ultimate-member/assets/font/raty.woff]
[matonghoabonmua.com/wp-content/plugins/ultimate-member/assets/css/um-raty3e86.css]
[matonghoabonmua.com/wp-content/plugins/ultimate-member/assets/css/simplebar3e86.css]
[matonghoabonmua.com/wp-content/plugins/ultimate-member/assets/css/um-tipsy3e86.css]
[matonghoabonmua.com/wp-content/plugins/ultimate-member/assets/css/um-responsive3e86.css]
[matonghoabonmua.com/wp-content/plugins/ultimate-member/assets/css/um-old-default3e86.css]
[matonghoabonmua.com/^([^_/indexd41d.html]
[matonghoabonmua.com/restserver.ec.delayed]
[matonghoabonmua.com/GET.ed.delayed]
[connect.facebook.net/vi_VN/sdk/xfbml.customerchat.js]
[matonghoabonmua.com/ABCDEFGHIJKLMNOPQRSTUVWXYZabcdefghijklmnopqrstuvwxyz0123456789+/index.html]
[matonghoabonmua.com/dialog/index.html]
[matonghoabonmua.com/rsrc.php/index.html]
[matonghoabonmua.com/LiveChatEvent/index.html]
[matonghoabonmua.com/wp-json/wp/v2/pages/741.json]
[matonghoabonmua.com/wp-json/oembed/1.0/embed7e58.json]
[matonghoabonmua.com/wp-json/oembed/1.0/embed8cf9]
[matonghoabonmua.com/register.html]
[matonghoabonmua.com/wp-json/wp/v2/pages/740.json]
[matonghoabonmua.com/wp-json/oembed/1.0/embed5eb9.json]
[matonghoabonmua.com/wp-json/oembed/1.0/embed2450]
[matonghoabonmua.com/login.html]
[matonghoabonmua.com/password-reset.html]
[matonghoabonmua.com/wp-includes/js/zxcvbn-async.min5152.js]
[matonghoabonmua.com/wp-json/wp/v2/pages/34.json]
[matonghoabonmua.com/wp-json/oembed/1.0/embedd8b3.json]
[matonghoabonmua.com/wp-json/oembed/1.0/embed91a4]
[matonghoabonmua.com/shop.html]
[matonghoabonmua.com/wp-content/plugins/woocommerce/assets/js/frontend/country-select.minc063.js]
[matonghoabonmua.com/wp-content/plugins/woocommerce/assets/js/frontend/address-i18n.minc063.js]
[matonghoabonmua.com/wp-content/plugins/woocommerce/assets/js/frontend/cart.minc063.js]
[matonghoabonmua.com/wp-content/plugins/woocommerce/assets/js/selectWoo/selectWoo.full.min0ba6.js]
[matonghoabonmua.com/wp-content/plugins/woocommerce/assets/js/frontend/password-strength-meter.minc063.js]
[matonghoabonmua.com/cart.html]
[matonghoabonmua.com/wp-json/wp/v2/pages/23.json]
[matonghoabonmua.com/wp-json/oembed/1.0/embed7600.json]
[matonghoabonmua.com/wp-json/oembed/1.0/embed66f0]
[matonghoabonmua.com/wp-content/uploads/2021/07/12345-381x515.jpg]
[matonghoabonmua.com/wp-content/uploads/2021/07/123456789-381x512.jpg]
[matonghoabonmua.com/wp-content/uploads/2021/07/giải-thưởng-1-381x284.jpg]
[matonghoabonmua.com/gioi-thieu.html]
[matonghoabonmua.com/danh-muc-san-pham/san-pham/feed/index.html]
[matonghoabonmua.com/shop/mat-ong-tu-nhien-hoa-bon-mua-chai-650ml.html]
[matonghoabonmua.com/danh-muc-san-pham/chua-phan-loai/index.html]
[matonghoabonmua.com/danh-muc-san-pham/mat-ong-tu-nhien/index.html]
[matonghoabonmua.com/wp-content/uploads/2016/12/84049_8936012540079_1_chon-381x550.jpg]
[matonghoabonmua.com/danh-muc-san-pham/san-pham/index.html]
[matonghoabonmua.com/danh-muc-san-pham/mat-ong-cao-cap/index.html]
[matonghoabonmua.com/danh-muc-san-pham/mat-ong-dac-biet/index.html]
[matonghoabonmua.com/shop/mat-ong-lo-su-350g.html]
[matonghoabonmua.com/wp-content/uploads/2016/12/1440151646_boc_591_20150819_8936012540067_1_chon-381x550.jpg]
[matonghoabonmua.com/shop/mat-ong-lo-su-hoa-bon-mua-250g.html]
[matonghoabonmua.com/wp-content/uploads/2016/12/1440151606_boc_591_20150819_8936012540068_1_chon-381x550.jpg]
[matonghoabonmua.com/danh-muc-san-pham/mat-ong-lo-su/index.html]
[matonghoabonmua.com/danh-muc-san-pham/mat-ong-hoa-rung/index.html]
[matonghoabonmua.com/danh-muc-san-pham/mat-ong-cao-cap/feed/index.html]
[matonghoabonmua.com/danh-muc-san-pham/mat-ong-sua-chua/index.html]
[matonghoabonmua.com/danh-muc-san-pham/mat-ong-dac-biet/feed/index.html]
[matonghoabonmua.com/danh-muc-san-pham/mat-ong-nghe-phan-hoa/index.html]
[matonghoabonmua.com/danh-muc-san-pham/mat-ong-lo-su/feed/index.html]
[matonghoabonmua.com/danh-muc-san-pham/sua-ong-chua-tuoi-nguyen-chat/index.html]
[matonghoabonmua.com/danh-muc-san-pham/phan-hoa-nguyen-chat/index.html]
[matonghoabonmua.com/danh-muc-san-pham/mat-ong-hoa-rung/feed/index.html]
[matonghoabonmua.com/wp-json/wp/v2/categories/2.json]
[matonghoabonmua.com/danh-muc-san-pham/mat-ong-sua-chua/feed/index.html]
[matonghoabonmua.com/wp-content/uploads/2016/12/tac-dung-cua-mat-ong-doi-voi-suc-khoe-228x330.jpg]
[matonghoabonmua.com/category/tin-tuc/index.html]
[matonghoabonmua.com/danh-muc-san-pham/mat-ong-nghe-phan-hoa/feed/index.html]
[matonghoabonmua.com/danh-muc-san-pham/sua-ong-chua-tuoi-nguyen-chat/feed/index.html]
[matonghoabonmua.com/wp-json/wp/v2/categories/61.json]
[matonghoabonmua.com/danh-muc-san-pham/phan-hoa-nguyen-chat/feed/index.html]
[matonghoabonmua.com/wp-content/uploads/2016/12/Capture-228x330.jpg]
[matonghoabonmua.com/category/video/index.html]
[matonghoabonmua.com/category/tin-tuc/feed/index.html]
[matonghoabonmua.com/bat-mi-20-tac-dung-ky-tu-mat-ong-tu-nhien/index.html]
[matonghoabonmua.com/wp-json/wp/v2/pages/27.json]
[matonghoabonmua.com/category/video/feed/index.html]
[matonghoabonmua.com/video1-trang-trai-nuoi-ong-co-mat-ong-hoa-bon-mua/index.html]
[matonghoabonmua.com/wp-json/oembed/1.0/embed1907.json]
[matonghoabonmua.com/wp-json/oembed/1.0/embed0ffa]
[matonghoabonmua.com/lien-he.html]
[matonghoabonmua.com/danh-muc-san-pham/tinh-bot-nghe/index.html]
[matonghoabonmua.com/danh-muc-san-pham/tinh-bot-nghe/feed/index.html]
[matonghoabonmua.com/shop/mat-ong-cao-cap-350gr/feed/index.html]
[matonghoabonmua.com/wp-json/wp/v2/product/439.json]
[matonghoabonmua.com/wp-json/oembed/1.0/embed3efa.json]
[matonghoabonmua.com/wp-json/oembed/1.0/embed509d]
[matonghoabonmua.com/wp-content/uploads/2016/12/1440151521_boc_591_20150819_8936012540314_1_chon-1.jpg]
[matonghoabonmua.com/shop/mat-ong-cao-cap-350gr6d36.html]
[matonghoabonmua.com/tu-khoa-san-pham/mat-ong-cao-cap/index.html]
[matonghoabonmua.com/wp-content/plugins/yith-woocommerce-zoom-magnifier/assets/js/jquery.carouFredSel.minf731.js]
[matonghoabonmua.com/wp-content/plugins/yith-woocommerce-zoom-magnifier/assets/js/yith_magnifier.mind046.js]
[matonghoabonmua.com/wp-content/plugins/yith-woocommerce-zoom-magnifier/assets/js/ywzm_frontend.mind046.js]
[matonghoabonmua.com/wp-content/plugins/akismet/_inc/forma352.js]
[matonghoabonmua.com/shop/mat-ong-cao-cap-350gr.html]
[matonghoabonmua.com/indexb0c6.html]
[matonghoabonmua.com/wp-json/wp/v2/product/355.json]
[matonghoabonmua.com/shop/mat-ong-cao-cap-toan-hoa-bon-mua-hop-1kg/feed/index.html]
[matonghoabonmua.com/wp-json/oembed/1.0/embed94e4.json]
[matonghoabonmua.com/wp-json/oembed/1.0/embed970f]
[matonghoabonmua.com/wp-content/uploads/2016/12/1440151395_boc_591_20150819_8936012540291_2_chon-600x600.jpg]
[matonghoabonmua.com/wp-content/uploads/2016/12/1440151395_boc_591_20150819_8936012540291_2_chon-762x762.jpg]
[matonghoabonmua.com/shop/mat-ong-cao-cap-toan-hoa-bon-mua-hop-1kge747.html]
[matonghoabonmua.com/wp-content/uploads/2016/12/1440151393_boc_591_20150819_8936012540291_1_chon-762x762.jpg]
[matonghoabonmua.com/wp-content/uploads/2016/12/1440151397_boc_591_20150819_8936012540291_4_chon-762x762.jpg]
[matonghoabonmua.com/tu-khoa-san-pham/mat-ong-hoa-bon-mua/index.html]
[matonghoabonmua.com/shop/mat-ong-cao-cap-toan-hoa-bon-mua-hop-1kg.html]
[matonghoabonmua.com/index2995.html]
[matonghoabonmua.com/shop/mat-ong-cao-cap-toan-hoa-bon-mua-hop-500g/feed/index.html]
[matonghoabonmua.com/wp-json/wp/v2/product/354.json]
[matonghoabonmua.com/wp-json/oembed/1.0/embedfedf.json]
[matonghoabonmua.com/wp-json/oembed/1.0/embed013b]
[matonghoabonmua.com/cartc850.html]
[matonghoabonmua.com/wp-content/uploads/2016/12/1440151433_boc_591_20150819_8936012540307_1_chon-600x600.jpg]
[matonghoabonmua.com/wp-content/uploads/2016/12/1440151433_boc_591_20150819_8936012540307_1_chon-762x762.jpg]
[matonghoabonmua.com/checkout/index.html]
[matonghoabonmua.com/shop/mat-ong-cao-cap-toan-hoa-bon-mua-hop-500g8fc8.html]
[matonghoabonmua.com/wp-content/uploads/2016/12/1440151436_boc_591_20150819_8936012540307_3_chon-762x762.jpg]
[matonghoabonmua.com/wp-content/uploads/2016/12/1440151435_boc_591_20150819_8936012540307_2_chon-762x762.jpg]
[matonghoabonmua.com/shop/mat-ong-cao-cap-toan-hoa-bon-mua-hop-500g.html]
[matonghoabonmua.com/index08ee.html]
[matonghoabonmua.com/shop/phan-hoa-nguyen-chat-hoa-bon-mua-hop-500g/feed/index.html]
[matonghoabonmua.com/wp-json/wp/v2/product/378.json]
[matonghoabonmua.com/wp-json/oembed/1.0/embed5404.json]
[matonghoabonmua.com/wp-json/oembed/1.0/embed12dc]
[matonghoabonmua.com/shop/phan-hoa-nguyen-chat-hoa-bon-mua-hop-500gaafe.html]
[matonghoabonmua.com/wp-content/uploads/2016/12/11969_8936012540109_1_chon-600x600.jpg]
[matonghoabonmua.com/wp-content/uploads/2016/12/11969_8936012540109_1_chon-762x762.jpg]
[matonghoabonmua.com/wp-content/uploads/2016/12/11969_8936012540109_1_chon-100x100.jpg]
[matonghoabonmua.com/wp-content/uploads/2016/12/12266_8936012540109_3_chon-600x600.jpg]
[matonghoabonmua.com/wp-content/uploads/2016/12/12266_8936012540109_3_chon-100x100.jpg]
[matonghoabonmua.com/wp-content/uploads/2016/12/12358_8936012540109_4_chon-600x600.jpg]
[matonghoabonmua.com/wp-content/uploads/2016/12/12358_8936012540109_4_chon-100x100.jpg]
[matonghoabonmua.com/shop/phan-hoa-nguyen-chat-hoa-bon-mua-hop-500g8357.html]
[matonghoabonmua.com/wp-content/uploads/2016/12/12266_8936012540109_3_chon-762x762.jpg]
[matonghoabonmua.com/wp-content/uploads/2016/12/12358_8936012540109_4_chon-762x762.jpg]
[matonghoabonmua.com/tu-khoa-san-pham/phan-hoa-nguyen-chat/index.html]
[matonghoabonmua.com/shop/phan-hoa-nguyen-chat-hoa-bon-mua-hop-500g.html]
[matonghoabonmua.com/index4776.html]
[matonghoabonmua.com/shop/phan-hoa-nguyen-chat-hoa-bon-mua-lo-140g/feed/index.html]
[matonghoabonmua.com/wp-json/wp/v2/product/371.json]
[matonghoabonmua.com/wp-json/oembed/1.0/embedaca8.json]
[matonghoabonmua.com/wp-json/oembed/1.0/embed8059]
[matonghoabonmua.com/wp-content/uploads/2016/12/59022_wzio6m1krz-600x600.jpg]
[matonghoabonmua.com/wp-content/uploads/2016/12/59022_wzio6m1krz-762x762.jpg]
[matonghoabonmua.com/wp-content/uploads/2016/12/59022_wzio6m1krz-100x100.jpg]
[matonghoabonmua.com/wp-content/uploads/2016/12/59262_7hjaorks61-600x600.jpg]
[matonghoabonmua.com/wp-content/uploads/2016/12/59262_7hjaorks61-100x100.jpg]
[matonghoabonmua.com/wp-content/uploads/2016/12/38047_y0grxxd80s-600x600.jpg]
[matonghoabonmua.com/wp-content/uploads/2016/12/38047_y0grxxd80s-100x100.jpg]
[matonghoabonmua.com/shop/phan-hoa-nguyen-chat-hoa-bon-mua-lo-140gba75.html]
[matonghoabonmua.com/wp-content/uploads/2016/12/59262_7hjaorks61-762x762.jpg]
[matonghoabonmua.com/wp-content/uploads/2016/12/38047_y0grxxd80s-762x762.jpg]
[matonghoabonmua.com/shop/phan-hoa-nguyen-chat-hoa-bon-mua-lo-140g.html]
[matonghoabonmua.com/index1409.html]
[matonghoabonmua.com/shop/phan-hoa-nguyen-chat-hoa-bon-mua-lo-250g/feed/index.html]
[matonghoabonmua.com/wp-json/wp/v2/product/255.json]
[matonghoabonmua.com/wp-json/oembed/1.0/embedc1b2.json]
[matonghoabonmua.com/wp-json/oembed/1.0/embed65a2]
[matonghoabonmua.com/shop/phan-hoa-nguyen-chat-hoa-bon-mua-lo-250gaafe.html]
[matonghoabonmua.com/wp-content/uploads/2016/12/1443426952_chk_591_20150925_8936012540093_1_chon-600x600.jpg]
[matonghoabonmua.com/wp-content/uploads/2016/12/1443426952_chk_591_20150925_8936012540093_1_chon-762x762.jpg]
[matonghoabonmua.com/shop/phan-hoa-nguyen-chat-hoa-bon-mua-lo-250g3d2e.html]
[matonghoabonmua.com/wp-content/uploads/2016/12/1443426954_chk_591_20150925_8936012540093_4_chon-762x762.jpg]
[matonghoabonmua.com/wp-content/uploads/2016/12/1443426955_chk_591_20150925_8936012540093_3_chon-762x762.jpg]
[matonghoabonmua.com/shop/phan-hoa-nguyen-chat-hoa-bon-mua-lo-250g.html]
[matonghoabonmua.com/indexf83c.html]
[matonghoabonmua.com/shop/mat-ong-dac-biet-750ml-chai-tron/feed/index.html]
[matonghoabonmua.com/wp-json/wp/v2/product/447.json]
[matonghoabonmua.com/wp-json/oembed/1.0/embede85b.json]
[matonghoabonmua.com/wp-json/oembed/1.0/embedd71b]
[matonghoabonmua.com/wp-content/uploads/2016/12/db-2-600x600.jpg]
[matonghoabonmua.com/wp-content/uploads/2016/12/db-2-scaled-762x1016.jpg]
[matonghoabonmua.com/wp-content/uploads/2016/12/db-2-scaled-100x100.jpg]
[matonghoabonmua.com/wp-content/uploads/2016/12/db-1-600x600.jpg]
[matonghoabonmua.com/wp-content/uploads/2016/12/db-1-scaled-100x100.jpg]
[matonghoabonmua.com/shop/mat-ong-dac-biet-750ml-chai-tronc748.html]
[matonghoabonmua.com/tu-khoa-san-pham/mat-ong-dac-biet-750ml/index.html]
[matonghoabonmua.com/shop/mat-ong-dac-biet-750ml-chai-tron.html]
[matonghoabonmua.com/index9783.html]
[matonghoabonmua.com/shop/mat-ong-dac-biet-hoa-bon-mua-500gr/feed/index.html]
[matonghoabonmua.com/wp-json/wp/v2/product/380.json]
[matonghoabonmua.com/wp-json/oembed/1.0/embedae22.json]
[matonghoabonmua.com/wp-json/oembed/1.0/embedd1a8]
[matonghoabonmua.com/shop/mat-ong-dac-biet-hoa-bon-mua-500graafe.html]
[matonghoabonmua.com/wp-content/uploads/2016/12/07771_20150202_591_chk_8936012540147_1_chon-600x600.jpg]
[matonghoabonmua.com/wp-content/uploads/2016/12/07771_20150202_591_chk_8936012540147_1_chon-762x762.jpg]
[matonghoabonmua.com/wp-content/uploads/2016/12/07771_20150202_591_chk_8936012540147_1_chon-100x100.jpg]
[matonghoabonmua.com/wp-content/uploads/2016/12/08087_20150202_591_chk_8936012540147_2_chon-600x600.jpg]
[matonghoabonmua.com/wp-content/uploads/2016/12/08087_20150202_591_chk_8936012540147_2_chon-100x100.jpg]
[matonghoabonmua.com/shop/mat-ong-dac-biet-hoa-bon-mua-500gr437c.html]
[matonghoabonmua.com/wp-content/uploads/2016/12/08087_20150202_591_chk_8936012540147_2_chon-762x762.jpg]
[matonghoabonmua.com/shop/mat-ong-dac-biet-hoa-bon-mua-500gr.html]
[matonghoabonmua.com/index2210.html]
[matonghoabonmua.com/shop/mat-ong-dac-biet-hoa-bon-mua-lo-200g/feed/index.html]
[matonghoabonmua.com/wp-json/wp/v2/product/365.json]
[matonghoabonmua.com/wp-json/oembed/1.0/embedcf10.json]
[matonghoabonmua.com/wp-json/oembed/1.0/embed034d]
[matonghoabonmua.com/wp-content/uploads/2016/12/78802_91987_8936012540154_1_chon-600x600.jpg]
[matonghoabonmua.com/wp-content/uploads/2016/12/78802_91987_8936012540154_1_chon-762x762.jpg]
[matonghoabonmua.com/wp-content/uploads/2016/12/78802_91987_8936012540154_1_chon-100x100.jpg]
[matonghoabonmua.com/wp-content/uploads/2016/12/73719_52869_90868_8936012540031_112_goc-600x600.jpg]
[matonghoabonmua.com/wp-content/uploads/2016/12/73719_52869_90868_8936012540031_112_goc-100x100.jpg]
[matonghoabonmua.com/wp-content/uploads/2016/12/72213_52979_90938_8936012540031_113_goc-600x600.jpg]
[matonghoabonmua.com/wp-content/uploads/2016/12/72213_52979_90938_8936012540031_113_goc-100x100.jpg]
[matonghoabonmua.com/shop/mat-ong-dac-biet-hoa-bon-mua-lo-200ge7b0.html]
[matonghoabonmua.com/wp-content/uploads/2016/12/73719_52869_90868_8936012540031_112_goc-762x762.jpg]
[matonghoabonmua.com/wp-content/uploads/2016/12/78893_92090_8936012540154_2_chon-762x762.jpg]
[matonghoabonmua.com/tu-khoa-san-pham/mat-ong-dac-biet/index.html]
[matonghoabonmua.com/shop/mat-ong-dac-biet-hoa-bon-mua-lo-200g.html]
[matonghoabonmua.com/indexcd19.html]
[matonghoabonmua.com/shop/mat-ong-dac-biet-hoa-bon-mua-chai-750ml/feed/index.html]
[matonghoabonmua.com/wp-json/wp/v2/product/363.json]
[matonghoabonmua.com/wp-json/oembed/1.0/embed7be0.json]
[matonghoabonmua.com/wp-json/oembed/1.0/embedcac4]
[matonghoabonmua.com/shop/mat-ong-dac-biet-hoa-bon-mua-chai-750mlaafe.html]
[matonghoabonmua.com/wp-content/uploads/2016/12/82692_chk_591_20150522_8936012540116_2_chon-600x600.jpg]
[matonghoabonmua.com/wp-content/uploads/2016/12/82692_chk_591_20150522_8936012540116_2_chon-762x762.jpg]
[matonghoabonmua.com/wp-content/uploads/2016/12/82692_chk_591_20150522_8936012540116_2_chon-100x100.jpg]
[matonghoabonmua.com/wp-content/uploads/2016/12/82453_chk_591_20150522_8936012540116_3_chon-600x600.jpg]
[matonghoabonmua.com/wp-content/uploads/2016/12/82453_chk_591_20150522_8936012540116_3_chon-100x100.jpg]
[matonghoabonmua.com/wp-content/uploads/2016/12/82253_chk_591_20150522_8936012540116_1_chon-600x600.jpg]
[matonghoabonmua.com/wp-content/uploads/2016/12/82253_chk_591_20150522_8936012540116_1_chon-100x100.jpg]
[matonghoabonmua.com/shop/mat-ong-dac-biet-hoa-bon-mua-chai-750ml6faa.html]
[matonghoabonmua.com/wp-content/uploads/2016/12/82253_chk_591_20150522_8936012540116_1_chon-762x762.jpg]
[matonghoabonmua.com/wp-content/uploads/2016/12/82453_chk_591_20150522_8936012540116_3_chon-762x762.jpg]
[matonghoabonmua.com/shop/mat-ong-dac-biet-hoa-bon-mua-chai-750ml.html]
[matonghoabonmua.com/index6900.html]
[matonghoabonmua.com/shop/mat-ong-hoa-bon-mua-chai-350g/feed/index.html]
[matonghoabonmua.com/wp-json/wp/v2/product/357.json]
[matonghoabonmua.com/wp-json/oembed/1.0/embed31c1.json]
[matonghoabonmua.com/wp-json/oembed/1.0/embed4d00]
[matonghoabonmua.com/wp-content/uploads/2016/12/85531_8936012540284_1_chon-600x600.jpg]
[matonghoabonmua.com/wp-content/uploads/2016/12/85531_8936012540284_1_chon-762x762.jpg]
[matonghoabonmua.com/wp-content/uploads/2016/12/85531_8936012540284_1_chon-100x100.jpg]
[matonghoabonmua.com/wp-content/uploads/2016/12/85617_8936012540284_2_chon-600x600.jpg]
[matonghoabonmua.com/wp-content/uploads/2016/12/85617_8936012540284_2_chon-100x100.jpg]
[matonghoabonmua.com/wp-content/uploads/2016/12/85701_8936012540284_3_chon-600x600.jpg]
[matonghoabonmua.com/wp-content/uploads/2016/12/85701_8936012540284_3_chon-100x100.jpg]
[matonghoabonmua.com/shop/mat-ong-hoa-bon-mua-chai-350g6822.html]
[matonghoabonmua.com/wp-content/uploads/2016/12/85617_8936012540284_2_chon-762x762.jpg]
[matonghoabonmua.com/wp-content/uploads/2016/12/85701_8936012540284_3_chon-762x762.jpg]
[matonghoabonmua.com/shop/mat-ong-hoa-bon-mua-chai-350g.html]
[matonghoabonmua.com/indexf9c8.html]
[matonghoabonmua.com/shop/mat-ong-sua-chua-hoa-bon-mua-lo-300g/feed/index.html]
[matonghoabonmua.com/wp-json/wp/v2/product/379.json]
[matonghoabonmua.com/wp-json/oembed/1.0/embed97ed.json]
[matonghoabonmua.com/wp-json/oembed/1.0/embed41c9]
[matonghoabonmua.com/shop/mat-ong-sua-chua-hoa-bon-mua-lo-300gaafe.html]
[matonghoabonmua.com/wp-content/uploads/2016/12/09496_27gl42s2tl-600x600.jpg]
[matonghoabonmua.com/wp-content/uploads/2016/12/09496_27gl42s2tl-762x762.jpg]
[matonghoabonmua.com/wp-content/uploads/2016/12/09496_27gl42s2tl-100x100.jpg]
[matonghoabonmua.com/wp-content/uploads/2016/12/09582_o2923lwqdr-600x600.jpg]
[matonghoabonmua.com/wp-content/uploads/2016/12/09582_o2923lwqdr-100x100.jpg]
[matonghoabonmua.com/wp-content/uploads/2016/12/09540_arzwvw5ij3-600x600.jpg]
[matonghoabonmua.com/wp-content/uploads/2016/12/09540_arzwvw5ij3-100x100.jpg]
[matonghoabonmua.com/shop/mat-ong-sua-chua-hoa-bon-mua-lo-300gf0ee.html]
[matonghoabonmua.com/wp-content/uploads/2016/12/09540_arzwvw5ij3-762x762.jpg]
[matonghoabonmua.com/wp-content/uploads/2016/12/09582_o2923lwqdr-762x762.jpg]
[matonghoabonmua.com/tu-khoa-san-pham/mat-ong-sua-chua/index.html]
[matonghoabonmua.com/shop/mat-ong-sua-chua-hoa-bon-mua-lo-300g.html]
[matonghoabonmua.com/index2513.html]
[matonghoabonmua.com/shop/mat-ong-sua-chua-hoa-bon-mua-chai-375ml/feed/index.html]
[matonghoabonmua.com/wp-json/wp/v2/product/370.json]
[matonghoabonmua.com/wp-json/oembed/1.0/embed976e.json]
[matonghoabonmua.com/wp-json/oembed/1.0/embed6bee]
[matonghoabonmua.com/wp-content/uploads/2016/12/53696_91525_8936012540055_1_chon-600x600.jpg]
[matonghoabonmua.com/wp-content/uploads/2016/12/53696_91525_8936012540055_1_chon-762x762.jpg]
[matonghoabonmua.com/wp-content/uploads/2016/12/53696_91525_8936012540055_1_chon-100x100.jpg]
[matonghoabonmua.com/wp-content/uploads/2016/12/53767_91618_8936012540055_3_chon-600x600.jpg]
[matonghoabonmua.com/wp-content/uploads/2016/12/53767_91618_8936012540055_3_chon-100x100.jpg]
[matonghoabonmua.com/shop/mat-ong-sua-chua-hoa-bon-mua-chai-375mlf507.html]
[matonghoabonmua.com/wp-content/uploads/2016/12/53767_91618_8936012540055_3_chon-762x762.jpg]
[matonghoabonmua.com/shop/mat-ong-sua-chua-hoa-bon-mua-chai-375ml.html]
[matonghoabonmua.com/index1ab9.html]
[matonghoabonmua.com/shop/mat-ong-sua-chua-hoa-bon-mua-chai-600ml/feed/index.html]
[matonghoabonmua.com/wp-json/wp/v2/product/360.json]
[matonghoabonmua.com/wp-json/oembed/1.0/embed434b.json]
[matonghoabonmua.com/wp-json/oembed/1.0/embed9793]
[matonghoabonmua.com/shop/mat-ong-sua-chua-hoa-bon-mua-chai-600mlaafe.html]
[matonghoabonmua.com/wp-content/uploads/2016/12/83223_8936012540048_1_chon-600x600.jpg]
[matonghoabonmua.com/wp-content/uploads/2016/12/83223_8936012540048_1_chon-762x762.jpg]
[matonghoabonmua.com/wp-content/uploads/2016/12/83223_8936012540048_1_chon-100x100.jpg]
[matonghoabonmua.com/wp-content/uploads/2016/12/83406_8936012540048_3_chon-600x600.jpg]
[matonghoabonmua.com/wp-content/uploads/2016/12/83406_8936012540048_3_chon-100x100.jpg]
[matonghoabonmua.com/shop/mat-ong-sua-chua-hoa-bon-mua-chai-600ml3771.html]
[matonghoabonmua.com/wp-content/uploads/2016/12/83406_8936012540048_3_chon-762x762.jpg]
[matonghoabonmua.com/shop/mat-ong-sua-chua-hoa-bon-mua-chai-600ml.html]
[matonghoabonmua.com/index2df2.html]
[matonghoabonmua.com/shop/mat-ong-hoa-rung-hoa-bon-mua-chai-650ml/feed/index.html]
[matonghoabonmua.com/wp-json/wp/v2/product/364.json]
[matonghoabonmua.com/wp-json/oembed/1.0/embed205e.json]
[matonghoabonmua.com/wp-json/oembed/1.0/embeddb88]
[matonghoabonmua.com/shop/mat-ong-hoa-rung-hoa-bon-mua-chai-650mlaafe.html]
[matonghoabonmua.com/wp-content/uploads/2016/12/81585_8936012540017_1_chon-600x600.jpg]
[matonghoabonmua.com/wp-content/uploads/2016/12/81585_8936012540017_1_chon-762x762.jpg]
[matonghoabonmua.com/wp-content/uploads/2016/12/81585_8936012540017_1_chon-100x100.jpg]
[matonghoabonmua.com/wp-content/uploads/2016/12/81659_8936012540017_2_chon-600x600.jpg]
[matonghoabonmua.com/wp-content/uploads/2016/12/81659_8936012540017_2_chon-100x100.jpg]
[matonghoabonmua.com/shop/mat-ong-hoa-rung-hoa-bon-mua-chai-650ml0e16.html]
[matonghoabonmua.com/wp-content/uploads/2016/12/81585_8936012540017_1_chon-381x381.jpg]
[matonghoabonmua.com/wp-content/uploads/2016/12/81659_8936012540017_2_chon-381x381.jpg]
[matonghoabonmua.com/tu-khoa-san-pham/mat-ong-hoa-rung/index.html]
[matonghoabonmua.com/shop/mat-ong-hoa-rung-hoa-bon-mua-chai-650ml.html]
[matonghoabonmua.com/indexb9d5.html]
[matonghoabonmua.com/shop/mat-ong-hoa-rung-hoa-bon-mua-lo-375ml/feed/index.html]
[matonghoabonmua.com/wp-json/wp/v2/product/361.json]
[matonghoabonmua.com/wp-json/oembed/1.0/embeda8f1.json]
[matonghoabonmua.com/wp-json/oembed/1.0/embed5393]
[matonghoabonmua.com/shop/mat-ong-hoa-rung-hoa-bon-mua-lo-375mlaafe.html]
[matonghoabonmua.com/wp-content/uploads/2016/12/83119_gw3wpdn6gu-600x600.jpg]
[matonghoabonmua.com/wp-content/uploads/2016/12/83119_gw3wpdn6gu-762x762.jpg]
[matonghoabonmua.com/wp-content/uploads/2016/12/83119_gw3wpdn6gu-100x100.jpg]
[matonghoabonmua.com/wp-content/uploads/2016/12/83334_51qblvihks-600x600.jpg]
[matonghoabonmua.com/wp-content/uploads/2016/12/83334_51qblvihks-100x100.jpg]
[matonghoabonmua.com/wp-content/uploads/2016/12/83241_ht64s7k942-600x600.jpg]
[matonghoabonmua.com/wp-content/uploads/2016/12/83241_ht64s7k942-100x100.jpg]
[matonghoabonmua.com/shop/mat-ong-hoa-rung-hoa-bon-mua-lo-375ml34e5.html]
[matonghoabonmua.com/wp-content/uploads/2016/12/83334_51qblvihks-762x762.jpg]
[matonghoabonmua.com/shop/mat-ong-hoa-rung-hoa-bon-mua-lo-375ml.html]
[matonghoabonmua.com/index4d26.html]
[matonghoabonmua.com/shop/mat-ong-hoa-rung-hoa-bon-mua-lo-250g/feed/index.html]
[matonghoabonmua.com/wp-json/wp/v2/product/367.json]
[matonghoabonmua.com/wp-json/oembed/1.0/embed34ac.json]
[matonghoabonmua.com/wp-json/oembed/1.0/embedffa6]
[matonghoabonmua.com/shop/mat-ong-hoa-rung-hoa-bon-mua-lo-250gaafe.html]
[matonghoabonmua.com/wp-content/uploads/2016/12/71027_53078_90991_8936012540031_1_chon-600x600.jpg]
[matonghoabonmua.com/wp-content/uploads/2016/12/71027_53078_90991_8936012540031_1_chon-762x762.jpg]
[matonghoabonmua.com/wp-content/uploads/2016/12/71027_53078_90991_8936012540031_1_chon-100x100.jpg]
[matonghoabonmua.com/shop/mat-ong-hoa-rung-hoa-bon-mua-lo-250g53ea.html]
[matonghoabonmua.com/wp-content/uploads/2016/12/72213_52979_90938_8936012540031_113_goc-762x762.jpg]
[matonghoabonmua.com/shop/mat-ong-hoa-rung-hoa-bon-mua-lo-250g.html]
[matonghoabonmua.com/index733a.html]
[matonghoabonmua.com/shop/tinh-bot-nghe-500g/feed/index.html]
[matonghoabonmua.com/wp-json/wp/v2/product/451.json]
[matonghoabonmua.com/wp-json/oembed/1.0/embedd4dc.json]
[matonghoabonmua.com/wp-json/oembed/1.0/embedeee2]
[matonghoabonmua.com/wp-content/uploads/2016/12/DSC05212-600x600.jpg]
[matonghoabonmua.com/wp-content/uploads/2016/12/DSC05212-scaled-762x572.jpg]
[matonghoabonmua.com/shop/tinh-bot-nghe-500ge275.html]
[matonghoabonmua.com/shop/tinh-bot-nghe-500g.html]
[matonghoabonmua.com/indexa369.html]
[matonghoabonmua.com/shop/tinh-bot-nghe-huong-dua-hoa-bon-mua-hop-50g/feed/index.html]
[matonghoabonmua.com/wp-json/wp/v2/product/368.json]
[matonghoabonmua.com/wp-json/oembed/1.0/embed4efb.json]
[matonghoabonmua.com/wp-json/oembed/1.0/embed9518]
[matonghoabonmua.com/shop/tinh-bot-nghe-huong-dua-hoa-bon-mua-hop-50gaafe.html]
[matonghoabonmua.com/wp-content/uploads/2016/12/75560_8936012540260_1_chon-1-600x600.jpg]
[matonghoabonmua.com/wp-content/uploads/2016/12/75560_8936012540260_1_chon-1-762x762.jpg]
[matonghoabonmua.com/wp-content/uploads/2016/12/75560_8936012540260_1_chon-1-100x100.jpg]
[matonghoabonmua.com/wp-content/uploads/2016/12/59476_urdqoawxox-600x600.jpg]
[matonghoabonmua.com/wp-content/uploads/2016/12/59476_urdqoawxox-100x100.jpg]
[matonghoabonmua.com/wp-content/uploads/2016/12/59184_w8lee2fc6r-600x600.jpg]
[matonghoabonmua.com/wp-content/uploads/2016/12/59184_w8lee2fc6r-100x100.jpg]
[matonghoabonmua.com/shop/tinh-bot-nghe-huong-dua-hoa-bon-mua-hop-50gb2b4.html]
[matonghoabonmua.com/wp-content/uploads/2016/12/75897_8936012540260_3_chon-762x762.243.delayed]
[matonghoabonmua.com/wp-content/uploads/2016/12/3374fe_simg_d0daf0_800x1200_max-762x1077.jpg]
[matonghoabonmua.com/tu-khoa-san-pham/tinh-bot-nghe/index.html]
[matonghoabonmua.com/shop/tinh-bot-nghe-huong-dua-hoa-bon-mua-hop-50g.html]
[matonghoabonmua.com/index8949.html]
[matonghoabonmua.com/shop/tinh-bot-nghe-hoa-bon-mua-hop-200g/feed/index.html]
[matonghoabonmua.com/wp-json/wp/v2/product/366.json]
[matonghoabonmua.com/wp-json/oembed/1.0/embedf4a8.json]
[matonghoabonmua.com/wp-json/oembed/1.0/embed0b72]
[matonghoabonmua.com/shop/tinh-bot-nghe-hoa-bon-mua-hop-200gaafe.html]
[matonghoabonmua.com/wp-content/uploads/2016/12/1440152074_boc_591_20150819_8936012540277_1_chon-600x600.jpg]
[matonghoabonmua.com/wp-content/uploads/2016/12/1440152074_boc_591_20150819_8936012540277_1_chon-762x762.jpg]
[matonghoabonmua.com/wp-content/uploads/2016/12/1440152074_boc_591_20150819_8936012540277_1_chon-100x100.jpg]
[matonghoabonmua.com/wp-content/uploads/2016/12/1440152075_boc_591_20150819_8936012540277_2_chon-600x600.jpg]
[matonghoabonmua.com/wp-content/uploads/2016/12/1440152075_boc_591_20150819_8936012540277_2_chon-100x100.jpg]
[matonghoabonmua.com/wp-content/uploads/2016/12/1440152077_boc_591_20150819_8936012540277_3_chon-600x600.jpg]
[matonghoabonmua.com/wp-content/uploads/2016/12/1440152077_boc_591_20150819_8936012540277_3_chon-100x100.jpg]
[matonghoabonmua.com/wp-content/uploads/2016/12/1440152077_boc_591_20150819_8936012540277_4_chon-600x600.jpg]
[matonghoabonmua.com/wp-content/uploads/2016/12/1440152077_boc_591_20150819_8936012540277_4_chon-100x100.jpg]
[matonghoabonmua.com/wp-content/uploads/2016/12/1440152078_boc_591_20150819_8936012540277_5_chon-600x600.jpg]
[matonghoabonmua.com/wp-content/uploads/2016/12/1440152078_boc_591_20150819_8936012540277_5_chon-100x100.jpg]
[matonghoabonmua.com/shop/tinh-bot-nghe-hoa-bon-mua-hop-200gfb14.html]
[matonghoabonmua.com/wp-content/uploads/2016/12/1440152077_boc_591_20150819_8936012540277_3_chon-762x762.jpg]
[matonghoabonmua.com/wp-content/uploads/2016/12/1440152077_boc_591_20150819_8936012540277_4_chon-762x762.jpg]
[matonghoabonmua.com/wp-content/uploads/2016/12/1440152075_boc_591_20150819_8936012540277_2_chon-762x762.jpg]
[matonghoabonmua.com/shop/tinh-bot-nghe-hoa-bon-mua-hop-200g.html]
[matonghoabonmua.com/index9500.html]
[matonghoabonmua.com/shop/mat-ong-phan-hoa-nghe-hoa-bon-mua-lo-280g/feed/index.html]
[matonghoabonmua.com/wp-json/wp/v2/product/373.json]
[matonghoabonmua.com/wp-json/oembed/1.0/embedbceb.json]
[matonghoabonmua.com/wp-json/oembed/1.0/embedaa7b]
[matonghoabonmua.com/wp-content/uploads/2016/12/27158_54109_8936012540123_1_chon-600x600.jpg]
[matonghoabonmua.com/wp-content/uploads/2016/12/27158_54109_8936012540123_1_chon-762x762.jpg]
[matonghoabonmua.com/wp-content/uploads/2016/12/27158_54109_8936012540123_1_chon-100x100.jpg]
[matonghoabonmua.com/wp-content/uploads/2016/12/27258_54153_8936012540123_2_chon-600x600.jpg]
[matonghoabonmua.com/wp-content/uploads/2016/12/27258_54153_8936012540123_2_chon-100x100.jpg]
[matonghoabonmua.com/shop/mat-ong-phan-hoa-nghe-hoa-bon-mua-lo-280g9ba7.html]
[matonghoabonmua.com/tu-khoa-san-pham/mat-ong-phan-hoa-nghe/index.html]
[matonghoabonmua.com/shop/mat-ong-phan-hoa-nghe-hoa-bon-mua-lo-280g.html]
[matonghoabonmua.com/index57f7.html]
[matonghoabonmua.com/shop/mat-ong-phan-hoa-nghe-hoa-bon-mua-lo-140g/feed/index.html]
[matonghoabonmua.com/wp-json/wp/v2/product/372.json]
[matonghoabonmua.com/wp-json/oembed/1.0/embed7ad3.json]
[matonghoabonmua.com/wp-json/oembed/1.0/embedf80f]
[matonghoabonmua.com/shop/mat-ong-phan-hoa-nghe-hoa-bon-mua-lo-140gaafe.html]
[matonghoabonmua.com/wp-content/uploads/2016/12/35862_20150202_591_chk_8936012540130_1_chon-600x600.jpg]
[matonghoabonmua.com/wp-content/uploads/2016/12/35862_20150202_591_chk_8936012540130_1_chon-762x762.jpg]
[matonghoabonmua.com/wp-content/uploads/2016/12/35862_20150202_591_chk_8936012540130_1_chon-100x100.jpg]
[matonghoabonmua.com/wp-content/uploads/2016/12/36029_20150202_591_chk_8936012540130_2_chon-600x600.jpg]
[matonghoabonmua.com/wp-content/uploads/2016/12/36029_20150202_591_chk_8936012540130_2_chon-100x100.jpg]
[matonghoabonmua.com/shop/mat-ong-phan-hoa-nghe-hoa-bon-mua-lo-140g5cce.html]
[matonghoabonmua.com/shop/mat-ong-phan-hoa-nghe-hoa-bon-mua-lo-140g.html]
[matonghoabonmua.com/indexb994.html]
[matonghoabonmua.com/shop/sua-ong-chua-tuoi-hoa-bon-mua-lo-100g/feed/index.html]
[matonghoabonmua.com/wp-json/wp/v2/product/356.json]
[matonghoabonmua.com/wp-json/oembed/1.0/embed812b.json]
[matonghoabonmua.com/wp-json/oembed/1.0/embed93b8]
[matonghoabonmua.com/wp-content/uploads/2016/12/86087_89c1m9bfdy-600x600.jpg]
[matonghoabonmua.com/wp-content/uploads/2016/12/86087_89c1m9bfdy-762x762.jpg]
[matonghoabonmua.com/shop/sua-ong-chua-tuoi-hoa-bon-mua-lo-100gb3ff.html]
[matonghoabonmua.com/wp-content/uploads/2016/12/86426_o8oycxtdv2-762x762.jpg]
[matonghoabonmua.com/tu-khoa-san-pham/sua-ong-chua/index.html]
[matonghoabonmua.com/tu-khoa-san-pham/sua-ong-chua-nguyen-chat/index.html]
[matonghoabonmua.com/shop/sua-ong-chua-tuoi-hoa-bon-mua-lo-100g.html]
[matonghoabonmua.com/index549e.html]
[matonghoabonmua.com/wp-json/wp/v2/product/351.json]
[matonghoabonmua.com/shop/sua-ong-chua-hoa-bon-mua-lo-50g/feed/index.html]
[matonghoabonmua.com/wp-json/oembed/1.0/embedb9e7.json]
[matonghoabonmua.com/wp-json/oembed/1.0/embed1f60]
[matonghoabonmua.com/shop/sua-ong-chua-hoa-bon-mua-lo-50gaafe.html]
[matonghoabonmua.com/wp-content/uploads/2016/12/1440151771_boc_591_20150819_8936012540074_1_chon-600x600.jpg]
[matonghoabonmua.com/wp-content/uploads/2016/12/1440151771_boc_591_20150819_8936012540074_1_chon-762x762.jpg]
[matonghoabonmua.com/shop/sua-ong-chua-hoa-bon-mua-lo-50gb005.html]
[matonghoabonmua.com/wp-content/uploads/2016/12/1440151770_boc_591_20150819_8936012540074_3_chon-762x762.jpg]
[matonghoabonmua.com/wp-content/uploads/2016/12/1440151770_boc_591_20150819_8936012540074_2_chon-762x762.jpg]
[matonghoabonmua.com/tu-khoa-san-pham/sua-ong-chua-tuoi/index.html]
[matonghoabonmua.com/shop/sua-ong-chua-hoa-bon-mua-lo-50g.html]
[matonghoabonmua.com/index5ff1.html]
[dienthoai01.beweb.vn/wp-content/uploads/2016/02/chapnhan1.html]
[dienthoai01.beweb.vn/wp-content/uploads/2016/02/chapnhan2.html]
[dienthoai01.beweb.vn/wp-content/uploads/2016/02/chapnhan3.html]
[connect.facebook.net/vi_VN/sdk.js]
[matonghoabonmua.com/wp-json/wp/v2/pages/31.json]
[matonghoabonmua.com/4-sai-lam-thuong-gap-khi-su-dung-mat-ong/index.html]
[matonghoabonmua.com/thoi-gian-nao-uong-mat-ong-la-tot-nhat/index.html]
[matonghoabonmua.com/bao-ve-lan-da-tang-cuong-suc-khoe-voi-cong-thuc-don-gian-tu-mat-ong/index.html]
[matonghoabonmua.com/wp-json/oembed/1.0/embed3943.json]
[matonghoabonmua.com/wp-json/oembed/1.0/embedd523]
[matonghoabonmua.com/huong-dan-mua-hang-online.html]
[matonghoabonmua.com/huong-dan-mua-hang-onlineaafe.html]
[matonghoabonmua.com/wp-json/wp/v2/pages/29.json]
[matonghoabonmua.com/wp-json/oembed/1.0/embedae86.json]
[matonghoabonmua.com/wp-json/oembed/1.0/embed0100]
[matonghoabonmua.com/tuyen-dung/index.html]
[matonghoabonmua.com/wp-content/themes/eco_beweb/mmenu/css/jquery.mmenu.all.css]
[matonghoabonmua.com/wp-content/themes/eco_beweb/font-awesome/fonts/fontawesome-webfont5b62.html]
[matonghoabonmua.com/wp-content/themes/eco_beweb/font-awesome/fonts/fontawesome-webfont5b62.svg]
[matonghoabonmua.com/wp-content/plugins/yith-woocommerce-wishlist/assets/fonts/fontawesome-webfont3e6e.html]
[matonghoabonmua.com/wp-content/plugins/yith-woocommerce-wishlist/assets/fonts/fontawesome-webfont3e6e.svg]
[matonghoabonmua.com/wp-content/plugins/woocommerce/assets/fonts/star.svg]
[matonghoabonmua.com/wp-content/plugins/woocommerce/assets/fonts/WooCommerce.svg]
[matonghoabonmua.com/wp-content/plugins/woocommerce/assets/images/icons/loader.svg]
[matonghoabonmua.com/wp-content/plugins/woocommerce/assets/images/icons/credit-cards/visa.svg]
[matonghoabonmua.com/wp-content/plugins/woocommerce/assets/images/icons/credit-cards/mastercard.svg]
[matonghoabonmua.com/wp-content/plugins/woocommerce/assets/images/icons/credit-cards/laser.svg]
[matonghoabonmua.com/wp-content/plugins/woocommerce/assets/images/icons/credit-cards/diners.svg]
[matonghoabonmua.com/wp-content/plugins/woocommerce/assets/images/icons/credit-cards/maestro.svg]
[matonghoabonmua.com/wp-content/plugins/woocommerce/assets/images/icons/credit-cards/jcb.svg]
[matonghoabonmua.com/wp-content/plugins/woocommerce/assets/images/icons/credit-cards/amex.svg]
[matonghoabonmua.com/wp-content/plugins/woocommerce/assets/images/icons/credit-cards/discover.svg]
[matonghoabonmua.com/wp-content/plugins/ultimate-member/assets/font/ionicons28b5.svg]
[matonghoabonmua.com/wp-content/plugins/ultimate-member/assets/font/fontawesome-webfont78ce.svg]
[matonghoabonmua.com/wp-content/plugins/ultimate-member/assets/font/raty.svg]
[matonghoabonmua.com/chrome-extension_/index.html]
[matonghoabonmua.com/^([^_/indexd41d.html]
[matonghoabonmua.com/restserver.html]
[matonghoabonmua.com/ABCDEFGHIJKLMNOPQRSTUVWXYZabcdefghijklmnopqrstuvwxyz0123456789+/index.html]
[matonghoabonmua.com/GET.html]
[matonghoabonmua.com/dialog/index.html]
[matonghoabonmua.com/LiveChatEvent/index.html]
[matonghoabonmua.com/rsrc.php/index.html]
[matonghoabonmua.com/index00c2.html]
[matonghoabonmua.com/index8da8.html]
[matonghoabonmua.com/wp-json/wp/v2/pages/745.json]
[matonghoabonmua.com/wp-json/oembed/1.0/embedc734.json]
[matonghoabonmua.com/wp-json/oembed/1.0/embedeb44]
[matonghoabonmua.com/password-reset.html]
[matonghoabonmua.com/index1e7e.html]
[matonghoabonmua.com/shop/index.html]
[matonghoabonmua.com/shop/feed/index.html]
[matonghoabonmua.com/shop.html]
[matonghoabonmua.com/index40a0.html]
[matonghoabonmua.com/danh-muc-san-pham/chua-phan-loai/index.html]
[matonghoabonmua.com/danh-muc-san-pham/mat-ong-tu-nhien/index.html]
[matonghoabonmua.com/danh-muc-san-pham/san-pham/index2995.html]
[matonghoabonmua.com/danh-muc-san-pham/san-pham/indexf9c8.html]
[matonghoabonmua.com/danh-muc-san-pham/san-pham/index2210.html]
[matonghoabonmua.com/danh-muc-san-pham/san-pham/index6900.html]
[matonghoabonmua.com/danh-muc-san-pham/san-pham/indexcd19.html]
[matonghoabonmua.com/danh-muc-san-pham/san-pham/indexb9d5.html]
[matonghoabonmua.com/danh-muc-san-pham/san-pham/index733a.html]
[matonghoabonmua.com/danh-muc-san-pham/san-pham/index4d26.html]
[matonghoabonmua.com/danh-muc-san-pham/san-pham/indexb994.html]
[matonghoabonmua.com/danh-muc-san-pham/san-pham/index57f7.html]
[matonghoabonmua.com/danh-muc-san-pham/san-pham/index1ab9.html]
[matonghoabonmua.com/danh-muc-san-pham/san-pham/index2df2.html]
[matonghoabonmua.com/danh-muc-san-pham/san-pham/index2513.html]
[matonghoabonmua.com/danh-muc-san-pham/chua-phan-loai/feed/index.html]
[matonghoabonmua.com/danh-muc-san-pham/mat-ong-tu-nhien/feed/index.html]
[matonghoabonmua.com/wp-json/wp/v2/product/359.json]
[matonghoabonmua.com/shop/mat-ong-tu-nhien-hoa-bon-mua-chai-650ml/feed/index.html]
[matonghoabonmua.com/wp-json/oembed/1.0/embedde10.json]
[matonghoabonmua.com/wp-json/oembed/1.0/embed7b87]
[matonghoabonmua.com/wp-content/uploads/2016/12/84049_8936012540079_1_chon-600x600.jpg]
[matonghoabonmua.com/wp-content/uploads/2016/12/84049_8936012540079_1_chon-762x762.jpg]
[matonghoabonmua.com/wp-content/uploads/2016/12/84049_8936012540079_1_chon-100x100.jpg]
[matonghoabonmua.com/wp-content/uploads/2016/12/84128_8936012540079_2_chon-600x600.jpg]
[matonghoabonmua.com/wp-content/uploads/2016/12/84128_8936012540079_2_chon-100x100.jpg]
[matonghoabonmua.com/shop/mat-ong-tu-nhien-hoa-bon-mua-chai-650ml5b87.html]
[matonghoabonmua.com/wp-content/uploads/2016/12/84128_8936012540079_2_chon-762x762.jpg]
[matonghoabonmua.com/shop/mat-ong-tu-nhien-hoa-bon-mua-chai-650ml.html]
[matonghoabonmua.com/danh-muc-san-pham/san-pham/index8b37.html]
[matonghoabonmua.com/danh-muc-san-pham/san-pham/index4776.html]
[matonghoabonmua.com/danh-muc-san-pham/san-pham/index1409.html]
[matonghoabonmua.com/danh-muc-san-pham/san-pham/index549e.html]
[matonghoabonmua.com/danh-muc-san-pham/san-pham/index9500.html]
[matonghoabonmua.com/danh-muc-san-pham/san-pham/index8949.html]
[matonghoabonmua.com/danh-muc-san-pham/mat-ong-cao-cap/indexb0c6.html]
[matonghoabonmua.com/danh-muc-san-pham/mat-ong-cao-cap/index2995.html]
[matonghoabonmua.com/danh-muc-san-pham/mat-ong-cao-cap/index08ee.html]
[matonghoabonmua.com/danh-muc-san-pham/mat-ong-dac-biet/indexf9c8.html]
[matonghoabonmua.com/danh-muc-san-pham/mat-ong-dac-biet/index9783.html]
[matonghoabonmua.com/danh-muc-san-pham/mat-ong-dac-biet/index2210.html]
[matonghoabonmua.com/danh-muc-san-pham/mat-ong-dac-biet/index6900.html]
[matonghoabonmua.com/danh-muc-san-pham/mat-ong-dac-biet/indexcd19.html]
[matonghoabonmua.com/shop/mat-ong-lo-su-350g/feed/index.html]
[matonghoabonmua.com/wp-json/wp/v2/product/353.json]
[matonghoabonmua.com/wp-json/oembed/1.0/embed8e9d.json]
[matonghoabonmua.com/wp-json/oembed/1.0/embed3a76]
[matonghoabonmua.com/shop/mat-ong-lo-su-350gaafe.html]
[matonghoabonmua.com/wp-content/uploads/2016/12/1440151646_boc_591_20150819_8936012540067_1_chon-600x600.jpg]
[matonghoabonmua.com/wp-content/uploads/2016/12/1440151646_boc_591_20150819_8936012540067_1_chon-762x762.jpg]
[matonghoabonmua.com/shop/mat-ong-lo-su-350gcca4.html]
[matonghoabonmua.com/wp-content/uploads/2016/12/1440151648_boc_591_20150819_8936012540067_2_chon-762x762.jpg]
[matonghoabonmua.com/tu-khoa-san-pham/mat-ong-lo-su/index.html]
[matonghoabonmua.com/shop/mat-ong-lo-su-350g.html]
[matonghoabonmua.com/danh-muc-san-pham/mat-ong-lo-su/indexb1d6.html]
[matonghoabonmua.com/shop/mat-ong-lo-su-hoa-bon-mua-250g/feed/index.html]
[matonghoabonmua.com/wp-json/wp/v2/product/352.json]
[matonghoabonmua.com/wp-json/oembed/1.0/embed950f.json]
[matonghoabonmua.com/wp-json/oembed/1.0/embed969c]
[matonghoabonmua.com/shop/mat-ong-lo-su-hoa-bon-mua-250gaafe.html]
[matonghoabonmua.com/wp-content/uploads/2016/12/1440151606_boc_591_20150819_8936012540068_1_chon-600x600.jpg]
[matonghoabonmua.com/wp-content/uploads/2016/12/1440151606_boc_591_20150819_8936012540068_1_chon-762x762.jpg]
[matonghoabonmua.com/shop/mat-ong-lo-su-hoa-bon-mua-250g1737.html]
[matonghoabonmua.com/wp-content/uploads/2016/12/1440151607_boc_591_20150819_8936012540068_2_chon-762x762.jpg]
[matonghoabonmua.com/shop/mat-ong-lo-su-hoa-bon-mua-250g.html]
[matonghoabonmua.com/danh-muc-san-pham/mat-ong-lo-su/indexb8cd.html]
[matonghoabonmua.com/danh-muc-san-pham/mat-ong-hoa-rung/indexb9d5.html]
[matonghoabonmua.com/danh-muc-san-pham/mat-ong-hoa-rung/index733a.html]
[matonghoabonmua.com/danh-muc-san-pham/mat-ong-hoa-rung/index4d26.html]
[matonghoabonmua.com/danh-muc-san-pham/mat-ong-sua-chua/index1ab9.html]
[matonghoabonmua.com/danh-muc-san-pham/mat-ong-sua-chua/index2df2.html]
[matonghoabonmua.com/danh-muc-san-pham/mat-ong-sua-chua/index2513.html]
[matonghoabonmua.com/danh-muc-san-pham/mat-ong-nghe-phan-hoa/indexb994.html]
[matonghoabonmua.com/danh-muc-san-pham/mat-ong-nghe-phan-hoa/index57f7.html]
[matonghoabonmua.com/danh-muc-san-pham/sua-ong-chua-tuoi-nguyen-chat/index5ff1.html]
[matonghoabonmua.com/danh-muc-san-pham/sua-ong-chua-tuoi-nguyen-chat/index549e.html]
[matonghoabonmua.com/danh-muc-san-pham/phan-hoa-nguyen-chat/index4776.html]
[matonghoabonmua.com/danh-muc-san-pham/phan-hoa-nguyen-chat/index1409.html]
[matonghoabonmua.com/danh-muc-san-pham/phan-hoa-nguyen-chat/indexf83c.html]
[matonghoabonmua.com/index1c4a.html]
[matonghoabonmua.com/danh-muc-san-pham/tinh-bot-nghe/indexa369.html]
[matonghoabonmua.com/danh-muc-san-pham/tinh-bot-nghe/index9500.html]
[matonghoabonmua.com/danh-muc-san-pham/tinh-bot-nghe/index8949.html]
[matonghoabonmua.com/wp-content/plugins/yith-woocommerce-zoom-magnifier/assets/css/yith_magnifierfcc2.css]
[matonghoabonmua.com/wp-content/plugins/yith-woocommerce-zoom-magnifier/assets/images/slider-arrow.png]
[matonghoabonmua.com/wp-content/plugins/yith-woocommerce-zoom-magnifier/assets/css/frontendfcc2.css]
[matonghoabonmua.com/indexfcc0.html]
[matonghoabonmua.com/video1-trang-trai-nuoi-ong-co-mat-ong-hoa-bon-mua/index.html]
[matonghoabonmua.com/bat-mi-20-tac-dung-ky-tu-mat-ong-tu-nhien/index.html]
[matonghoabonmua.com/shop/mat-ong-cao-cap-350gree03.html]
[matonghoabonmua.com/shop/mat-ong-cao-cap-350gr6d36.html]
[matonghoabonmua.com/index9833.html]
[matonghoabonmua.com/tu-khoa-san-pham/mat-ong-cao-cap/feed/index.html]
[matonghoabonmua.com/wishlist/index.html]
[matonghoabonmua.com/tu-khoa-san-pham/mat-ong-cao-cap/index.html]
[matonghoabonmua.com/indexc9bf.html]
[matonghoabonmua.com/shop/mat-ong-cao-cap-toan-hoa-bon-mua-hop-1kgf343.html]
[matonghoabonmua.com/shop/mat-ong-cao-cap-toan-hoa-bon-mua-hop-1kge747.html]
[matonghoabonmua.com/index59a3.html]
[matonghoabonmua.com/tu-khoa-san-pham/mat-ong-hoa-bon-mua/feed/index.html]
[matonghoabonmua.com/tu-khoa-san-pham/mat-ong-hoa-bon-mua/index.html]
[matonghoabonmua.com/indexca25.html]
[matonghoabonmua.com/cartc850.html]
[matonghoabonmua.com/cartaafe.html]
[matonghoabonmua.com/wp-json/wp/v2/pages/35.json]
[matonghoabonmua.com/wp-json/oembed/1.0/embedf343.json]
[matonghoabonmua.com/wp-json/oembed/1.0/embed0910]
[matonghoabonmua.com/wp-content/plugins/woocommerce/assets/js/frontend/checkout.minc063.js]
[matonghoabonmua.com/checkout/index.html]
[matonghoabonmua.com/my-account/lost-password/index.html]
[matonghoabonmua.com/shop/mat-ong-cao-cap-toan-hoa-bon-mua-hop-500g8fc8.html]
[matonghoabonmua.com/index28c9.html]
[matonghoabonmua.com/indexe8d3.html]
[matonghoabonmua.com/shop/phan-hoa-nguyen-chat-hoa-bon-mua-hop-500gaafe.html]
[matonghoabonmua.com/shop/phan-hoa-nguyen-chat-hoa-bon-mua-hop-500g8357.html]
[matonghoabonmua.com/index2eed.html]
[matonghoabonmua.com/tu-khoa-san-pham/phan-hoa-nguyen-chat/index.html]
[matonghoabonmua.com/tu-khoa-san-pham/phan-hoa-nguyen-chat/feed/index.html]
[matonghoabonmua.com/index9f0a.html]
[matonghoabonmua.com/shop/phan-hoa-nguyen-chat-hoa-bon-mua-lo-140gba75.html]
[matonghoabonmua.com/index991e.html]
[matonghoabonmua.com/index0c93.html]
[matonghoabonmua.com/shop/phan-hoa-nguyen-chat-hoa-bon-mua-lo-250gaafe.html]
[matonghoabonmua.com/shop/phan-hoa-nguyen-chat-hoa-bon-mua-lo-250g3d2e.html]
[matonghoabonmua.com/indexbfa7.html]
[matonghoabonmua.com/index42fe.html]
[matonghoabonmua.com/shop/mat-ong-dac-biet-750ml-chai-tronc748.html]
[matonghoabonmua.com/index83e8.html]
[matonghoabonmua.com/tu-khoa-san-pham/mat-ong-dac-biet-750ml/index.html]
[matonghoabonmua.com/index0dc6.html]
[matonghoabonmua.com/tu-khoa-san-pham/mat-ong-dac-biet-750ml/feed/index.html]
[matonghoabonmua.com/shop/mat-ong-dac-biet-hoa-bon-mua-500graafe.html]
[matonghoabonmua.com/shop/mat-ong-dac-biet-hoa-bon-mua-500gr437c.html]
[matonghoabonmua.com/index8958.html]
[matonghoabonmua.com/index18ee.html]
[matonghoabonmua.com/shop/mat-ong-dac-biet-hoa-bon-mua-lo-200g9af8.html]
[matonghoabonmua.com/shop/mat-ong-dac-biet-hoa-bon-mua-lo-200ge7b0.html]
[matonghoabonmua.com/indexe6e6.html]
[matonghoabonmua.com/tu-khoa-san-pham/mat-ong-dac-biet/index.html]
[matonghoabonmua.com/tu-khoa-san-pham/mat-ong-dac-biet/feed/index.html]
[matonghoabonmua.com/index481e.html]
[matonghoabonmua.com/shop/mat-ong-dac-biet-hoa-bon-mua-chai-750mlaafe.html]
[matonghoabonmua.com/shop/mat-ong-dac-biet-hoa-bon-mua-chai-750ml6faa.html]
[matonghoabonmua.com/indexd246.html]
[matonghoabonmua.com/indexec1b.html]
[matonghoabonmua.com/shop/mat-ong-hoa-bon-mua-chai-350g6822.html]
[matonghoabonmua.com/index9292.html]
[matonghoabonmua.com/index60bd.html]
[matonghoabonmua.com/shop/mat-ong-sua-chua-hoa-bon-mua-lo-300gaafe.html]
[matonghoabonmua.com/shop/mat-ong-sua-chua-hoa-bon-mua-lo-300gf0ee.html]
[matonghoabonmua.com/index4507.html]
[matonghoabonmua.com/tu-khoa-san-pham/mat-ong-sua-chua/index.html]
[matonghoabonmua.com/tu-khoa-san-pham/mat-ong-sua-chua/feed/index.html]
[matonghoabonmua.com/index12d0.html]
[matonghoabonmua.com/shop/mat-ong-sua-chua-hoa-bon-mua-chai-375mlf507.html]
[matonghoabonmua.com/indexf445.html]
[matonghoabonmua.com/index4c85.html]
[matonghoabonmua.com/shop/mat-ong-sua-chua-hoa-bon-mua-chai-600mlaafe.html]
[matonghoabonmua.com/shop/mat-ong-sua-chua-hoa-bon-mua-chai-600ml3771.html]
[matonghoabonmua.com/index66db.html]
[matonghoabonmua.com/index0364.html]
[matonghoabonmua.com/shop/mat-ong-hoa-rung-hoa-bon-mua-chai-650mlaafe.html]
[matonghoabonmua.com/shop/mat-ong-hoa-rung-hoa-bon-mua-chai-650ml0e16.html]
[matonghoabonmua.com/indexa1b7.html]
[matonghoabonmua.com/tu-khoa-san-pham/mat-ong-hoa-rung/index.html]
[matonghoabonmua.com/tu-khoa-san-pham/mat-ong-hoa-rung/feed/index.html]
[matonghoabonmua.com/index76f0.html]
[matonghoabonmua.com/shop/mat-ong-hoa-rung-hoa-bon-mua-lo-375mlaafe.html]
[matonghoabonmua.com/shop/mat-ong-hoa-rung-hoa-bon-mua-lo-375ml34e5.html]
[matonghoabonmua.com/index1c13.html]
[matonghoabonmua.com/index55d4.html]
[matonghoabonmua.com/shop/mat-ong-hoa-rung-hoa-bon-mua-lo-250gaafe.html]
[matonghoabonmua.com/shop/mat-ong-hoa-rung-hoa-bon-mua-lo-250g53ea.html]
[matonghoabonmua.com/index1be6.html]
[matonghoabonmua.com/indexc31c.html]
[matonghoabonmua.com/shop/tinh-bot-nghe-500ge275.html]
[matonghoabonmua.com/index2772.html]
[matonghoabonmua.com/index5ee4.html]
[matonghoabonmua.com/shop/tinh-bot-nghe-huong-dua-hoa-bon-mua-hop-50gaafe.html]
[matonghoabonmua.com/shop/tinh-bot-nghe-huong-dua-hoa-bon-mua-hop-50gb2b4.html]
[matonghoabonmua.com/index6033.html]
[matonghoabonmua.com/tu-khoa-san-pham/tinh-bot-nghe/index.html]
[matonghoabonmua.com/index7aa0.html]
[matonghoabonmua.com/tu-khoa-san-pham/tinh-bot-nghe/feed/index.html]
[matonghoabonmua.com/shop/tinh-bot-nghe-hoa-bon-mua-hop-200gaafe.html]
[matonghoabonmua.com/shop/tinh-bot-nghe-hoa-bon-mua-hop-200gfb14.html]
[matonghoabonmua.com/index1ca3.html]
[matonghoabonmua.com/index7080.html]
[matonghoabonmua.com/shop/mat-ong-phan-hoa-nghe-hoa-bon-mua-lo-280g9ba7.html]
[matonghoabonmua.com/index2b01.html]
[matonghoabonmua.com/tu-khoa-san-pham/mat-ong-phan-hoa-nghe/index.html]
[matonghoabonmua.com/indexc3ba.html]
[matonghoabonmua.com/tu-khoa-san-pham/mat-ong-phan-hoa-nghe/feed/index.html]
[matonghoabonmua.com/shop/mat-ong-phan-hoa-nghe-hoa-bon-mua-lo-140gaafe.html]
[matonghoabonmua.com/shop/mat-ong-phan-hoa-nghe-hoa-bon-mua-lo-140g5cce.html]
[matonghoabonmua.com/indexb910.html]
[matonghoabonmua.com/index57e7.html]
[matonghoabonmua.com/shop/sua-ong-chua-tuoi-hoa-bon-mua-lo-100gb3ff.html]
[matonghoabonmua.com/indexea3d.html]
[matonghoabonmua.com/tu-khoa-san-pham/sua-ong-chua/index.html]
[matonghoabonmua.com/tu-khoa-san-pham/sua-ong-chua/feed/index.html]
[matonghoabonmua.com/tu-khoa-san-pham/sua-ong-chua-nguyen-chat/index.html]
[matonghoabonmua.com/tu-khoa-san-pham/sua-ong-chua-nguyen-chat/feed/index.html]
[matonghoabonmua.com/indexec81.html]
[matonghoabonmua.com/shop/sua-ong-chua-hoa-bon-mua-lo-50gaafe.html]
[matonghoabonmua.com/shop/sua-ong-chua-hoa-bon-mua-lo-50gb005.html]
[matonghoabonmua.com/indexed42.html]
[matonghoabonmua.com/tu-khoa-san-pham/sua-ong-chua-tuoi/index.html]
[matonghoabonmua.com/tu-khoa-san-pham/sua-ong-chua-tuoi/feed/index.html]
[matonghoabonmua.com/bao-ve-lan-da-tang-cuong-suc-khoe-voi-cong-thuc-don-gian-tu-mat-ong/index.html]
[matonghoabonmua.com/4-sai-lam-thuong-gap-khi-su-dung-mat-ong/index.html]
[matonghoabonmua.com/indexc7e3.html]
[matonghoabonmua.com/huong-dan-mua-hang-onlineaafe.html]
[matonghoabonmua.com/index9cd7.html]
[matonghoabonmua.com/indexaaca.html]
[matonghoabonmua.com/shop/index.html]
[matonghoabonmua.com/thoi-gian-nao-uong-mat-ong-la-tot-nhat/index.html]
[matonghoabonmua.com/shopb8cd.html]
[matonghoabonmua.com/danh-muc-san-pham/mat-ong-tu-nhien/index8b37.html]
[matonghoabonmua.com/indexcaf0.html]
[matonghoabonmua.com/shop/mat-ong-tu-nhien-hoa-bon-mua-chai-650ml5b87.html]
[matonghoabonmua.com/indexee53.html]
[matonghoabonmua.com/indexbc6e.html]
[matonghoabonmua.com/shop/mat-ong-lo-su-350gaafe.html]
[matonghoabonmua.com/shop/mat-ong-lo-su-350gcca4.html]
[matonghoabonmua.com/index7823.html]
[matonghoabonmua.com/tu-khoa-san-pham/mat-ong-lo-su/index.html]
[matonghoabonmua.com/index8fec.html]
[matonghoabonmua.com/tu-khoa-san-pham/mat-ong-lo-su/feed/index.html]
[matonghoabonmua.com/shop/mat-ong-lo-su-hoa-bon-mua-250gaafe.html]
[matonghoabonmua.com/shop/mat-ong-lo-su-hoa-bon-mua-250g1737.html]
[matonghoabonmua.com/index553b.html]
[matonghoabonmua.com/wp-content/plugins/yith-woocommerce-zoom-magnifier/assets/css/.html]
[matonghoabonmua.com/shop/mat-ong-cao-cap-350gree03.html]
[matonghoabonmua.com/video1-trang-trai-nuoi-ong-co-mat-ong-hoa-bon-mua/index.html]
[matonghoabonmua.com/bat-mi-20-tac-dung-ky-tu-mat-ong-tu-nhien/index.html]
[matonghoabonmua.com/wp-json/wp/v2/pages/204.json]
[matonghoabonmua.com/wp-json/oembed/1.0/embed3c13.json]
[matonghoabonmua.com/wp-json/oembed/1.0/embedd2e9]
[matonghoabonmua.com/wishlist/index.html]
[matonghoabonmua.com/wishlist/index0ac3.html]
[matonghoabonmua.com/wishlist/index6618.html]
[matonghoabonmua.com/tu-khoa-san-pham/mat-ong-cao-cap/indexaafe.html]
[matonghoabonmua.com/wishlist/indexba61.html]
[matonghoabonmua.com/wishlist/index71b6.html]
[matonghoabonmua.com/tu-khoa-san-pham/mat-ong-cao-cap/indexb0c6.html]
[matonghoabonmua.com/wishlist/indexd0f2.html]
[matonghoabonmua.com/wishlist/indexb904.html]
[matonghoabonmua.com/wishlist/index5ce1.html]
[matonghoabonmua.com/wishlist/indexbb40.html]
[matonghoabonmua.com/wishlist/index06a2.html]
[matonghoabonmua.com/wishlist/indexe1c6.html]
[matonghoabonmua.com/wishlist/indexde1c.html]
[matonghoabonmua.com/wishlist/indexfea5.html]
[matonghoabonmua.com/wishlist/index7347.html]
[matonghoabonmua.com/wishlist/index508d.html]
[matonghoabonmua.com/wishlist/indexdece.html]
[matonghoabonmua.com/wishlist/indexaa16.html]
[matonghoabonmua.com/wishlist/index8087.html]
[matonghoabonmua.com/wishlist/index6150.html]
[matonghoabonmua.com/shop/mat-ong-cao-cap-toan-hoa-bon-mua-hop-1kgf343.html]
[matonghoabonmua.com/wishlist/index26bd.html]
[matonghoabonmua.com/wishlist/index3d86.html]
[matonghoabonmua.com/tu-khoa-san-pham/mat-ong-hoa-bon-mua/indexaafe.html]
[matonghoabonmua.com/tu-khoa-san-pham/mat-ong-hoa-bon-mua/index2995.html]
[matonghoabonmua.com/wishlist/indexe6f2.html]
[matonghoabonmua.com/tu-khoa-san-pham/mat-ong-hoa-bon-mua/index08ee.html]
[matonghoabonmua.com/wishlist/indexb68b.html]
[matonghoabonmua.com/tu-khoa-san-pham/mat-ong-hoa-bon-mua/indexf9c8.html]
[matonghoabonmua.com/wishlist/indexa01a.html]
[matonghoabonmua.com/wishlist/index6c0a.html]
[matonghoabonmua.com/tu-khoa-san-pham/mat-ong-hoa-bon-mua/index6900.html]
[matonghoabonmua.com/wishlist/indexfb2e.html]
[matonghoabonmua.com/tu-khoa-san-pham/mat-ong-hoa-bon-mua/indexcd19.html]
[matonghoabonmua.com/wishlist/index7077.html]
[matonghoabonmua.com/tu-khoa-san-pham/mat-ong-hoa-bon-mua/indexb9d5.html]
[matonghoabonmua.com/tu-khoa-san-pham/mat-ong-hoa-bon-mua/index733a.html]
[matonghoabonmua.com/tu-khoa-san-pham/mat-ong-hoa-bon-mua/index4d26.html]
[matonghoabonmua.com/tu-khoa-san-pham/mat-ong-hoa-bon-mua/indexb994.html]
[matonghoabonmua.com/tu-khoa-san-pham/mat-ong-hoa-bon-mua/index57f7.html]
[matonghoabonmua.com/tu-khoa-san-pham/mat-ong-hoa-bon-mua/index1ab9.html]
[matonghoabonmua.com/tu-khoa-san-pham/mat-ong-hoa-bon-mua/index2df2.html]
[matonghoabonmua.com/tu-khoa-san-pham/mat-ong-hoa-bon-mua/index2513.html]
[matonghoabonmua.com/tu-khoa-san-pham/mat-ong-hoa-bon-mua/index8b37.html]
[matonghoabonmua.com/tu-khoa-san-pham/mat-ong-hoa-bon-mua/index4776.html]
[matonghoabonmua.com/tu-khoa-san-pham/mat-ong-hoa-bon-mua/index1409.html]
[matonghoabonmua.com/tu-khoa-san-pham/mat-ong-hoa-bon-mua/index9500.html]
[matonghoabonmua.com/tu-khoa-san-pham/mat-ong-hoa-bon-mua/index8949.html]
[matonghoabonmua.com/wishlist/index1c24.html]
[matonghoabonmua.com/cartaafe.html]
[matonghoabonmua.com/index5c90.html]
[matonghoabonmua.com/my-account.html]
[matonghoabonmua.com/wp-json/wp/v2/pages/36.json]
[matonghoabonmua.com/wp-json/oembed/1.0/embedc9e2.json]
[matonghoabonmua.com/wp-json/oembed/1.0/embed25f9]
[matonghoabonmua.com/wp-content/plugins/woocommerce/assets/js/frontend/lost-password.minc063.js]
[matonghoabonmua.com/my-account/lost-password/index.html]
[matonghoabonmua.com/tu-khoa-san-pham/phan-hoa-nguyen-chat/index4776.html]
[matonghoabonmua.com/tu-khoa-san-pham/phan-hoa-nguyen-chat/index1409.html]
[matonghoabonmua.com/tu-khoa-san-pham/phan-hoa-nguyen-chat/indexf83c.html]
[matonghoabonmua.com/tu-khoa-san-pham/mat-ong-dac-biet-750ml/index9783.html]
[matonghoabonmua.com/shop/mat-ong-dac-biet-hoa-bon-mua-lo-200g9af8.html]
[matonghoabonmua.com/tu-khoa-san-pham/mat-ong-dac-biet/indexf9c8.html]
[matonghoabonmua.com/tu-khoa-san-pham/mat-ong-dac-biet/index6900.html]
[matonghoabonmua.com/tu-khoa-san-pham/mat-ong-dac-biet/indexcd19.html]
[matonghoabonmua.com/tu-khoa-san-pham/mat-ong-dac-biet/index733a.html]
[matonghoabonmua.com/tu-khoa-san-pham/mat-ong-sua-chua/index1ab9.html]
[matonghoabonmua.com/tu-khoa-san-pham/mat-ong-sua-chua/index2df2.html]
[matonghoabonmua.com/tu-khoa-san-pham/mat-ong-sua-chua/index2513.html]
[matonghoabonmua.com/tu-khoa-san-pham/mat-ong-hoa-rung/indexb9d5.html]
[matonghoabonmua.com/tu-khoa-san-pham/mat-ong-hoa-rung/index733a.html]
[matonghoabonmua.com/tu-khoa-san-pham/mat-ong-hoa-rung/index4d26.html]
[matonghoabonmua.com/tu-khoa-san-pham/tinh-bot-nghe/index9500.html]
[matonghoabonmua.com/tu-khoa-san-pham/tinh-bot-nghe/index8949.html]
[matonghoabonmua.com/tu-khoa-san-pham/mat-ong-phan-hoa-nghe/indexb994.html]
[matonghoabonmua.com/tu-khoa-san-pham/mat-ong-phan-hoa-nghe/index57f7.html]
[matonghoabonmua.com/tu-khoa-san-pham/sua-ong-chua/index5ff1.html]
[matonghoabonmua.com/tu-khoa-san-pham/sua-ong-chua/index549e.html]
[matonghoabonmua.com/tu-khoa-san-pham/sua-ong-chua-nguyen-chat/index5ff1.html]
[matonghoabonmua.com/tu-khoa-san-pham/sua-ong-chua-nguyen-chat/index549e.html]
[matonghoabonmua.com/tu-khoa-san-pham/sua-ong-chua-tuoi/index5ff1.html]
[matonghoabonmua.com/thien-nhien-tay-bac-vao-mua-ong-lay-mat-phan.html]
[matonghoabonmua.com/bao-ve-lan-da-tang-cuong-suc-khoe-voi-cong-thuc-don-gian-tu-mat-ong/index.html]
[matonghoabonmua.com/4-sai-lam-thuong-gap-khi-su-dung-mat-ong/index.html]
[matonghoabonmua.com/thoi-gian-nao-uong-mat-ong-la-tot-nhat/index.html]
[matonghoabonmua.com/shop/indexb0c6.html]
[matonghoabonmua.com/shop/index2995.html]
[matonghoabonmua.com/shop/index08ee.html]
[matonghoabonmua.com/shop/indexf9c8.html]
[matonghoabonmua.com/shop/index9783.html]
[matonghoabonmua.com/shop/index2210.html]
[matonghoabonmua.com/shop/index6900.html]
[matonghoabonmua.com/shop/indexcd19.html]
[matonghoabonmua.com/shop/indexb9d5.html]
[matonghoabonmua.com/shop/index733a.html]
[matonghoabonmua.com/shop/index4d26.html]
[matonghoabonmua.com/shop/indexb1d6.html]
[matonghoabonmua.com/shop/indexb8cd.html]
[matonghoabonmua.com/shop/indexb994.html]
[matonghoabonmua.com/shop/index57f7.html]
[matonghoabonmua.com/shop/index1ab9.html]
[matonghoabonmua.com/shop/index2df2.html]
[matonghoabonmua.com/shop/index2513.html]
[matonghoabonmua.com/shop/index8b37.html]
[matonghoabonmua.com/shop/index4776.html]
[matonghoabonmua.com/shop/index1409.html]
[matonghoabonmua.com/shop/indexf83c.html]
[matonghoabonmua.com/shop/index5ff1.html]
[matonghoabonmua.com/shop/index549e.html]
[matonghoabonmua.com/shop/indexa369.html]
[matonghoabonmua.com/shop/index9500.html]
[matonghoabonmua.com/shop/index8949.html]
[matonghoabonmua.com/tu-khoa-san-pham/mat-ong-lo-su/indexb1d6.html]
[matonghoabonmua.com/tu-khoa-san-pham/mat-ong-lo-su/indexb8cd.html]
[matonghoabonmua.com/bat-mi-20-tac-dung-ky-tu-mat-ong-tu-nhien/index.html]
[matonghoabonmua.com/video1-trang-trai-nuoi-ong-co-mat-ong-hoa-bon-mua/index.html]
[matonghoabonmua.com/indexcb89.html]
[matonghoabonmua.com/wishlist/index0ac3.html]
[matonghoabonmua.com/wishlist/index0595.html]
[matonghoabonmua.com/wishlist/index6618.html]
[matonghoabonmua.com/wishlist/index2689.html]
[matonghoabonmua.com/wishlist/indexba61.html]
[matonghoabonmua.com/wishlist/indexfa61.html]
[matonghoabonmua.com/wishlist/index71b6.html]
[matonghoabonmua.com/wishlist/indexd860.html]
[matonghoabonmua.com/wishlist/indexd0f2.html]
[matonghoabonmua.com/wishlist/indexbf9d.html]
[matonghoabonmua.com/wishlist/indexb904.html]
[matonghoabonmua.com/wishlist/index4a4c.html]
[matonghoabonmua.com/wishlist/index5ce1.html]
[matonghoabonmua.com/wishlist/index3b3d.html]
[matonghoabonmua.com/wishlist/indexbb40.html]
[matonghoabonmua.com/wishlist/indexca59.html]
[matonghoabonmua.com/wishlist/index06a2.html]
[matonghoabonmua.com/wishlist/index4ff0.html]
[matonghoabonmua.com/wishlist/indexe1c6.html]
[matonghoabonmua.com/wishlist/indexde9a.html]
[matonghoabonmua.com/wishlist/indexde1c.html]
[matonghoabonmua.com/wishlist/indexdebe.html]
[matonghoabonmua.com/wishlist/indexfea5.html]
[matonghoabonmua.com/wishlist/index6061.html]
[matonghoabonmua.com/wishlist/index7347.html]
[matonghoabonmua.com/wishlist/index256d.html]
[matonghoabonmua.com/wishlist/index508d.html]
[matonghoabonmua.com/wishlist/indexef51.html]
[matonghoabonmua.com/wishlist/indexdece.html]
[matonghoabonmua.com/wishlist/index4e37.html]
[matonghoabonmua.com/wishlist/indexaa16.html]
[matonghoabonmua.com/wishlist/indexc63c.html]
[matonghoabonmua.com/wishlist/index8087.html]
[matonghoabonmua.com/wishlist/indexc703.html]
[matonghoabonmua.com/wishlist/index6150.html]
[matonghoabonmua.com/wishlist/indexecb5.html]
[matonghoabonmua.com/wishlist/index26bd.html]
[matonghoabonmua.com/wishlist/index8124.html]
[matonghoabonmua.com/wishlist/index3d86.html]
[matonghoabonmua.com/wishlist/indexce79.html]
[matonghoabonmua.com/wishlist/indexe6f2.html]
[matonghoabonmua.com/wishlist/indexff3d.html]
[matonghoabonmua.com/wishlist/indexb68b.html]
[matonghoabonmua.com/wishlist/indexe788.html]
[matonghoabonmua.com/wishlist/indexa01a.html]
[matonghoabonmua.com/wishlist/index59d2.html]
[matonghoabonmua.com/wishlist/index6c0a.html]
[matonghoabonmua.com/wishlist/index8ff8.html]
[matonghoabonmua.com/wishlist/indexfb2e.html]
[matonghoabonmua.com/wishlist/index5a29.html]
[matonghoabonmua.com/wishlist/index7077.html]
[matonghoabonmua.com/wishlist/index5541.html]
[matonghoabonmua.com/wishlist/index1c24.html]
[matonghoabonmua.com/wishlist/index6e11.html]
[matonghoabonmua.com/my-account.html]
[matonghoabonmua.com/index0d0b.html]
