[24hseamart.vn/index.html]
[backblue.gif]
[fade.gif]
[index.html]
[bizweb.dktcdn.net/100/308/217/themes/871466/assets/favicon33e4.png]
[bizweb.dktcdn.net/100/308/217/themes/871466/assets/logo33e4.png]
[bizweb.dktcdn.net/100/308/217/themes/871466/assets/base.scss33e4.css]
[bizweb.dktcdn.net/100/308/217/themes/871466/assets/style.scss33e4.css]
[bizweb.dktcdn.net/100/308/217/themes/871466/assets/index-style.scss33e4.css]
[newproductreviews.sapoapps.vn/assets/js/productreviews.min3b6e.js]
[24hseamart.vn/s]
[24hseamart.vn/dist/js/stats.min4143.js]
[connect.facebook.net/en_US/fbevents.js]
[24hseamart.vn/dist/js/store_events_listener.min983a.js]
[24hseamart.vn/Popover requires tooltip.d.delayed]
[24hseamart.vn/cart.html]
[bizweb.dktcdn.net/100/308/217/themes/871466/assets/index-cate-icon-133e4.png]
[24hseamart.vn/khuyen-mai.html]
[bizweb.dktcdn.net/100/308/217/themes/871466/assets/index-cate-icon-233e4.png]
[24hseamart.vn/muc-bach-tuoc.html]
[24hseamart.vn/muc.html]
[24hseamart.vn/bach-tuoc-1.html]
[bizweb.dktcdn.net/100/308/217/themes/871466/assets/index-cate-icon-333e4.png]
[24hseamart.vn/ca-song.html]
[24hseamart.vn/ca-bien.html]
[24hseamart.vn/ca-nuoc-ngot.html]
[bizweb.dktcdn.net/100/308/217/themes/871466/assets/index-cate-icon-433e4.png]
[24hseamart.vn/tom-cua-ghe.html]
[24hseamart.vn/tom.html]
[24hseamart.vn/cua.html]
[24hseamart.vn/ghe.html]
[bizweb.dktcdn.net/100/308/217/themes/871466/assets/index-cate-icon-533e4.png]
[24hseamart.vn/ngheu-so-oc.html]
[24hseamart.vn/ngheu.html]
[24hseamart.vn/so.html]
[24hseamart.vn/oc.html]
[bizweb.dktcdn.net/100/308/217/themes/871466/assets/index-cate-icon-633e4.png]
[24hseamart.vn/hai-san-ngu-dong.html]
[24hseamart.vn/ca-ngu-dong.html]
[bizweb.dktcdn.net/100/308/217/themes/871466/assets/index-cate-icon-733e4.png]
[24hseamart.vn/dat-mon-online.html]
[24hseamart.vn/combo.html]
[bizweb.dktcdn.net/100/308/217/themes/871466/assets/index-cate-icon-833e4.png]
[24hseamart.vn/am-thuc.html]
[bizweb.dktcdn.net/100/308/217/themes/871466/assets/index-cate-icon-933e4.png]
[24hseamart.vn/bang-gia.html]
[24hseamart.vn/GET]
[bizweb.dktcdn.net/thumb/large/100/308/217/themes/871466/assets/slider_133e4.jpg]
[bizweb.dktcdn.net/100/308/217/themes/871466/assets/slider_133e4.jpg]
[bizweb.dktcdn.net/thumb/large/100/308/217/themes/871466/assets/slider_233e4.jpg]
[24hseamart.vn/lau-bao-ngu-hai-san.html]
[bizweb.dktcdn.net/100/308/217/themes/871466/assets/slider_233e4.jpg]
[bizweb.dktcdn.net/100/308/217/themes/871466/assets/section_tab_133e4.png]
[24hseamart.vn/muc-nang.html]
[bizweb.dktcdn.net/100/308/217/themes/871466/assets/product_frame33e4.png]
[24hseamart.vn/muc-ghim-sua-10-20-con-kg.html]
[24hseamart.vn/bach-tuoc-tuoi.html]
[24hseamart.vn/muc-ong.html]
[24hseamart.vn/bach-tuoc-dai-duong.html]
[24hseamart.vn/muc-nang-tau-bay.html]
[24hseamart.vn/muc-trung-phan-thiet.html]
[bizweb.dktcdn.net/100/308/217/themes/871466/assets/section_tab_233e4.png]
[24hseamart.vn/bach-tuoc-10-20.html]
[24hseamart.vn/ca-mu-tran-chau.html]
[24hseamart.vn/ca-tam.html]
[24hseamart.vn/ca-chep-gion.html]
[24hseamart.vn/ca-lang.html]
[24hseamart.vn/ca-tai-tuong.html]
[24hseamart.vn/ca-chep-gion-1.html]
[24hseamart.vn/ca-bo-giap.html]
[bizweb.dktcdn.net/100/308/217/themes/871466/assets/section_tab_333e4.png]
[24hseamart.vn/ca-chem.html]
[24hseamart.vn/ghe-xanh.html]
[24hseamart.vn/tom-mu-ni.html]
[24hseamart.vn/tom-hum-xanh.html]
[24hseamart.vn/tom-cang-xanh.html]
[24hseamart.vn/cua-ca-mau.html]
[24hseamart.vn/cua-gach-ca-mau.html]
[24hseamart.vn/tom-hum-bong.html]
[bizweb.dktcdn.net/100/308/217/themes/871466/assets/section_tab_433e4.png]
[24hseamart.vn/tom-su-thien-nhien.html]
[24hseamart.vn/oc-huong-co-khong-lo.html]
[24hseamart.vn/oc-huong-song.html]
[24hseamart.vn/ngao-hai-coi.html]
[24hseamart.vn/vem-xanh.html]
[24hseamart.vn/bao-ngu.html]
[24hseamart.vn/tu-hai.html]
[24hseamart.vn/so-mai.html]
[bizweb.dktcdn.net/100/308/217/themes/871466/assets/section_tab_533e4.png]
[24hseamart.vn/so-long.html]
[24hseamart.vn/ca-nuc-khong-lo-2-3-con-kg-vi-500gram.html]
[24hseamart.vn/ca-song-bien.html]
[24hseamart.vn/ca-bac-ma.html]
[24hseamart.vn/ca-hieu.html]
[24hseamart.vn/ca-huong.html]
[bizweb.dktcdn.net/100/308/217/themes/871466/assets/section_tab_633e4.png]
[24hseamart.vn/ca-du-1-nang.html]
[24hseamart.vn/giao-mon-tan-noi.html]
[24hseamart.vn/an-khong-lan-tan.html]
[24hseamart.vn/ca-tai-tuong-chien-xu.html]
[24hseamart.vn/ca-loi-xoi-mo.html]
[24hseamart.vn/ngao-2-coi-hap-sa.html]
[24hseamart.vn/bntiem.html]
[24hseamart.vn/muc-nang-xao-chua-ngot-1kg-muc-nang-tau-bay.html]
[24hseamart.vn/muc-trung-hap-gung.html]
[bizweb.dktcdn.net/100/308/217/themes/871466/assets/section_video33e4.png]
[bizweb.dktcdn.net/100/308/217/themes/871466/assets/bocongthuong33e4.png]
[24hseamart.vn/chinh-sach-bao-mat-thong-tin-1.html]
[24hseamart.vn/chinh-sach-thanh-toan-1.html]
[24hseamart.vn/chinh-sach-van-chuyen-1.html]
[24hseamart.vn/chinh-sach-doi-tra-1.html]
[24hseamart.vn/chuong-trinh-the-thanh-vien.html]
[bizweb.dktcdn.net/100/308/217/themes/871466/assets/index-js33e4.js]
[bizweb.dktcdn.net/100/308/217/themes/871466/assets/ico_check_33e4.png]
[bizweb.dktcdn.net/100/308/217/themes/871466/assets/main33e4.js]
[bizweb.dktcdn.net/100/308/217/themes/871466/assets/swiper33e4.js]
[bizweb.dktcdn.net/100/308/217/themes/871466/assets/option-selectors33e4.js]
[bizweb.dktcdn.net/assets/themes_support/api.jquery.js]
[bizweb.dktcdn.net/100/308/217/themes/871466/assets/cs.script33e4.js]
[bizweb.dktcdn.net/thumb/large/assets/themes_support/noimage.gif]
[use.fontawesome.com/releases/v5.7.2/css/all.css]
[24hseamart.vn/index.html]
[bizweb.dktcdn.net/100/308/217/themes/871466/assets/ico-select8bf7.png]
[widget.oncustomer.asia/js/index726f.js]
[bizweb.dktcdn.net/100/308/217/themes/871466/assets/base.scss33e4.css]
[bizweb.dktcdn.net/100/308/217/themes/871466/assets/style.scss33e4.css]
[bizweb.dktcdn.net/100/308/217/themes/871466/assets/index-style.scss33e4.css]
[promotionpopup.sapoapps.vn/genscript/script3b6e.js]
[24hseamart.vn/s.html]
[bizweb.dktcdn.net/100/308/217/themes/871466/assets/call8bf7.svg]
[24hseamart.vn/c.7e.delayed]
[24hseamart.vn/b]
[24hseamart.vn/POST]
[connect.facebook.net/en_US/fbevents.js]
[24hseamart.vn/Popover requires tooltip.json]
[bizweb.dktcdn.net/100/308/217/themes/871466/assets/cart-style.scss33e4.css]
[24hseamart.vn/cart.html]
[bizweb.dktcdn.net/100/308/217/themes/871466/assets/collection-style.scss33e4.css]
[24hseamart.vn/tom-hum-do-thien-nhien.html]
[24hseamart.vn/ca-chinh-suoi.html]
[24hseamart.vn/bao-ngu-song.html]
[bizweb.dktcdn.net/100/308/217/themes/871466/assets/collection-js33e4.js]
[bizweb.dktcdn.net/100/308/217/themes/871466/assets/search_filter33e4.js]
[24hseamart.vn/khuyen-mai.html]
[bizweb.dktcdn.net/100/308/217/themes/871466/assets/col33e4.js]
[24hseamart.vn/muc-la-dai-duong-khong-lo.html]
[24hseamart.vn/muc-la-phan-thiet.html]
[24hseamart.vn/bach-tuoc-phan-thiet.html]
[24hseamart.vn/muc-la-mot-nang.html]
[24hseamart.vn/kho-muc.html]
[24hseamart.vn/muc-ong-nho.html]
[24hseamart.vn/muc-ong-1-nang.html]
[24hseamart.vn/muc-ong-tuoi.html]
[24hseamart.vn/muc-nang-song.html]
[24hseamart.vn/muc-bach-tuoc.html]
[24hseamart.vn/muc-ong-don-thit.html]
[24hseamart.vn/muc.html]
[24hseamart.vn/bach-tuoc-1.html]
[24hseamart.vn/ca-chim-trang.html]
[24hseamart.vn/ca-chach-lau.html]
[24hseamart.vn/ca-bon-han-quoc.html]
[24hseamart.vn/ca-mat-quy.html]
[24hseamart.vn/ca-chuoi-ngoc.html]
[24hseamart.vn/ca-mu-sao-xanh.html]
[24hseamart.vn/ca-mao-ech.html]
[24hseamart.vn/ca-bong-tuong.html]
[24hseamart.vn/ca-bop-bien.html]
[24hseamart.vn/ca-hoi-sapa-song.html]
[24hseamart.vn/ca-chinh-bien.html]
[24hseamart.vn/ca-song.html]
[bizweb.dktcdn.net/100/308/217/files/ca-bien227b.jpg]
[bizweb.dktcdn.net/100/308/217/files/ca-nuc-kho-ca-chua-e84da8c7-4af6-4477-a66c-b2e5186e73c51e0d.jpg]
[bizweb.dktcdn.net/100/308/217/files/ca-huong-chien-sa-ot-e30fad1a-c4f6-4cc5-bcf8-cbd30f9308745ded.jpg]
[bizweb.dktcdn.net/100/308/217/files/ca-bop-nau-mang-chuaf93e.jpg]
[24hseamart.vn/ca-mu-do.html]
[24hseamart.vn/ca-bien.html]
[24hseamart.vn/ca-nuoc-ngot.html]
[24hseamart.vn/tom-cang-xanh-size-lon.html]
[24hseamart.vn/tom-su.html]
[24hseamart.vn/tom-tich.html]
[24hseamart.vn/ghe-xanh-size-8-con-kg.html]
[24hseamart.vn/tom-su-size-15-20-con-kg.html]
[24hseamart.vn/cua-mat-trang.html]
[24hseamart.vn/ghe-mat-trang.html]
[24hseamart.vn/cua-huynh-de.html]
[24hseamart.vn/cua-long-hong-kong.html]
[24hseamart.vn/cua-cu-ky.html]
[24hseamart.vn/tom-hum-xanh-vua.html]
[24hseamart.vn/tom-cua-ghe.html]
[24hseamart.vn/tom.html]
[24hseamart.vn/cua.html]
[24hseamart.vn/tom-hum-xanh-lon.html]
[24hseamart.vn/ghe.html]
[24hseamart.vn/ghe-do.html]
[24hseamart.vn/ngao-xanh.html]
[24hseamart.vn/so-to-so-chen.html]
[24hseamart.vn/oc-bulot.html]
[24hseamart.vn/so-duong.html]
[24hseamart.vn/ngao-sua.html]
[24hseamart.vn/oc-giac.html]
[24hseamart.vn/oc-voi-voi.html]
[24hseamart.vn/bao-ngu-baby.html]
[24hseamart.vn/bao-ngu-size-lon.html]
[24hseamart.vn/ngheu-so-oc.html]
[24hseamart.vn/ngheu.html]
[24hseamart.vn/oc-gai-song.html]
[24hseamart.vn/so.html]
[24hseamart.vn/oc.html]
[24hseamart.vn/coi-so-diep.html]
[bizweb.dktcdn.net/100/308/217/files/hai-san-cap-dongdba9.jpg]
[bizweb.dktcdn.net/100/308/217/files/ca-soc2c0db.jpg]
[24hseamart.vn/ca-basa-phi-le.html]
[24hseamart.vn/hai-san-ngu-dong.html]
[24hseamart.vn/ca-duc.html]
[24hseamart.vn/ca-ngu.html]
[24hseamart.vn/ca-bop-cat-khoanh.html]
[24hseamart.vn/ca-nuc.html]
[24hseamart.vn/ca-suu.html]
[24hseamart.vn/ca-ba-trau.html]
[24hseamart.vn/ca-chim-den.html]
[24hseamart.vn/ca-thu.html]
[24hseamart.vn/cha-ca-basa-chien.html]
[24hseamart.vn/cha-ca-thu-chien.html]
[24hseamart.vn/copy-of-ca-nuc-10-12-con-kg-vi-500g.html]
[24hseamart.vn/ca-ngu-dong.html]
[24hseamart.vn/ca-bo-hom.html]
[24hseamart.vn/ca-bo-hom-size-lon.html]
[24hseamart.vn/lau-thuyen-hai-san.html]
[24hseamart.vn/bach-tuoc-nuong-than-hoa.html]
[24hseamart.vn/goi-bach-tuoc-ngu-sac.html]
[24hseamart.vn/bach-tuoc-rim-me.html]
[24hseamart.vn/coi-so-diep-xao-bo-toi-500g.html]
[24hseamart.vn/tom-cang-xanh-nau-ca-ri.html]
[24hseamart.vn/rang-muc-chien-gion.html]
[24hseamart.vn/muc-ong-hap-gung.html]
[24hseamart.vn/muc-nang-xao-chua-ngot.html]
[24hseamart.vn/bao-ngu-xao-cai.html]
[24hseamart.vn/bach-tuoc-baby-xao-sa-te.html]
[24hseamart.vn/dat-mon-online.html]
[24hseamart.vn/bao-ngu-xao-sa-te.html]
[24hseamart.vn/combo.html]
[24hseamart.vn/combo-hai-san-khong-no-khong-ve.html]
[bizweb.dktcdn.net/100/308/217/themes/871466/assets/blog-style.scss33e4.css]
[bizweb.dktcdn.net/thumb/large/100/308/217/articles/img-7838aac5.jpg]
[24hseamart.vn/gca-nuong-ngon-dai-khach.html]
[bizweb.dktcdn.net/100/308/217/articles/img-7838aac5.jpg]
[bizweb.dktcdn.net/thumb/large/100/308/217/articles/combo-thuy-lua-huong4474.jpg]
[24hseamart.vn/thuy-lua-huong.html]
[bizweb.dktcdn.net/100/308/217/articles/combo-thuy-lua-huong4474.jpg]
[bizweb.dktcdn.net/thumb/large/100/308/217/articles/bach-tuoc-chien-gion6fc8.jpg]
[24hseamart.vn/bach-tuoc-chien-gion-1.html]
[bizweb.dktcdn.net/100/308/217/articles/bach-tuoc-chien-gion6fc8.jpg]
[24hseamart.vn/ca-bo-hom-hap-sa-tphcm.html]
[bizweb.dktcdn.net/thumb/large/100/308/217/articles/bh-img-88677ca4.jpg]
[bizweb.dktcdn.net/100/308/217/articles/bh-img-88677ca4.jpg]
[24hseamart.vn/vui-tiec-tai-gia-mon-ngon-den-tan-nha.html]
[bizweb.dktcdn.net/thumb/large/100/308/217/articles/combo-2-qk42d8.jpg]
[bizweb.dktcdn.net/100/308/217/articles/combo-2-qk42d8.jpg]
[24hseamart.vn/lau-hai-san-tp-hcm.html]
[bizweb.dktcdn.net/thumb/large/100/308/217/articles/lau-hai-san-24hseamart-2d0b6.jpg]
[bizweb.dktcdn.net/100/308/217/articles/lau-hai-san-24hseamart-2d0b6.jpg]
[24hseamart.vn/am-thuc4658.html]
[24hseamart.vn/am-thuc9ba9.html]
[24hseamart.vn/am-thuc8c93.html]
[bizweb.dktcdn.net/100/308/217/articles/bao-ngu-31134.jpg]
[24hseamart.vn/mua-bao-ngu-quan-go-vap-hcm.html]
[24hseamart.vn/gia-ghe-bien-bao-nhieu-tien-1kg.html]
[bizweb.dktcdn.net/100/308/217/articles/ghe-nhan-xanh-2949a.jpg]
[24hseamart.vn/mua-hai-san-online-tphcm.html]
[bizweb.dktcdn.net/100/308/217/articles/img-047534fb.jpg]
[24hseamart.vn/tom-cang-xanh-quan-3-tp-hcm.html]
[bizweb.dktcdn.net/100/308/217/articles/tom-cang-xanh-24hseamart-2d7fc.jpg]
[bizweb.dktcdn.net/100/308/217/articles/ca-tam-24hseamart-1250c.jpg]
[24hseamart.vn/mua-ca-tam-song-binh-duong-hcm.html]
[24hseamart.vn/ghe-xanh-tan-binh-tp-hcm.html]
[bizweb.dktcdn.net/100/308/217/articles/ghe-nhan-xanh-4185d.jpg]
[24hseamart.vn/am-thuc.html]
[bizweb.dktcdn.net/100/308/217/themes/871466/assets/page-style.scss33e4.css]
[bizweb.dktcdn.net/100/308/217/themes/871466/assets/section_banggia33e4.png]
[24hseamart.vn/bang-gia.html]
[24hseamart.vn/GET.html]
[bizweb.dktcdn.net/thumb/grande/100/308/217/products/303772c792b34ced15a2d3dd.jpg]
[24hseamart.vn/kho-ca-chi-vang.html]
[bizweb.dktcdn.net/thumb/grande/100/308/217/products/1x1-29c79d57-cfe8-48ed-a031-cf8ab8617e3dd3dd.jpg]
[bizweb.dktcdn.net/thumb/grande/100/308/217/products/1d3dd.jpg]
[bizweb.dktcdn.net/100/308/217/themes/871466/assets/product-style.scss33e4.css]
[bizweb.dktcdn.net/100/308/217/products/303772c792b34ced15a2d3dd.jpg]
[bizweb.dktcdn.net/100/308/217/products/1x1-29c79d57-cfe8-48ed-a031-cf8ab8617e3dd3dd.jpg]
[bizweb.dktcdn.net/100/308/217/products/1d3dd.jpg]
[bizweb.dktcdn.net/100/308/217/products/dscf7893d3dd.jpg]
[bizweb.dktcdn.net/100/308/217/products/dscf8177-2d3dd.jpg]
[bizweb.dktcdn.net/100/308/217/products/lau-hai-san-24hseamart-1d3dd.jpg]
[bizweb.dktcdn.net/100/308/217/products/1x1-d4286f60-1a08-4a4a-8251-445634d43d16d3dd.jpg]
[bizweb.dktcdn.net/thumb/small/100/308/217/products/303772c792b34ced15a2d3dd.jpg]
[bizweb.dktcdn.net/thumb/small/100/308/217/products/1x1-29c79d57-cfe8-48ed-a031-cf8ab8617e3dd3dd.jpg]
[bizweb.dktcdn.net/thumb/small/100/308/217/products/1d3dd.jpg]
[bizweb.dktcdn.net/thumb/small/100/308/217/products/dscf7893d3dd.jpg]
[bizweb.dktcdn.net/thumb/small/100/308/217/products/dscf8177-2d3dd.jpg]
[bizweb.dktcdn.net/thumb/small/100/308/217/products/lau-hai-san-24hseamart-1d3dd.jpg]
[bizweb.dktcdn.net/thumb/small/100/308/217/products/1x1-d4286f60-1a08-4a4a-8251-445634d43d16d3dd.jpg]
[bizweb.dktcdn.net/100/308/217/files/198c3.jpg]
[bizweb.dktcdn.net/100/308/217/files/dscf7893a19a.jpg]
[bizweb.dktcdn.net/100/308/217/files/dscf8177-2e0ae.jpg]
[bizweb.dktcdn.net/100/308/217/files/lau-hai-san-24hseamart-1-58083f0e-a433-4e7e-9497-829e1c51f8533e08.jpg]
[24hseamart.vn/lau-bao-ngu-hai-san.html]
[bizweb.dktcdn.net/100/308/217/themes/871466/assets/product-js33e4.js]
[bizweb.dktcdn.net/thumb/grande/100/308/217/products/muc-nang-10-20-con-hop-500g35e7.jpg]
[bizweb.dktcdn.net/thumb/grande/100/308/217/products/img-838435e7.jpg]
[bizweb.dktcdn.net/thumb/grande/100/308/217/products/muc-nang-xao-chua-ngot-24hseamart-3aeef37f-4065-41cb-a291-bdd105ec167e35e7.jpg]
[bizweb.dktcdn.net/100/308/217/products/muc-nang-10-20-con-hop-500g35e7.jpg]
[bizweb.dktcdn.net/100/308/217/products/img-838435e7.jpg]
[bizweb.dktcdn.net/100/308/217/products/muc-nang-xao-chua-ngot-24hseamart-3aeef37f-4065-41cb-a291-bdd105ec167e35e7.jpg]
[bizweb.dktcdn.net/100/308/217/products/muc-nang-sua35e7.jpg]
[bizweb.dktcdn.net/100/308/217/products/m-c-nang-n-t35e7.jpg]
[bizweb.dktcdn.net/100/308/217/products/muc-nang-sua-1-20-135e7.jpg]
[bizweb.dktcdn.net/thumb/small/100/308/217/products/muc-nang-10-20-con-hop-500g35e7.jpg]
[bizweb.dktcdn.net/thumb/small/100/308/217/products/img-838435e7.jpg]
[bizweb.dktcdn.net/thumb/small/100/308/217/products/muc-nang-xao-chua-ngot-24hseamart-3aeef37f-4065-41cb-a291-bdd105ec167e35e7.jpg]
[bizweb.dktcdn.net/thumb/small/100/308/217/products/muc-nang-sua35e7.jpg]
[bizweb.dktcdn.net/thumb/small/100/308/217/products/m-c-nang-n-t35e7.jpg]
[bizweb.dktcdn.net/thumb/small/100/308/217/products/muc-nang-sua-1-20-135e7.jpg]
[bizweb.dktcdn.net/100/308/217/files/muc-nang8d8c.jpg]
[bizweb.dktcdn.net/100/308/217/products/muc-nang-sua48c2.jpg]
[bizweb.dktcdn.net/100/308/217/files/muc-nang-baby2cd2.jpg]
[bizweb.dktcdn.net/100/308/217/files/muc-nang-1-11d8e.jpg]
[bizweb.dktcdn.net/100/308/217/files/muc-nang-sua214b.jpg]
[bizweb.dktcdn.net/100/308/217/files/muc-nang-3-1185b.jpg]
[bizweb.dktcdn.net/100/308/217/files/muc-nang-10928.jpg]
[bizweb.dktcdn.net/100/308/217/files/cach-bao-quan-jpg36a0.jpg]
[bizweb.dktcdn.net/100/308/217/files/muc-nang-nuong01cc.jpg]
[bizweb.dktcdn.net/100/308/217/files/che-bien-muc-nang4a11.jpg]
[bizweb.dktcdn.net/100/308/217/files/muc-nang-hap-ngonf990.jpg]
[24hseamart.vn/muc-nang.html]
[bizweb.dktcdn.net/thumb/grande/100/308/217/products/muc-tim-sua-hop-500gfd86.jpg]
[bizweb.dktcdn.net/thumb/grande/100/308/217/products/img-83781fd86.jpg]
[bizweb.dktcdn.net/thumb/grande/100/308/217/products/muc-ghim-sua-3fd86.jpg]
[bizweb.dktcdn.net/100/308/217/products/muc-tim-sua-hop-500gfd86.jpg]
[bizweb.dktcdn.net/100/308/217/products/img-83781fd86.jpg]
[bizweb.dktcdn.net/100/308/217/products/muc-ghim-sua-3fd86.jpg]
[bizweb.dktcdn.net/100/308/217/products/muc-ghim-sua-1fd86.jpg]
[bizweb.dktcdn.net/100/308/217/products/muc-trung-2-8571e40e-a1fa-4172-8997-a0a54fb61880fd86.jpg]
[bizweb.dktcdn.net/100/308/217/products/muc-ghim-sua-2fd86.jpg]
[bizweb.dktcdn.net/thumb/small/100/308/217/products/muc-tim-sua-hop-500gfd86.jpg]
[bizweb.dktcdn.net/thumb/small/100/308/217/products/img-83781fd86.jpg]
[bizweb.dktcdn.net/thumb/small/100/308/217/products/muc-ghim-sua-3fd86.jpg]
[bizweb.dktcdn.net/thumb/small/100/308/217/products/muc-ghim-sua-1fd86.jpg]
[bizweb.dktcdn.net/thumb/small/100/308/217/products/muc-trung-2-8571e40e-a1fa-4172-8997-a0a54fb61880fd86.jpg]
[bizweb.dktcdn.net/thumb/small/100/308/217/products/muc-ghim-sua-2fd86.jpg]
[bizweb.dktcdn.net/100/308/217/files/muc-ghim-sua-1e3bd.jpg]
[bizweb.dktcdn.net/100/308/217/files/muc-ghim-sua-26719.jpg]
[bizweb.dktcdn.net/100/308/217/files/muc-ghim-sua-32501.jpg]
[bizweb.dktcdn.net/100/308/217/files/muc-ghim-27aa9.jpg]
[bizweb.dktcdn.net/100/308/217/files/muc-ghim0dac.jpg]
[24hseamart.vn/muc-ghim-sua-10-20-con-kg.html]
[bizweb.dktcdn.net/thumb/grande/100/308/217/products/bach-tuoc-20-40-con-hop-500g54bd.jpg]
[bizweb.dktcdn.net/thumb/grande/100/308/217/products/bach-tuoc-20-40a257.jpg]
[bizweb.dktcdn.net/thumb/grande/100/308/217/products/bach-tuoc-tuoi-051de64e-2929-4a47-a003-893710ce0429a257.jpg]
[bizweb.dktcdn.net/100/308/217/products/bach-tuoc-20-40-con-hop-500g54bd.jpg]
[bizweb.dktcdn.net/100/308/217/products/bach-tuoc-20-40a257.jpg]
[bizweb.dktcdn.net/100/308/217/products/bach-tuoc-tuoi-051de64e-2929-4a47-a003-893710ce0429a257.jpg]
[bizweb.dktcdn.net/100/308/217/products/b-ch-tu-c-n-ng-sa-ta257.jpg]
[bizweb.dktcdn.net/100/308/217/products/b-ch-tu-c-x-oa257.jpg]
[bizweb.dktcdn.net/thumb/small/100/308/217/products/bach-tuoc-20-40-con-hop-500g54bd.jpg]
[bizweb.dktcdn.net/thumb/small/100/308/217/products/bach-tuoc-20-40a257.jpg]
[bizweb.dktcdn.net/thumb/small/100/308/217/products/bach-tuoc-tuoi-051de64e-2929-4a47-a003-893710ce0429a257.jpg]
[bizweb.dktcdn.net/thumb/small/100/308/217/products/b-ch-tu-c-n-ng-sa-ta257.jpg]
[bizweb.dktcdn.net/thumb/small/100/308/217/products/b-ch-tu-c-x-oa257.jpg]
[bizweb.dktcdn.net/100/308/217/products/bach-tuoc-tuoi-051de64e-2929-4a47-a003-893710ce04298c18.jpg]
[bizweb.dktcdn.net/100/308/217/files/bach-tuoc-tuoi-songb53e.png]
[bizweb.dktcdn.net/100/308/217/files/salad-bach-tuocee03.jpg]
[bizweb.dktcdn.net/100/308/217/files/sup-bach-tuoc6c5e.jpg]
[bizweb.dktcdn.net/100/308/217/files/bach-tuoc-xao-bap-non96c6.jpg]
[bizweb.dktcdn.net/100/308/217/files/bach-tuoc-nuong-muoi-ot-5c75fce5-74fe-4701-859f-ccbf281c33e631ac.jpg]
[24hseamart.vn/bach-tuoc-tuoi.html]
[bizweb.dktcdn.net/thumb/grande/100/308/217/products/20220609-1457403953.jpg]
[bizweb.dktcdn.net/thumb/grande/100/308/217/products/20220609-1459523953.jpg]
[bizweb.dktcdn.net/thumb/grande/100/308/217/products/muc-ong-song-1-jpg3953.jpg]
[bizweb.dktcdn.net/100/308/217/products/20220609-1457403953.jpg]
[bizweb.dktcdn.net/100/308/217/products/20220609-1459523953.jpg]
[bizweb.dktcdn.net/100/308/217/products/muc-ong-song-1-jpg3953.jpg]
[bizweb.dktcdn.net/100/308/217/products/m-c-ng3953.jpg]
[bizweb.dktcdn.net/100/308/217/products/muc-ong-xuat-khau3953.jpg]
[bizweb.dktcdn.net/100/308/217/products/m-c-ng-s-ng-jpg3953.jpg]
[bizweb.dktcdn.net/thumb/small/100/308/217/products/20220609-1457403953.jpg]
[bizweb.dktcdn.net/thumb/small/100/308/217/products/20220609-1459523953.jpg]
[bizweb.dktcdn.net/thumb/small/100/308/217/products/muc-ong-song-1-jpg3953.jpg]
[bizweb.dktcdn.net/thumb/small/100/308/217/products/m-c-ng3953.jpg]
[bizweb.dktcdn.net/thumb/small/100/308/217/products/muc-ong-xuat-khau3953.jpg]
[bizweb.dktcdn.net/thumb/small/100/308/217/products/m-c-ng-s-ng-jpg3953.jpg]
[bizweb.dktcdn.net/100/308/217/files/muc-ong-xuat-khau-24h-seamarta067.jpg]
[bizweb.dktcdn.net/100/308/217/files/muc-ong-xuat-khau-a177ee7f-ae42-4b40-aa92-fb7d0c585ca5090f.jpg]
[bizweb.dktcdn.net/100/308/217/files/muc-ong-nuong-dc4851f9-973b-4213-b6e8-8186304694b3dfd1.jpg]
[bizweb.dktcdn.net/100/308/217/files/muc-ong-hap-gung9dcf.jpg]
[bizweb.dktcdn.net/100/308/217/files/cach-che-bien-muc-ong-tuoi-hap-gung-e75b62b3-45c7-4d8c-8daa-99afb179974dc480.jpg]
[bizweb.dktcdn.net/100/308/217/files/muc-xao-can-tay4218.jpg]
[bizweb.dktcdn.net/100/308/217/files/muc-ong-xao-can-toib087.jpg]
[bizweb.dktcdn.net/100/308/217/files/muc-ong-nuong7a18.jpg]
[24hseamart.vn/muc-ong.html]
[bizweb.dktcdn.net/thumb/grande/100/308/217/products/bach-tuoc-dai-duong-5a930.jpg]
[bizweb.dktcdn.net/thumb/grande/100/308/217/products/bach-tuoc-dd-1a930.jpg]
[bizweb.dktcdn.net/thumb/grande/100/308/217/products/bach-tuoc-dai-duong-169a930.jpg]
[bizweb.dktcdn.net/100/308/217/products/bach-tuoc-dai-duong-5a930.jpg]
[bizweb.dktcdn.net/100/308/217/products/bach-tuoc-dd-1a930.jpg]
[bizweb.dktcdn.net/100/308/217/products/bach-tuoc-dai-duong-169a930.jpg]
[bizweb.dktcdn.net/thumb/small/100/308/217/products/bach-tuoc-dai-duong-5a930.jpg]
[bizweb.dktcdn.net/thumb/small/100/308/217/products/bach-tuoc-dd-1a930.jpg]
[bizweb.dktcdn.net/thumb/small/100/308/217/products/bach-tuoc-dai-duong-169a930.jpg]
[haisanhcm.com/wp-content/uploads/2020/12/bach-tuoc-dai-duong-dong-lanh.jpg]
[bizweb.dktcdn.net/100/308/217/files/bach-tuoc-nuong-2-ef5c297b-6788-4d5f-9bd4-3e177cbdb9fe5143.jpg]
[bizweb.dktcdn.net/100/308/217/files/bach-tuoc-nuong-3b864.jpg]
[haisanhcm.com/wp-content/uploads/2019/10/nuoc-cham-hai-san.jpg]
[24hseamart.vn/bach-tuoc-dai-duong.html]
[bizweb.dktcdn.net/thumb/grande/100/308/217/products/muc-nang-tau-bayfc01.jpg]
[bizweb.dktcdn.net/thumb/grande/100/308/217/products/muc-nang-tau-bay-1fc01.jpg]
[bizweb.dktcdn.net/thumb/grande/100/308/217/products/muc-nang-size-lonfc01.jpg]
[bizweb.dktcdn.net/100/308/217/products/muc-nang-tau-bayfc01.jpg]
[bizweb.dktcdn.net/100/308/217/products/muc-nang-tau-bay-1fc01.jpg]
[bizweb.dktcdn.net/100/308/217/products/muc-nang-size-lonfc01.jpg]
[bizweb.dktcdn.net/thumb/small/100/308/217/products/muc-nang-tau-bayfc01.jpg]
[bizweb.dktcdn.net/thumb/small/100/308/217/products/muc-nang-tau-bay-1fc01.jpg]
[bizweb.dktcdn.net/thumb/small/100/308/217/products/muc-nang-size-lonfc01.jpg]
[bizweb.dktcdn.net/100/308/217/files/muc-nang-lon214d.jpg]
[bizweb.dktcdn.net/100/308/217/files/muc-nang-loai-lonb81a.jpg]
[bizweb.dktcdn.net/100/308/217/files/muc-nang-nuong-ccf01fa8-b38e-4e12-9f8e-6b4d210377420b8b.jpg]
[bizweb.dktcdn.net/100/308/217/files/muc-nang-nuong-18b9d.jpg]
[24hseamart.vn/muc-nang-tau-bay.html]
[bizweb.dktcdn.net/thumb/grande/100/308/217/products/muc-ghim-sua-3-215ff86e-9fb9-4916-9c59-b7b09fe6d9eaabc9.jpg]
[bizweb.dktcdn.net/thumb/grande/100/308/217/products/muc-trung-24h2abc9.jpg]
[bizweb.dktcdn.net/thumb/grande/100/308/217/products/muc-trung-24habc9.jpg]
[bizweb.dktcdn.net/100/308/217/products/muc-ghim-sua-3-215ff86e-9fb9-4916-9c59-b7b09fe6d9eaabc9.jpg]
[bizweb.dktcdn.net/100/308/217/products/muc-trung-24h2abc9.jpg]
[bizweb.dktcdn.net/100/308/217/products/muc-trung-24habc9.jpg]
[bizweb.dktcdn.net/100/308/217/products/muc-trung-24h1abc9.jpg]
[bizweb.dktcdn.net/100/308/217/products/muc-trung-2abc9.jpg]
[bizweb.dktcdn.net/100/308/217/products/muc-trung-phan-thietabc9.jpg]
[bizweb.dktcdn.net/100/308/217/products/muc-ghim-sua-1-e127f15c-2422-41b2-bb90-271f98539832abc9.jpg]
[bizweb.dktcdn.net/thumb/small/100/308/217/products/muc-ghim-sua-3-215ff86e-9fb9-4916-9c59-b7b09fe6d9eaabc9.jpg]
[bizweb.dktcdn.net/thumb/small/100/308/217/products/muc-trung-24h2abc9.jpg]
[bizweb.dktcdn.net/thumb/small/100/308/217/products/muc-trung-24habc9.jpg]
[bizweb.dktcdn.net/thumb/small/100/308/217/products/muc-trung-24h1abc9.jpg]
[bizweb.dktcdn.net/thumb/small/100/308/217/products/muc-trung-2abc9.jpg]
[bizweb.dktcdn.net/thumb/small/100/308/217/products/muc-trung-phan-thietabc9.jpg]
[bizweb.dktcdn.net/thumb/small/100/308/217/products/muc-ghim-sua-1-e127f15c-2422-41b2-bb90-271f98539832abc9.jpg]
[bizweb.dktcdn.net/100/308/217/files/muc-ghim-2c9c7.jpg]
[bizweb.dktcdn.net/100/308/217/files/muc-ghim-sua-3-4ddf460a-269c-4999-ad1d-a10e4c56e74d67a4.jpg]
[bizweb.dktcdn.net/100/308/217/products/muc-trung-24h1cb93.jpg]
[bizweb.dktcdn.net/100/308/217/files/fb-muc-trungfab1.png]
[bizweb.dktcdn.net/100/308/217/files/muc-trung-feedback1095.png]
[bizweb.dktcdn.net/100/308/217/files/muc-trung13659.jpg]
[bizweb.dktcdn.net/100/308/217/files/muc-trung-hap-gung-b0e398fa-0840-487a-961f-cee10e4399281d06.jpg]
[bizweb.dktcdn.net/100/308/217/files/muc-trung-24h-seamart96c7.jpg]
[24hseamart.vn/muc-trung-phan-thiet.html]
[bizweb.dktcdn.net/thumb/grande/100/308/217/products/bachtuoc24hseamart7521.jpg]
[bizweb.dktcdn.net/thumb/grande/100/308/217/products/bach-tuoc-10-20-con-1kg7521.jpg]
[bizweb.dktcdn.net/thumb/grande/100/308/217/products/bach-tuoc-nuong7521.jpg]
[bizweb.dktcdn.net/100/308/217/products/bachtuoc24hseamart7521.jpg]
[bizweb.dktcdn.net/100/308/217/products/bach-tuoc-10-20-con-1kg7521.jpg]
[bizweb.dktcdn.net/100/308/217/products/bach-tuoc-nuong7521.jpg]
[bizweb.dktcdn.net/thumb/small/100/308/217/products/bachtuoc24hseamart7521.jpg]
[bizweb.dktcdn.net/thumb/small/100/308/217/products/bach-tuoc-10-20-con-1kg7521.jpg]
[bizweb.dktcdn.net/thumb/small/100/308/217/products/bach-tuoc-nuong7521.jpg]
[bizweb.dktcdn.net/100/308/217/products/bach-tuoc-10-20-con-1kg.jpg]
[bizweb.dktcdn.net/100/308/217/files/bach-tuoc-nuong-a4652eb7-5d7a-4d08-afb6-88264c7e815d1ec5.jpg]
[bizweb.dktcdn.net/100/308/217/files/phan-hoi-khach-hangca2b.jpg]
[bizweb.dktcdn.net/100/308/217/files/8008e48.png]
[bizweb.dktcdn.net/100/308/217/files/phan-hoi-khach-hang24ae.png]
[24hseamart.vn/bach-tuoc-10-20.html]
[bizweb.dktcdn.net/thumb/grande/100/308/217/products/z3708507057389-3db255f71498b933f2aa2615ba0e1110-a2b8c3d2-3081-46ca-b08c-bda18edb968e801f.jpg]
[bizweb.dktcdn.net/thumb/grande/100/308/217/products/ca-mu-2-abef7971-6a15-4032-8951-f43ff3b387bd801f.jpg]
[bizweb.dktcdn.net/thumb/grande/100/308/217/products/ca-mu-4-c34ac29b-6223-46a3-9ad3-8d6d895487df801f.jpg]
[bizweb.dktcdn.net/100/308/217/products/z3708507057389-3db255f71498b933f2aa2615ba0e1110-a2b8c3d2-3081-46ca-b08c-bda18edb968e801f.jpg]
[bizweb.dktcdn.net/100/308/217/products/ca-mu-2-abef7971-6a15-4032-8951-f43ff3b387bd801f.jpg]
[bizweb.dktcdn.net/100/308/217/products/ca-mu-4-c34ac29b-6223-46a3-9ad3-8d6d895487df801f.jpg]
[bizweb.dktcdn.net/100/308/217/products/ca-mu801f.jpg]
[bizweb.dktcdn.net/100/308/217/products/ca-mu-cop801f.jpg]
[bizweb.dktcdn.net/100/308/217/products/ca-mu-tran-chau-jpg-v-1539693502673801f.jpg]
[bizweb.dktcdn.net/100/308/217/products/ca-mu-24hseamart801f.png]
[bizweb.dktcdn.net/100/308/217/products/ca-mu-1801f.jpg]
[bizweb.dktcdn.net/100/308/217/products/ca-mu-bd7e94f5-8b24-4417-b41f-2b72823915a0801f.jpg]
[bizweb.dktcdn.net/100/308/217/products/lau-ca-muthai-83b2b2aa-96fe-4f9a-8322-62513c5748b3801f.jpg]
[bizweb.dktcdn.net/100/308/217/products/ca-mu-hap-hong-kong1d81.jpg]
[bizweb.dktcdn.net/thumb/small/100/308/217/products/z3708507057389-3db255f71498b933f2aa2615ba0e1110-a2b8c3d2-3081-46ca-b08c-bda18edb968e801f.jpg]
[bizweb.dktcdn.net/thumb/small/100/308/217/products/ca-mu-2-abef7971-6a15-4032-8951-f43ff3b387bd801f.jpg]
[bizweb.dktcdn.net/thumb/small/100/308/217/products/ca-mu-4-c34ac29b-6223-46a3-9ad3-8d6d895487df801f.jpg]
[bizweb.dktcdn.net/thumb/small/100/308/217/products/ca-mu801f.jpg]
[bizweb.dktcdn.net/thumb/small/100/308/217/products/ca-mu-cop801f.jpg]
[bizweb.dktcdn.net/thumb/small/100/308/217/products/ca-mu-tran-chau-jpg-v-1539693502673801f.jpg]
[bizweb.dktcdn.net/thumb/small/100/308/217/products/ca-mu-24hseamart801f.png]
[bizweb.dktcdn.net/thumb/small/100/308/217/products/ca-mu-1801f.jpg]
[bizweb.dktcdn.net/thumb/small/100/308/217/products/ca-mu-bd7e94f5-8b24-4417-b41f-2b72823915a0801f.jpg]
[bizweb.dktcdn.net/thumb/small/100/308/217/products/lau-ca-muthai-83b2b2aa-96fe-4f9a-8322-62513c5748b3801f.jpg]
[bizweb.dktcdn.net/thumb/small/100/308/217/products/ca-mu-hap-hong-kong1d81.jpg]
[bizweb.dktcdn.net/100/308/217/files/ca-mu-tran-chau7b0c.png]
[bizweb.dktcdn.net/100/308/217/files/ca-mu-3da1f4de-dbcf-4fae-8df9-7b6a3b374e2d68cc.jpg]
[bizweb.dktcdn.net/100/308/217/files/ca-mu-tran-chau-1ebc3.png]
[bizweb.dktcdn.net/100/308/217/files/ca-mu-24h246b.jpg]
[bizweb.dktcdn.net/100/308/217/products/ca-mu-cop8d0b.jpg]
[bizweb.dktcdn.net/100/308/217/files/ca-mu-hap-xi-dau4ce2.jpg]
[bizweb.dktcdn.net/100/308/217/files/ca-mu-hap-hong-kongafc4.jpg]
[bizweb.dktcdn.net/100/308/217/files/ca-mu-nuong-moied97.jpg]
[bizweb.dktcdn.net/100/308/217/files/ca-mu-chung-tuong0d2c.jpg]
[24hseamart.vn/ca-mu-tran-chau.html]
[bizweb.dktcdn.net/thumb/grande/100/308/217/products/ca-tam88e7.jpg]
[bizweb.dktcdn.net/thumb/grande/100/308/217/products/ca-tam-cat-khuc-24hseamart-37bed.jpg]
[bizweb.dktcdn.net/thumb/grande/100/308/217/products/1111-c2cf60da-99fc-4595-9fa7-08ff535567477bed.jpg]
[bizweb.dktcdn.net/100/308/217/products/ca-tam88e7.jpg]
[bizweb.dktcdn.net/100/308/217/products/ca-tam-cat-khuc-24hseamart-37bed.jpg]
[bizweb.dktcdn.net/100/308/217/products/1111-c2cf60da-99fc-4595-9fa7-08ff535567477bed.jpg]
[bizweb.dktcdn.net/100/308/217/products/9e018c9a713b8a65d32a7bed.jpg]
[bizweb.dktcdn.net/100/308/217/themes/871466/assets/play_333e4.png]
[bizweb.dktcdn.net/thumb/small/100/308/217/products/ca-tam88e7.jpg]
[bizweb.dktcdn.net/thumb/small/100/308/217/products/ca-tam-cat-khuc-24hseamart-37bed.jpg]
[bizweb.dktcdn.net/thumb/small/100/308/217/products/1111-c2cf60da-99fc-4595-9fa7-08ff535567477bed.jpg]
[bizweb.dktcdn.net/thumb/small/100/308/217/products/9e018c9a713b8a65d32a7bed.jpg]
[bizweb.dktcdn.net/100/308/217/files/catam1-6caddff6-256f-470b-a6c1-25e1e8e4df7cb52c.jpg]
[bizweb.dktcdn.net/100/308/217/files/catam2-403503b4-4c71-412f-9a27-cd73947ece12db0f.jpg]
[bizweb.dktcdn.net/100/308/217/files/catam3-bc726e60-861b-4ddb-9137-a67e115956c6b17d.jpg]
[bizweb.dktcdn.net/100/308/217/files/785ccaaf7315ab4bf204-7dabfefa-52dd-447d-a09c-de9848b2fe586ab1.jpg]
[bizweb.dktcdn.net/100/308/217/files/catam4-c2395648-fbfe-4896-a2e2-01c1deaf91efcfb5.jpg]
[bizweb.dktcdn.net/100/308/217/files/catam6-50b7274b-b582-4cbe-91e6-6add07e8aed34dcf.jpg]
[bizweb.dktcdn.net/100/308/217/files/catam7-46a4c04d-2855-4b67-816f-5cde56382329b971.jpg]
[bizweb.dktcdn.net/100/308/217/files/ca-tam-chien-gionf34b.jpg]
[bizweb.dktcdn.net/100/308/217/files/ca-tam-kho-to-24hseamartaf7e.jpg]
[bizweb.dktcdn.net/100/308/217/files/canh-chua-ca-tam8a88.jpg]
[24hseamart.vn/ca-tam.html]
[bizweb.dktcdn.net/thumb/grande/100/308/217/products/ca-chep-gion1ae7.jpg]
[bizweb.dktcdn.net/thumb/grande/100/308/217/products/ca-chep-gion-3-dc5fe70f-b95b-4da0-b174-449985946c5b1ae7.jpg]
[bizweb.dktcdn.net/thumb/grande/100/308/217/products/ca-chep-gion-41ae7.jpg]
[bizweb.dktcdn.net/100/308/217/products/ca-chep-gion1ae7.jpg]
[bizweb.dktcdn.net/100/308/217/products/ca-chep-gion-3-dc5fe70f-b95b-4da0-b174-449985946c5b1ae7.jpg]
[bizweb.dktcdn.net/100/308/217/products/ca-chep-gion-41ae7.jpg]
[bizweb.dktcdn.net/100/308/217/products/ca-chep-gion-24hseamart-song1ae7.jpg]
[bizweb.dktcdn.net/100/308/217/products/ca-chep-gion-6-9e9d7ca6-a08c-4cb4-8153-0ca8d7a74af51ae7.jpg]
[bizweb.dktcdn.net/100/308/217/products/ca-chep-gion-om-duaa6ed.jpg]
[bizweb.dktcdn.net/100/308/217/products/ca-chep-gion-nuong0f6f.jpg]
[bizweb.dktcdn.net/thumb/small/100/308/217/products/ca-chep-gion1ae7.jpg]
[bizweb.dktcdn.net/thumb/small/100/308/217/products/ca-chep-gion-3-dc5fe70f-b95b-4da0-b174-449985946c5b1ae7.jpg]
[bizweb.dktcdn.net/thumb/small/100/308/217/products/ca-chep-gion-41ae7.jpg]
[bizweb.dktcdn.net/thumb/small/100/308/217/products/ca-chep-gion-24hseamart-song1ae7.jpg]
[bizweb.dktcdn.net/thumb/small/100/308/217/products/ca-chep-gion-6-9e9d7ca6-a08c-4cb4-8153-0ca8d7a74af51ae7.jpg]
[bizweb.dktcdn.net/thumb/small/100/308/217/products/ca-chep-gion-om-duaa6ed.jpg]
[bizweb.dktcdn.net/thumb/small/100/308/217/products/ca-chep-gion-nuong0f6f.jpg]
[bizweb.dktcdn.net/100/308/217/files/ca-chep-gion-tphcm3929.jpg]
[bizweb.dktcdn.net/100/308/217/files/ca-chep-gion-72f6779f-8dbd-473e-8ec6-6736ccff476e26e3.jpg]
[bizweb.dktcdn.net/100/308/217/files/z1500932222002-db9ae246e54f84c7479d886ae9ea8146-31d1504e-4aad-422d-b92e-51673440b749183b.jpg]
[bizweb.dktcdn.net/100/308/217/files/z1500930930415-312c4870e0412bc6b351ff630390a85f-6b86994c-c73b-4711-93c3-07ca377ad47a6c58.jpg]
[bizweb.dktcdn.net/100/308/217/files/z1500930908039-a173e182163c1ab35ad85d0171656f8e-265fb8ef-8686-4342-95d0-dad5722fa7e4c92b.jpg]
[bizweb.dktcdn.net/100/308/217/files/z1500930912919-ba9f74d79cc5710e0f1dbf0ea4fd7078-488ad0ee-543d-4a30-9c23-208fc5164492ff1a.jpg]
[bizweb.dktcdn.net/100/308/217/files/ca-chep-gion-om-duaf995.jpg]
[bizweb.dktcdn.net/100/308/217/files/chao-ca-chep-cho-ba-baudbd2.jpg]
[bizweb.dktcdn.net/100/308/217/files/ca-chep-sot-ca-chuad6ab.jpg]
[24hseamart.vn/ca-chep-gion.html]
[bizweb.dktcdn.net/thumb/grande/100/308/217/products/ca-lang-24hseamart-1f05a.jpg]
[bizweb.dktcdn.net/thumb/grande/100/308/217/products/ca-lang-song-1f05a.jpg]
[bizweb.dktcdn.net/thumb/grande/100/308/217/products/ca-lang-song-2a4cf.jpg]
[bizweb.dktcdn.net/100/308/217/products/ca-lang-24hseamart-1f05a.jpg]
[bizweb.dktcdn.net/100/308/217/products/ca-lang-song-1f05a.jpg]
[bizweb.dktcdn.net/100/308/217/products/ca-lang-song-2a4cf.jpg]
[bizweb.dktcdn.net/100/308/217/products/lau-ca-lang-14686.jpg]
[bizweb.dktcdn.net/100/308/217/products/ca-lang-nuong-rieng-me4686.jpg]
[bizweb.dktcdn.net/thumb/small/100/308/217/products/ca-lang-24hseamart-1f05a.jpg]
[bizweb.dktcdn.net/thumb/small/100/308/217/products/ca-lang-song-1f05a.jpg]
[bizweb.dktcdn.net/thumb/small/100/308/217/products/ca-lang-song-2a4cf.jpg]
[bizweb.dktcdn.net/thumb/small/100/308/217/products/lau-ca-lang-14686.jpg]
[bizweb.dktcdn.net/thumb/small/100/308/217/products/ca-lang-nuong-rieng-me4686.jpg]
[bizweb.dktcdn.net/100/308/217/files/ca-lang-duoi-dobce7.jpg]
[bizweb.dktcdn.net/100/308/217/files/ca-lang-tphcmeefd.jpg]
[bizweb.dktcdn.net/100/308/217/files/ca-lang-kho-to39ab.jpg]
[bizweb.dktcdn.net/100/308/217/files/ca-lang-nuong8d7b.jpg]
[24hseamart.vn/ca-lang.html]
[bizweb.dktcdn.net/thumb/grande/100/308/217/products/ca-tai-tuong-48845.jpg]
[bizweb.dktcdn.net/thumb/grande/100/308/217/products/ca-tai-tuong8845.jpg]
[bizweb.dktcdn.net/thumb/grande/100/308/217/products/ca-tai-tuong-38845.jpg]
[bizweb.dktcdn.net/100/308/217/products/ca-tai-tuong-48845.jpg]
[bizweb.dktcdn.net/100/308/217/products/ca-tai-tuong8845.jpg]
[bizweb.dktcdn.net/100/308/217/products/ca-tai-tuong-38845.jpg]
[bizweb.dktcdn.net/100/308/217/products/ca-tai-tuong-58845.jpg]
[bizweb.dktcdn.net/100/308/217/products/ca-tai-tuong-chien-xu2286.jpg]
[bizweb.dktcdn.net/thumb/small/100/308/217/products/ca-tai-tuong-48845.jpg]
[bizweb.dktcdn.net/thumb/small/100/308/217/products/ca-tai-tuong8845.jpg]
[bizweb.dktcdn.net/thumb/small/100/308/217/products/ca-tai-tuong-38845.jpg]
[bizweb.dktcdn.net/thumb/small/100/308/217/products/ca-tai-tuong-58845.jpg]
[bizweb.dktcdn.net/thumb/small/100/308/217/products/ca-tai-tuong-chien-xu2286.jpg]
[bizweb.dktcdn.net/100/308/217/files/ca-tai-tuong-1812e.jpg]
[bizweb.dktcdn.net/100/308/217/files/ca-tai-tuong-chien-xu-406b8f3e-0d55-4f87-8ff3-4f09ae30c2cdde28.jpg]
[24hseamart.vn/ca-tai-tuong.html]
[bizweb.dktcdn.net/thumb/grande/100/308/217/products/ca-chep-gion-6b2d9.jpg]
[bizweb.dktcdn.net/thumb/grande/100/308/217/products/ca-chep-gion-2-7e8da5fc-c467-4d20-99af-c034f949f9acb2d9.jpg]
[bizweb.dktcdn.net/thumb/grande/100/308/217/products/ca-chep-gion-24hseamartb2d9.jpg]
[bizweb.dktcdn.net/100/308/217/products/ca-chep-gion-6b2d9.jpg]
[bizweb.dktcdn.net/100/308/217/products/ca-chep-gion-2-7e8da5fc-c467-4d20-99af-c034f949f9acb2d9.jpg]
[bizweb.dktcdn.net/100/308/217/products/ca-chep-gion-24hseamartb2d9.jpg]
[bizweb.dktcdn.net/100/308/217/products/ca-chep-om-dua-jpg-v-1533952015792b2d9.jpg]
[bizweb.dktcdn.net/100/308/217/products/ca-chep-gion-1-37edf204-051f-4d45-bb31-6631ec9dbf95b2d9.jpg]
[bizweb.dktcdn.net/100/308/217/products/lau-ca-chep-gion10369.jpg]
[bizweb.dktcdn.net/100/308/217/products/ca-chep-gion-chien-gion-jpegb303.jpg]
[bizweb.dktcdn.net/thumb/small/100/308/217/products/ca-chep-gion-6b2d9.jpg]
[bizweb.dktcdn.net/thumb/small/100/308/217/products/ca-chep-gion-2-7e8da5fc-c467-4d20-99af-c034f949f9acb2d9.jpg]
[bizweb.dktcdn.net/thumb/small/100/308/217/products/ca-chep-gion-24hseamartb2d9.jpg]
[bizweb.dktcdn.net/thumb/small/100/308/217/products/ca-chep-om-dua-jpg-v-1533952015792b2d9.jpg]
[bizweb.dktcdn.net/thumb/small/100/308/217/products/ca-chep-gion-1-37edf204-051f-4d45-bb31-6631ec9dbf95b2d9.jpg]
[bizweb.dktcdn.net/thumb/small/100/308/217/products/lau-ca-chep-gion10369.jpg]
[bizweb.dktcdn.net/thumb/small/100/308/217/products/ca-chep-gion-chien-gion-jpegb303.jpg]
[bizweb.dktcdn.net/100/308/217/files/ca-chep-gion-tphcm644c.jpg]
[bizweb.dktcdn.net/100/308/217/files/ca-chep-gion-tha-ho-oxy02d1.jpg]
[bizweb.dktcdn.net/100/308/217/files/lau-ca-chep-gion8324.jpg]
[bizweb.dktcdn.net/100/308/217/files/ca-chep-gion-om-dua-1fda72cd-2b5c-4f1e-916f-910e7866c2f7d40e.jpg]
[bizweb.dktcdn.net/100/308/217/files/chao-ca-chep-giona33e.jpg]
[bizweb.dktcdn.net/100/308/217/files/ca-chep-gion-sot-ca-chua8a45.jpg]
[24hseamart.vn/ca-chep-gion-1.html]
[bizweb.dktcdn.net/thumb/grande/100/308/217/products/ca-bo-giap-24hseamart-202d0.jpg]
[bizweb.dktcdn.net/thumb/grande/100/308/217/products/ca-bo-giap-24hseamart-102d0.jpg]
[bizweb.dktcdn.net/thumb/grande/100/308/217/products/ca-bo-giap-24hseamart02d0.jpg]
[bizweb.dktcdn.net/100/308/217/products/ca-bo-giap-24hseamart-202d0.jpg]
[bizweb.dktcdn.net/100/308/217/products/ca-bo-giap-24hseamart-102d0.jpg]
[bizweb.dktcdn.net/100/308/217/products/ca-bo-giap-24hseamart02d0.jpg]
[bizweb.dktcdn.net/100/308/217/products/ca-bo-giap02d0.jpg]
[bizweb.dktcdn.net/100/308/217/products/ca-bo-giap-song02d0.jpg]
[bizweb.dktcdn.net/100/308/217/products/ca-bo-giap-nuong02d0.jpg]
[bizweb.dktcdn.net/100/308/217/products/ca-bo-giap-tuoi-song02d0.jpg]
[bizweb.dktcdn.net/100/308/217/products/ca-bo-giap-nuong-8502998f-c8f2-4576-95e0-ab4359d148a0b4f0.jpg]
[bizweb.dktcdn.net/thumb/small/100/308/217/products/ca-bo-giap-24hseamart-202d0.jpg]
[bizweb.dktcdn.net/thumb/small/100/308/217/products/ca-bo-giap-24hseamart-102d0.jpg]
[bizweb.dktcdn.net/thumb/small/100/308/217/products/ca-bo-giap-24hseamart02d0.jpg]
[bizweb.dktcdn.net/thumb/small/100/308/217/products/ca-bo-giap02d0.jpg]
[bizweb.dktcdn.net/thumb/small/100/308/217/products/ca-bo-giap-song02d0.jpg]
[bizweb.dktcdn.net/thumb/small/100/308/217/products/ca-bo-giap-nuong02d0.jpg]
[bizweb.dktcdn.net/thumb/small/100/308/217/products/ca-bo-giap-tuoi-song02d0.jpg]
[bizweb.dktcdn.net/thumb/small/100/308/217/products/ca-bo-giap-nuong-8502998f-c8f2-4576-95e0-ab4359d148a0b4f0.jpg]
[bizweb.dktcdn.net/100/308/217/files/ca-bo-giap-bc09a177-0ae0-4206-9af3-efc8b85ebc3f403d.jpg]
[bizweb.dktcdn.net/100/308/217/files/ca-bo-giap-c73b1535-78bf-45c8-9839-a21ae37c51082585.jpg]
[bizweb.dktcdn.net/100/308/217/files/ca-bo-giap-trong-ho-oxyef5f.jpg]
[bizweb.dktcdn.net/100/308/217/files/ca-bo-giap-24hseamartc945.jpg]
[bizweb.dktcdn.net/100/308/217/files/ca-bo-giap-nuong6bab.jpg]
[bizweb.dktcdn.net/100/308/217/files/ca-bo-giap-nuong-cuon-banh-trang7afd.jpg]
[24hseamart.vn/ca-bo-giap.html]
[bizweb.dktcdn.net/thumb/grande/100/308/217/products/ca-chem-24hseamart-115b2.jpg]
[bizweb.dktcdn.net/thumb/grande/100/308/217/products/ca-chem-24hseamart-215b2.jpg]
[bizweb.dktcdn.net/thumb/grande/100/308/217/products/thit-ca-chem15b2.png]
[24hseamart.vn/lau.html]
[bizweb.dktcdn.net/100/308/217/products/ca-chem-24hseamart-115b2.jpg]
[bizweb.dktcdn.net/100/308/217/products/ca-chem-24hseamart-215b2.jpg]
[bizweb.dktcdn.net/100/308/217/products/thit-ca-chem15b2.png]
[bizweb.dktcdn.net/100/308/217/products/ca-chem-sot-cam15b2.png]
[bizweb.dktcdn.net/100/308/217/products/ca-chem-ap-chao15b2.png]
[bizweb.dktcdn.net/100/308/217/products/ca-chem-hap-hkfc59.jpg]
[bizweb.dktcdn.net/100/308/217/products/ca-chem-nuong6ed1.jpg]
[bizweb.dktcdn.net/thumb/small/100/308/217/products/ca-chem-24hseamart-115b2.jpg]
[bizweb.dktcdn.net/thumb/small/100/308/217/products/ca-chem-24hseamart-215b2.jpg]
[bizweb.dktcdn.net/thumb/small/100/308/217/products/thit-ca-chem15b2.png]
[bizweb.dktcdn.net/thumb/small/100/308/217/products/ca-chem-sot-cam15b2.png]
[bizweb.dktcdn.net/thumb/small/100/308/217/products/ca-chem-ap-chao15b2.png]
[bizweb.dktcdn.net/thumb/small/100/308/217/products/ca-chem-hap-hkfc59.jpg]
[bizweb.dktcdn.net/thumb/small/100/308/217/products/ca-chem-nuong6ed1.jpg]
[bizweb.dktcdn.net/100/308/217/files/ca-chem-24hseamart-2b249.jpg]
[bizweb.dktcdn.net/100/308/217/files/ca-chem-hap-hk8d47.jpg]
[bizweb.dktcdn.net/100/308/217/files/ca-chem-hap-thap-cam081a.jpg]
[bizweb.dktcdn.net/100/308/217/files/cach-lam-ca-chem-hap-tau7782.jpg]
[24hseamart.vn/ca-chem.html]
[bizweb.dktcdn.net/thumb/grande/100/308/217/products/ghe-xanh-83fb9.jpg]
[bizweb.dktcdn.net/thumb/grande/100/308/217/products/ghe-xanh-3-43fb9.jpg]
[bizweb.dktcdn.net/thumb/grande/100/308/217/products/ghe-nhan-xanh-23fb9.jpg]
[bizweb.dktcdn.net/100/308/217/products/ghe-xanh-83fb9.jpg]
[bizweb.dktcdn.net/100/308/217/products/ghe-xanh-3-43fb9.jpg]
[bizweb.dktcdn.net/100/308/217/products/ghe-nhan-xanh-23fb9.jpg]
[bizweb.dktcdn.net/100/308/217/products/ghe-nhan-xanh-5e639.jpg]
[bizweb.dktcdn.net/100/308/217/products/ghe-nhan-xanh-6e639.jpg]
[bizweb.dktcdn.net/100/308/217/products/lau-ghee639.jpg]
[bizweb.dktcdn.net/100/308/217/products/gh-rang-mu-i-te639.png]
[bizweb.dktcdn.net/thumb/small/100/308/217/products/ghe-xanh-83fb9.jpg]
[bizweb.dktcdn.net/thumb/small/100/308/217/products/ghe-xanh-3-43fb9.jpg]
[bizweb.dktcdn.net/thumb/small/100/308/217/products/ghe-nhan-xanh-23fb9.jpg]
[bizweb.dktcdn.net/thumb/small/100/308/217/products/ghe-nhan-xanh-5e639.jpg]
[bizweb.dktcdn.net/thumb/small/100/308/217/products/ghe-nhan-xanh-6e639.jpg]
[bizweb.dktcdn.net/thumb/small/100/308/217/products/lau-ghee639.jpg]
[bizweb.dktcdn.net/thumb/small/100/308/217/products/gh-rang-mu-i-te639.png]
[bizweb.dktcdn.net/100/308/217/files/muoi-chanh6ded.jpg]
[bizweb.dktcdn.net/100/308/217/files/ghe-nhan-xanh-19742.jpg]
[bizweb.dktcdn.net/100/308/217/files/ghe-nhan-xanh-3930b.jpg]
[bizweb.dktcdn.net/100/308/217/files/ghe-xanh-63dbbe04-1cce-448b-94cb-5d67f891dbad9031.jpg]
[bizweb.dktcdn.net/100/308/217/files/ghe-nhan-xanh-6f895.jpg]
[bizweb.dktcdn.net/100/308/217/files/ghe-nhan-xanh-43491.jpg]
[bizweb.dktcdn.net/100/308/217/files/ghe-nhan-xanh-57343.jpg]
[bizweb.dktcdn.net/100/308/217/files/ghe05db.png]
[bizweb.dktcdn.net/100/308/217/files/ghe-a86141d2-5ced-4915-bfe6-766a9cbaca94dddd.png]
[bizweb.dktcdn.net/100/308/217/files/ghe1bfaf.png]
[bizweb.dktcdn.net/100/308/217/files/ghe-xanhd642.png]
[bizweb.dktcdn.net/100/308/217/files/ghe-chi-tran8b76.jpg]
[bizweb.dktcdn.net/100/308/217/files/ghe-feedback87d6.jpg]
[bizweb.dktcdn.net/100/308/217/files/ghe-xanh-24hseamart1188.jpg]
[bizweb.dktcdn.net/100/308/217/files/ghe-24hseamarta25e.jpg]
[24hseamart.vn/ghe-xanh.html]
[bizweb.dktcdn.net/thumb/grande/100/308/217/products/tom-mu-ni-tom-vod948.jpg]
[bizweb.dktcdn.net/thumb/grande/100/308/217/products/tom-mu-ni-song-24hseamart-jpg-v-1564222730374d948.jpg]
[bizweb.dktcdn.net/thumb/grande/100/308/217/products/t-m-m-ni-h-p-biad948.jpg]
[bizweb.dktcdn.net/100/308/217/products/tom-mu-ni-tom-vod948.jpg]
[bizweb.dktcdn.net/100/308/217/products/tom-mu-ni-song-24hseamart-jpg-v-1564222730374d948.jpg]
[bizweb.dktcdn.net/100/308/217/products/t-m-m-ni-h-p-biad948.jpg]
[bizweb.dktcdn.net/100/308/217/products/t-m-m-ni-rang-t-id948.jpg]
[bizweb.dktcdn.net/100/308/217/products/mu-ni-dend948.jpg]
[bizweb.dktcdn.net/100/308/217/products/tom-mu-ni-24hseamart-5a4337fb-ab25-46a9-8c69-3efa21adb04d-jpg-v-1564222822463d948.jpg]
[bizweb.dktcdn.net/100/308/217/products/tom-mu-ni-1d948.jpg]
[bizweb.dktcdn.net/thumb/small/100/308/217/products/tom-mu-ni-tom-vod948.jpg]
[bizweb.dktcdn.net/thumb/small/100/308/217/products/tom-mu-ni-song-24hseamart-jpg-v-1564222730374d948.jpg]
[bizweb.dktcdn.net/thumb/small/100/308/217/products/t-m-m-ni-h-p-biad948.jpg]
[bizweb.dktcdn.net/thumb/small/100/308/217/products/t-m-m-ni-rang-t-id948.jpg]
[bizweb.dktcdn.net/thumb/small/100/308/217/products/mu-ni-dend948.jpg]
[bizweb.dktcdn.net/thumb/small/100/308/217/products/tom-mu-ni-24hseamart-5a4337fb-ab25-46a9-8c69-3efa21adb04d-jpg-v-1564222822463d948.jpg]
[bizweb.dktcdn.net/thumb/small/100/308/217/products/tom-mu-ni-1d948.jpg]
[bizweb.dktcdn.net/100/308/217/files/tom-mu-ni-24hseamart-5a4337fb-ab25-46a9-8c69-3efa21adb04d6ddf.jpg]
[bizweb.dktcdn.net/100/308/217/files/tom-mu-ni-loai-to7504.jpg]
[bizweb.dktcdn.net/100/308/217/files/tom-mu-ni-d8cc3ae7-b70e-4607-8730-38c608846b6b08cb.jpg]
[bizweb.dktcdn.net/100/308/217/files/tom-mu-ni-song-0d3c97ba-abe8-4d84-a11a-484950957c59c41d.jpg]
[bizweb.dktcdn.net/100/308/217/files/tom-vo5c9e.jpg]
[bizweb.dktcdn.net/100/308/217/files/tom-mu-ni-song-24hseamart53e7.jpg]
[bizweb.dktcdn.net/100/308/217/files/tom-mu-ni-hap7194.jpg]
[bizweb.dktcdn.net/100/308/217/files/tom-mu-ni-nuong-bo9983.jpg]
[bizweb.dktcdn.net/100/308/217/files/tom-mu-ni-rang-toi360c.jpg]
[24hseamart.vn/tom-mu-ni.html]
[bizweb.dktcdn.net/thumb/grande/100/308/217/products/tom-hum-xanh-6-03225d47-3c91-402a-9d75-87ae2ae9b7d014cd.jpg]
[bizweb.dktcdn.net/thumb/grande/100/308/217/products/tom-hum-xanh-1214cd.jpg]
[bizweb.dktcdn.net/thumb/grande/100/308/217/products/tom-hum-xanh-714cd.jpg]
[bizweb.dktcdn.net/100/308/217/products/tom-hum-xanh-6-03225d47-3c91-402a-9d75-87ae2ae9b7d014cd.jpg]
[bizweb.dktcdn.net/100/308/217/products/tom-hum-xanh-1214cd.jpg]
[bizweb.dktcdn.net/100/308/217/products/tom-hum-xanh-714cd.jpg]
[bizweb.dktcdn.net/100/308/217/products/tom-hum-xanh-614cd.jpg]
[bizweb.dktcdn.net/100/308/217/products/tom-hum-24h14cd.jpg]
[bizweb.dktcdn.net/100/308/217/products/tom-hum-114cd.jpg]
[bizweb.dktcdn.net/100/308/217/products/tom-hum214cd.jpg]
[bizweb.dktcdn.net/100/308/217/products/tom-hum-xanh14cd.jpg]
[bizweb.dktcdn.net/100/308/217/products/tom-hum-xanh-1kg-3-con14cd.jpg]
[bizweb.dktcdn.net/100/308/217/products/tom-hum-xanh-814cd.jpg]
[bizweb.dktcdn.net/100/308/217/products/tom-hum-xanh-1014cd.jpg]
[bizweb.dktcdn.net/100/308/217/products/2931-8058a.jpg]
[bizweb.dktcdn.net/100/308/217/products/lau-tom-humcc29.jpg]
[bizweb.dktcdn.net/thumb/small/100/308/217/products/tom-hum-xanh-6-03225d47-3c91-402a-9d75-87ae2ae9b7d014cd.jpg]
[bizweb.dktcdn.net/thumb/small/100/308/217/products/tom-hum-xanh-1214cd.jpg]
[bizweb.dktcdn.net/thumb/small/100/308/217/products/tom-hum-xanh-714cd.jpg]
[bizweb.dktcdn.net/thumb/small/100/308/217/products/tom-hum-xanh-614cd.jpg]
[bizweb.dktcdn.net/thumb/small/100/308/217/products/tom-hum-24h14cd.jpg]
[bizweb.dktcdn.net/thumb/small/100/308/217/products/tom-hum-114cd.jpg]
[bizweb.dktcdn.net/thumb/small/100/308/217/products/tom-hum214cd.jpg]
[bizweb.dktcdn.net/thumb/small/100/308/217/products/tom-hum-xanh14cd.jpg]
[bizweb.dktcdn.net/thumb/small/100/308/217/products/tom-hum-xanh-1kg-3-con14cd.jpg]
[bizweb.dktcdn.net/thumb/small/100/308/217/products/tom-hum-xanh-814cd.jpg]
[bizweb.dktcdn.net/thumb/small/100/308/217/products/tom-hum-xanh-1014cd.jpg]
[bizweb.dktcdn.net/thumb/small/100/308/217/products/2931-8058a.jpg]
[bizweb.dktcdn.net/thumb/small/100/308/217/products/lau-tom-humcc29.jpg]
[24hseamart.vn/tom-hum-xanh-baby.310.delayed]
[bizweb.dktcdn.net/100/308/217/files/tom-hum-xanh-f4c02855-d235-4936-ab54-9f5948275a017411.jpg]
[bizweb.dktcdn.net/100/308/217/files/tom-hum-1kg-3-con2e6b.jpg]
[bizweb.dktcdn.net/100/308/217/products/combo-56162.jpg]
[bizweb.dktcdn.net/100/308/217/files/tom-hum-sma5b4.jpg]
[bizweb.dktcdn.net/100/308/217/files/tom-hum-xanh-suc-song-khoe68e8.png]
[bizweb.dktcdn.net/100/308/217/files/mon-ngon-tom-hum26e9.jpg]
[bizweb.dktcdn.net/100/308/217/files/tom-hum-baby-nuong-a96944ed-8ad6-4163-8b8c-135f2ac94067b18a.png]
[bizweb.dktcdn.net/100/308/217/files/mon-ngon-tom-huma5d1.png]
[24hseamart.vn/tom-hum-xanh.html]
[bizweb.dktcdn.net/thumb/grande/100/308/217/products/tom-cang-xanh-24hseamart-1ddda.jpg]
[bizweb.dktcdn.net/thumb/grande/100/308/217/products/tom-cang-xanh-10-12-conbb8c.jpg]
[bizweb.dktcdn.net/thumb/grande/100/308/217/products/tom-cang-xanh-songbb8c.jpg]
[bizweb.dktcdn.net/100/308/217/products/tom-cang-xanh-24hseamart-1ddda.jpg]
[bizweb.dktcdn.net/100/308/217/products/tom-cang-xanh-10-12-conbb8c.jpg]
[bizweb.dktcdn.net/100/308/217/products/tom-cang-xanh-songbb8c.jpg]
[bizweb.dktcdn.net/100/308/217/products/tom-cang-xanh-24hseamart-3-6f34444e-1c98-4351-8ab1-0690773e3347bb8c.jpg]
[bizweb.dktcdn.net/100/308/217/products/tom-cang-xanh-24hseamart-4-e727464e-c1f8-4422-add2-c1bd4ee68c77bb8c.jpg]
[bizweb.dktcdn.net/100/308/217/products/cari-tomg-cang-xanhdc7f.jpg]
[bizweb.dktcdn.net/thumb/small/100/308/217/products/tom-cang-xanh-24hseamart-1ddda.jpg]
[bizweb.dktcdn.net/thumb/small/100/308/217/products/tom-cang-xanh-10-12-conbb8c.jpg]
[bizweb.dktcdn.net/thumb/small/100/308/217/products/tom-cang-xanh-songbb8c.jpg]
[bizweb.dktcdn.net/thumb/small/100/308/217/products/tom-cang-xanh-24hseamart-3-6f34444e-1c98-4351-8ab1-0690773e3347bb8c.jpg]
[bizweb.dktcdn.net/thumb/small/100/308/217/products/tom-cang-xanh-24hseamart-4-e727464e-c1f8-4422-add2-c1bd4ee68c77bb8c.jpg]
[bizweb.dktcdn.net/thumb/small/100/308/217/products/cari-tomg-cang-xanhdc7f.jpg]
[bizweb.dktcdn.net/100/308/217/files/tom-cang-xanh-19e37a.jpg]
[bizweb.dktcdn.net/100/308/217/files/tom-cang-xanh-24hseamartdf5a.jpg]
[bizweb.dktcdn.net/100/308/217/files/tom-cang-xanh-6efdf8a2-4931-4235-8322-93dffeb1f5ef1994.jpg]
[bizweb.dktcdn.net/100/308/217/files/tom-cang-190939.jpg]
[bizweb.dktcdn.net/100/308/217/files/tom-cang-nuonga489.jpg]
[bizweb.dktcdn.net/100/308/217/files/tom-cang14a8b.jpg]
[bizweb.dktcdn.net/100/308/217/products/tom-cang-xanh-chay-toif5cb.jpg]
[bizweb.dktcdn.net/100/308/217/products/ca-ri-tom-canga667.jpg]
[24hseamart.vn/tom-cang-xanh.html]
[bizweb.dktcdn.net/thumb/grande/100/308/217/products/cua-thit-ca-mau4aa9.jpg]
[bizweb.dktcdn.net/thumb/grande/100/308/217/products/cua-ca-mau-14aa9.jpg]
[bizweb.dktcdn.net/thumb/grande/100/308/217/products/cua-ca-mau4aa9.jpg]
[bizweb.dktcdn.net/100/308/217/products/cua-thit-ca-mau4aa9.jpg]
[bizweb.dktcdn.net/100/308/217/products/cua-ca-mau-14aa9.jpg]
[bizweb.dktcdn.net/100/308/217/products/cua-ca-mau4aa9.jpg]
[bizweb.dktcdn.net/100/308/217/products/cua-c-mau-rang-mu-i4aa9.jpg]
[bizweb.dktcdn.net/100/308/217/products/cua-h-p-ngon4aa9.jpg]
[bizweb.dktcdn.net/100/308/217/products/10fe19103ca3d8fd81b275e8.jpg]
[bizweb.dktcdn.net/100/308/217/products/cua-rang-me4329.jpg]
[bizweb.dktcdn.net/100/308/217/products/cua-ca-mau-nuongf3d2.jpg]
[bizweb.dktcdn.net/100/308/217/products/dac-san-ca-mau-cua-ca-mau15e7.jpg]
[bizweb.dktcdn.net/100/308/217/products/lau-cua-bien-mang-chua3600.jpg]
[bizweb.dktcdn.net/thumb/small/100/308/217/products/cua-thit-ca-mau4aa9.jpg]
[bizweb.dktcdn.net/thumb/small/100/308/217/products/cua-ca-mau-14aa9.jpg]
[bizweb.dktcdn.net/thumb/small/100/308/217/products/cua-ca-mau4aa9.jpg]
[bizweb.dktcdn.net/thumb/small/100/308/217/products/cua-c-mau-rang-mu-i4aa9.jpg]
[bizweb.dktcdn.net/thumb/small/100/308/217/products/cua-h-p-ngon4aa9.jpg]
[bizweb.dktcdn.net/thumb/small/100/308/217/products/10fe19103ca3d8fd81b275e8.jpg]
[bizweb.dktcdn.net/thumb/small/100/308/217/products/cua-rang-me4329.jpg]
[bizweb.dktcdn.net/thumb/small/100/308/217/products/cua-ca-mau-nuongf3d2.jpg]
[bizweb.dktcdn.net/thumb/small/100/308/217/products/dac-san-ca-mau-cua-ca-mau15e7.jpg]
[bizweb.dktcdn.net/thumb/small/100/308/217/products/lau-cua-bien-mang-chua3600.jpg]
[bizweb.dktcdn.net/100/308/217/files/cua-thit-ca-mau-24hseamart46e1.jpg]
[bizweb.dktcdn.net/100/308/217/files/cua-thit-cua-gach3d6c.png]
[bizweb.dktcdn.net/100/308/217/files/sot-cua-mien-phi6ab7.jpg]
[bizweb.dktcdn.net/100/308/217/files/cua-thit-ca-mau-khong-daya273.jpg]
[bizweb.dktcdn.net/100/308/217/files/cua-seamart8e2f.jpg]
[bizweb.dktcdn.net/100/308/217/files/cua-hap-ngonce15.jpg]
[bizweb.dktcdn.net/100/308/217/files/cua-rang-me-6004821.jpg]
[bizweb.dktcdn.net/100/308/217/files/cua-ca-mau-nuong-8befdbdd-f1d6-4ad1-8b37-1ff0b997c28e67ad.jpg]
[bizweb.dktcdn.net/100/308/217/files/cua-a923b285-3dd3-4d6b-9daa-0080bb75281aa9f0.png]
[bizweb.dktcdn.net/100/308/217/files/cua149c9.png]
[bizweb.dktcdn.net/100/308/217/files/cua-ca-mau-feedback-25018.jpg]
[bizweb.dktcdn.net/100/308/217/files/cua-ca-mau-feedback-102fd.jpg]
[24hseamart.vn/cua-ca-mau.html]
[bizweb.dktcdn.net/thumb/grande/100/308/217/products/cua-gach-ca-mau-ngon6205.jpg]
[bizweb.dktcdn.net/thumb/grande/100/308/217/products/cua-gach-ca-mau6205.jpg]
[bizweb.dktcdn.net/thumb/grande/100/308/217/products/cua-gach26205.jpg]
[bizweb.dktcdn.net/100/308/217/products/cua-gach-ca-mau-ngon6205.jpg]
[bizweb.dktcdn.net/100/308/217/products/cua-gach-ca-mau6205.jpg]
[bizweb.dktcdn.net/100/308/217/products/cua-gach26205.jpg]
[bizweb.dktcdn.net/100/308/217/products/cua-gach-246205.jpg]
[bizweb.dktcdn.net/100/308/217/products/cua-ca-mau-bce38dd5-0f0a-4cae-ac90-e198a9daccf0f283.jpg]
[bizweb.dktcdn.net/100/308/217/products/cua-rang-me-1f839.jpg]
[bizweb.dktcdn.net/100/308/217/products/cua-ca-mau-nuong-d723026e-69b4-4a44-bb85-29dad3ab9dcbcf5e.jpg]
[bizweb.dktcdn.net/100/308/217/products/lau-cuaafbc.jpg]
[bizweb.dktcdn.net/100/308/217/products/10fe19103ca3d8fd81b2-43a83ed9-dda7-4284-bd5c-b2a6bbc833809564.jpg]
[bizweb.dktcdn.net/thumb/small/100/308/217/products/cua-gach-ca-mau-ngon6205.jpg]
[bizweb.dktcdn.net/thumb/small/100/308/217/products/cua-gach-ca-mau6205.jpg]
[bizweb.dktcdn.net/thumb/small/100/308/217/products/cua-gach26205.jpg]
[bizweb.dktcdn.net/thumb/small/100/308/217/products/cua-gach-246205.jpg]
[bizweb.dktcdn.net/thumb/small/100/308/217/products/cua-ca-mau-bce38dd5-0f0a-4cae-ac90-e198a9daccf0f283.jpg]
[bizweb.dktcdn.net/thumb/small/100/308/217/products/cua-rang-me-1f839.jpg]
[bizweb.dktcdn.net/thumb/small/100/308/217/products/cua-ca-mau-nuong-d723026e-69b4-4a44-bb85-29dad3ab9dcbcf5e.jpg]
[bizweb.dktcdn.net/thumb/small/100/308/217/products/lau-cuaafbc.jpg]
[bizweb.dktcdn.net/thumb/small/100/308/217/products/10fe19103ca3d8fd81b2-43a83ed9-dda7-4284-bd5c-b2a6bbc833809564.jpg]
[bizweb.dktcdn.net/100/308/217/products/cua-gach2527e.jpg]
[bizweb.dktcdn.net/100/308/217/files/cua-gach-ca-mua2a79.jpg]
[bizweb.dktcdn.net/100/308/217/files/cua-gach-hapd203.jpg]
[bizweb.dktcdn.net/100/308/217/files/cua-7d6ac7f2-9ab3-4b63-81dc-a759cd3a9d8d2c70.png]
[bizweb.dktcdn.net/100/308/217/files/ghe1-d43e6eae-4827-46b5-b355-bb96ea6377e70b93.png]
[24hseamart.vn/cua-gach-ca-mau.html]
[bizweb.dktcdn.net/thumb/grande/100/308/217/products/tom-hum-bong-24h-seamart4334.png]
[bizweb.dktcdn.net/thumb/grande/100/308/217/products/tom-hum-bong-song4334.jpg]
[bizweb.dktcdn.net/thumb/grande/100/308/217/products/t-m-h-m-n-ng-b4334.jpg]
[bizweb.dktcdn.net/100/308/217/products/tom-hum-bong-24h-seamart4334.png]
[bizweb.dktcdn.net/100/308/217/products/tom-hum-bong-song4334.jpg]
[bizweb.dktcdn.net/100/308/217/products/t-m-h-m-n-ng-b4334.jpg]
[bizweb.dktcdn.net/100/308/217/products/t-m-h-m-n-ng-ngon4334.jpg]
[bizweb.dktcdn.net/thumb/small/100/308/217/products/tom-hum-bong-24h-seamart4334.png]
[bizweb.dktcdn.net/thumb/small/100/308/217/products/tom-hum-bong-song4334.jpg]
[bizweb.dktcdn.net/thumb/small/100/308/217/products/t-m-h-m-n-ng-b4334.jpg]
[bizweb.dktcdn.net/thumb/small/100/308/217/products/t-m-h-m-n-ng-ngon4334.jpg]
[bizweb.dktcdn.net/100/308/217/files/tom-hum-bong-song-24hseamart5ea7.jpg]
[bizweb.dktcdn.net/100/308/217/files/tom-hum-bong-song-24hseamarte00e.png]
[bizweb.dktcdn.net/100/308/217/files/tom-hum-bong-nha-trang-24hseamarta467.png]
[bizweb.dktcdn.net/100/308/217/files/tom-hum-bong-nuong-5e987154-e1ac-45d2-8f6a-59b6349876b77f3f.jpg]
[bizweb.dktcdn.net/100/308/217/files/tom-hum-nuong88e8.jpg]
[24hseamart.vn/tom-hum-bong.html]
[bizweb.dktcdn.net/thumb/grande/100/308/217/products/tom-su-thien-nhien3e50.jpg]
[bizweb.dktcdn.net/thumb/grande/100/308/217/products/tom-su-thien-nhien-23e50.jpg]
[bizweb.dktcdn.net/thumb/grande/100/308/217/products/tom-su-thien-nhien-33e50.jpg]
[bizweb.dktcdn.net/100/308/217/products/tom-su-thien-nhien3e50.jpg]
[bizweb.dktcdn.net/100/308/217/products/tom-su-thien-nhien-23e50.jpg]
[bizweb.dktcdn.net/100/308/217/products/tom-su-thien-nhien-33e50.jpg]
[bizweb.dktcdn.net/100/308/217/products/tom-su-thien-nhien-43e50.jpg]
[bizweb.dktcdn.net/100/308/217/products/tom-su-thien-nhien-13e50.jpg]
[bizweb.dktcdn.net/100/308/217/products/tom-su-5a3147fa-bc21-47b8-9e7c-62c7eda232673e50.jpg]
[bizweb.dktcdn.net/100/308/217/products/tom-su-23e50.jpg]
[bizweb.dktcdn.net/thumb/small/100/308/217/products/tom-su-thien-nhien3e50.jpg]
[bizweb.dktcdn.net/thumb/small/100/308/217/products/tom-su-thien-nhien-23e50.jpg]
[bizweb.dktcdn.net/thumb/small/100/308/217/products/tom-su-thien-nhien-33e50.jpg]
[bizweb.dktcdn.net/thumb/small/100/308/217/products/tom-su-thien-nhien-43e50.jpg]
[bizweb.dktcdn.net/thumb/small/100/308/217/products/tom-su-thien-nhien-13e50.jpg]
[bizweb.dktcdn.net/thumb/small/100/308/217/products/tom-su-5a3147fa-bc21-47b8-9e7c-62c7eda232673e50.jpg]
[bizweb.dktcdn.net/thumb/small/100/308/217/products/tom-su-23e50.jpg]
[bizweb.dktcdn.net/100/308/217/files/tom-su-thien-nhien-4fb69.jpg]
[bizweb.dktcdn.net/100/308/217/files/tom-su-e9e1c190-8b18-4d24-a377-5b4ce4131a96be0e.jpg]
[bizweb.dktcdn.net/100/308/217/files/tom-su-thien-nhien-36218.jpg]
[bizweb.dktcdn.net/100/308/217/files/tom-su-thien-nhien-2f43c.jpg]
[bizweb.dktcdn.net/100/308/217/files/tempurae507.jpg]
[bizweb.dktcdn.net/100/308/217/files/tom-su-nuong-11542489-6e5d-442c-8b6d-e67e3952874c1d01.jpg]
[24hseamart.vn/thuc-pham-giau-selenium.html]
[bizweb.dktcdn.net/100/308/217/files/tom-su-thien-nhien-14bde.jpg]
[bizweb.dktcdn.net/100/308/217/files/goi-tom-suc9d1.jpg]
[bizweb.dktcdn.net/100/308/217/files/tom-chien-xu-b0a802d0-13a4-44f4-834a-f257bc661200502c.jpg]
[24hseamart.vn/tom-su-thien-nhien.html]
[bizweb.dktcdn.net/thumb/grande/100/308/217/products/edit-216c6e2e-93c2-49c2-8a35-8fdda3167d4a6b2a.jpg]
[bizweb.dktcdn.net/thumb/grande/100/308/217/products/oc-huong-co70de.jpg]
[bizweb.dktcdn.net/100/308/217/products/edit-216c6e2e-93c2-49c2-8a35-8fdda3167d4a6b2a.jpg]
[bizweb.dktcdn.net/100/308/217/products/oc-huong-co70de.jpg]
[bizweb.dktcdn.net/thumb/small/100/308/217/products/edit-216c6e2e-93c2-49c2-8a35-8fdda3167d4a6b2a.jpg]
[bizweb.dktcdn.net/thumb/small/100/308/217/products/oc-huong-co70de.jpg]
[bizweb.dktcdn.net/100/308/217/files/oc-huong-coa800.jpg]
[bizweb.dktcdn.net/100/308/217/files/oc-huong-co-116de.jpg]
[bizweb.dktcdn.net/100/308/217/files/20210225-165450-01830a.jpg]
[bizweb.dktcdn.net/100/308/217/files/20210319-161339-01d710.jpg]
[bizweb.dktcdn.net/100/308/217/files/oc-huong-xao-bo-toi-72d2773a-9b03-4fac-a591-d7762361986c8071.jpg]
[bizweb.dktcdn.net/100/308/217/files/cach-lam-oc-huong-nuong-28062.jpg]
[24hseamart.vn/oc-huong-co-khong-lo.html]
[bizweb.dktcdn.net/thumb/grande/100/308/217/products/1x1-e1e7052f-a63c-419a-a62c-04bf6d2375c818f0.jpg]
[bizweb.dktcdn.net/thumb/grande/100/308/217/products/oc-huong-gg-shopping18f0.jpg]
[bizweb.dktcdn.net/thumb/grande/100/308/217/products/oc-huong-thien-nhien-24hseamart-png-v-156446918816718f0.png]
[bizweb.dktcdn.net/100/308/217/products/1x1-e1e7052f-a63c-419a-a62c-04bf6d2375c818f0.jpg]
[bizweb.dktcdn.net/100/308/217/products/oc-huong-gg-shopping18f0.jpg]
[bizweb.dktcdn.net/100/308/217/products/oc-huong-thien-nhien-24hseamart-png-v-156446918816718f0.jpg]
[bizweb.dktcdn.net/100/308/217/products/oc-huong-thien-nhien-size-40-60-jpg-v-157257436716518f0.jpg]
[bizweb.dktcdn.net/100/308/217/products/oc-huong-thien-nhien-size-60-80-jpg-v-157257440933418f0.jpg]
[bizweb.dktcdn.net/100/308/217/products/dscf7204-218f0.jpg]
[bizweb.dktcdn.net/100/308/217/products/oc-huong-vuong18f0.jpg]
[bizweb.dktcdn.net/100/308/217/products/buffet-poseidon-so-oc18f0.jpg]
[bizweb.dktcdn.net/thumb/small/100/308/217/products/1x1-e1e7052f-a63c-419a-a62c-04bf6d2375c818f0.jpg]
[bizweb.dktcdn.net/thumb/small/100/308/217/products/oc-huong-gg-shopping18f0.jpg]
[bizweb.dktcdn.net/thumb/small/100/308/217/products/oc-huong-thien-nhien-24hseamart-png-v-156446918816718f0.jpg]
[bizweb.dktcdn.net/thumb/small/100/308/217/products/oc-huong-thien-nhien-size-40-60-jpg-v-157257436716518f0.jpg]
[bizweb.dktcdn.net/thumb/small/100/308/217/products/oc-huong-thien-nhien-size-60-80-jpg-v-157257440933418f0.jpg]
[bizweb.dktcdn.net/thumb/small/100/308/217/products/dscf7204-218f0.jpg]
[bizweb.dktcdn.net/thumb/small/100/308/217/products/oc-huong-vuong18f0.jpg]
[bizweb.dktcdn.net/thumb/small/100/308/217/products/buffet-poseidon-so-oc18f0.jpg]
[bizweb.dktcdn.net/100/308/217/files/oc-huong-thien-nhien-24hseamart8cf0.png]
[bizweb.dktcdn.net/100/308/217/files/oc-huong-thien-nhien-size-40-6039cf.jpg]
[bizweb.dktcdn.net/100/308/217/products/oc-huong-thien-nhien-size-60-80-jpg-v-15725744093345c9c.jpg]
[bizweb.dktcdn.net/100/308/217/files/oc-huong-song-24hseamart74da.png]
[bizweb.dktcdn.net/100/308/217/files/oc-huong-hap-sa-ot4068.jpg]
[bizweb.dktcdn.net/100/308/217/files/oc-huong-xao-bap2245.jpg]
[bizweb.dktcdn.net/100/308/217/files/oc-huong-sot-trung-muoi-bd9d87c3-1ca2-4e81-9719-c4d297f61a5790b8.jpg]
[bizweb.dktcdn.net/100/308/217/files/oc-huong-rang-muoi-ot-a806c3c5-6112-4422-a398-ba7ba431ba41e4fa.jpg]
[bizweb.dktcdn.net/100/308/217/files/oc-huong-xao-bo-toia6f0.jpg]
[24hseamart.vn/oc-huong-song.html]
[bizweb.dktcdn.net/thumb/grande/100/308/217/products/ngao-hai-coi00eb.jpg]
[bizweb.dktcdn.net/thumb/grande/100/308/217/products/ngao-2-coi-18-2500eb.jpg]
[bizweb.dktcdn.net/thumb/grande/100/308/217/products/ngao-2-coi-hap-sa-24hseamart00eb.jpg]
[bizweb.dktcdn.net/100/308/217/products/ngao-hai-coi00eb.jpg]
[bizweb.dktcdn.net/100/308/217/products/ngao-2-coi-18-2500eb.jpg]
[bizweb.dktcdn.net/100/308/217/products/ngao-2-coi-hap-sa-24hseamart00eb.jpg]
[bizweb.dktcdn.net/100/308/217/products/ngao-2-coi-24h-seamart00eb.jpg]
[bizweb.dktcdn.net/100/308/217/products/ngao-2-coi-24h00eb.jpg]
[bizweb.dktcdn.net/100/308/217/products/ngao-2-coi-nuong-mo-hanh00eb.jpg]
[bizweb.dktcdn.net/100/308/217/products/ngao-hap-sa-24hseamart00eb.jpg]
[bizweb.dktcdn.net/thumb/small/100/308/217/products/ngao-hai-coi00eb.html]
[24hseamart.vn/ngao-hai-coi.html]
[24hseamart.vn/vem-xanh.html]
[24hseamart.vn/bao-ngu.html]
