[qnafarm.com/index.html]
[backblue.gif]
[fade.gif]
[index.html]
[qnafarm.com/uploads/system/images/favicon.png]
[qnafarm.com/uploads/media/system/logo.jpg]
[qnafarm.com/index-2.html]
[qnafarm.com/themes/web/css/dist/block-library/style.min6619.css]
[qnafarm.com/themes/web/css/font-awesome.min.css]
[qnafarm.com/themes/web/css/stylecd70.css]
[qnafarm.com/themes/web/css/custom5313.css]
[qnafarm.com/themes/web/css/theme33d0.css]
[qnafarm.com/themes/web/images/header-banner.jpg]
[qnafarm.com/gio-hang.html]
[qnafarm.com/san-pham-tu-chuoi-83.html]
[qnafarm.com/tinh-bot-nghe-77.html]
[qnafarm.com/gung-thai-lat-65.html]
[qnafarm.com/mat-ong-78.html]
[qnafarm.com/nam-lim-xanh-rung-79.html]
[qnafarm.com/mit-rung-82.html]
[qnafarm.com/ho-tieu-rung-80.html]
[qnafarm.com/san-pham-kho-qua-rung-81.html]
[qnafarm.com/gioi-thieu.html]
[qnafarm.com/cau-chuyen-san-pham-vien-hoan-nghe-trang-mat-ong-2.html]
[qnafarm.com/san-pham.html]
[qnafarm.com/tin-tuc.html]
[qnafarm.com/hinh-anh.html]
[qnafarm.com/login.html]
[qnafarm.com/uploads/slide/images/banner-qna.png]
[qnafarm.com/lien-he.html]
[qnafarm.com/uploads/slide/images/slide222.jpg]
[qnafarm.com/uploads/slide/images/slide3333.jpg]
[qnafarm.com/themes/web/images/icons/icon-ship.png]
[qnafarm.com/themes/web/images/icons/icon-2.png]
[qnafarm.com/themes/web/images/icons/icon-4.png]
[qnafarm.com/chuoi-say-gion-hop-425g-173.html]
[qnafarm.com/uploads/photos/thumbs/2022_11/chuoi-que-say-gion-221121090959-1.jpg]
[qnafarm.com/bua-an-xanh-green-meal-500g-167.html]
[qnafarm.com/uploads/photos/thumbs/2022_09/bua-an-xanh-220906122230-1.jpg]
[qnafarm.com/bot-chuoi-xanh-100g-166.html]
[qnafarm.com/uploads/photos/thumbs/2022_09/bot-chuoi-xanh-2-220903113752-1.jpg]
[qnafarm.com/uploads/photos/thumbs/2022_09/bot-chuoi-xanh-220903110400-1.jpg]
[qnafarm.com/bot-chuoi-xanh-500g-165.html]
[qnafarm.com/uploads/photos/thumbs/2022_06/mit-say-gion-hop-90g-220607093122-1.jpg]
[qnafarm.com/mit-say-gion-hu-90g-164.html]
[qnafarm.com/tinh-bot-nghe-vang-hu-500g-160.html]
[qnafarm.com/uploads/photos/thumbs/2022_02/tinh-bot-nghe-do-220217100809-1.jpg]
[qnafarm.com/uploads/media/Block_html/banner.jpg]
[qnafarm.com/mut-gung-vien-xu-tien-qna-farm-175.html]
[qnafarm.com/uploads/photos/thumbs/2023_05/hinh-hu-vien-gung-230516075743-1.jpg]
[qnafarm.com/tinh-bot-nghe-trang-hu-200g-156.html]
[qnafarm.com/uploads/photos/thumbs/2022_02/tinh-bot-nghe-trang-220217093406-1.jpg]
[qnafarm.com/la-gung-xong-giai-cam-148.html]
[qnafarm.com/uploads/photos/thumbs/2022_11/z3894377897713-c5b0266663a17b64c69f4c98a4a11ed4-221121093207-1.jpg]
[qnafarm.com/nghe-trang-gia-thai-lat-say-lanh-1kg-174.html]
[qnafarm.com/uploads/photos/thumbs/2022_11/chuoi-say-gion-221121090635-1.jpg]
[qnafarm.com/chuoi-say-gion-300g-172.html]
[qnafarm.com/chuoi-say-gion-500g-171.html]
[qnafarm.com/uploads/photos/thumbs/2022_11/chuoi-say-gion-3-221121083531-1.jpg]
[qnafarm.com/uploads/photos/thumbs/2022_11/z3894377868477-04ad969b13f29bb9041f00e3e08b8dbf-221121034628-1.jpg]
[qnafarm.com/bot-nghe-trang-say-lanh-nguyen-chat-1kg-170.html]
[qnafarm.com/banh-quy-aki-yaya-140g-169.html]
[qnafarm.com/uploads/photos/thumbs/2022_11/banh-quy-tien-ngoc4-221115100003-1.jpg]
[qnafarm.com/banh-quy-aki-yaya-430g-168.html]
[qnafarm.com/uploads/photos/thumbs/2022_11/z3878734178207-9cb3977d4a7b72cffb7daf6093cd7bb2-221115095757-1.jpg]
[qnafarm.com/themes/web/images/contact.jpg]
[www.google.com/recaptcha/api.js]
[qnafarm.com/vi-sao-an-banh-aki-yaya-ho-tro-giam-can-hieu-qua-100.html]
[qnafarm.com/uploads/news/_thumbs/Images/banh-quy-aki-yaya.jpg]
[qnafarm.com/bot-chuoi-xanh-5-loi-ich-tot-cho-suc-khoe-duong-ruot-cua-nguyen-lieu-thoi-thuong-nay-99.html]
[qnafarm.com/uploads/news/_thumbs/Images/bot-chuoi-xanh-500gam-qnafarm.jpg]
[qnafarm.com/9-ly-do-tai-sao-ban-nen-su-dung-tinh-bot-khang-chuoi-xanh-98.html]
[qnafarm.com/uploads/news/_thumbs/Images/bot-chuoi-xanh-qna.jpg]
[qnafarm.com/bot-chuoi-xanh-sieu-thuc-pham-cho-suc-khoe-97.html]
[qnafarm.com/uploads/news/_thumbs/Images/bot-chuoi-xanh.jpg]
[qnafarm.com/tinh-bot-khang-tu-chuoi-xanh-bot-chuoi-xanh-va-tinh-bot-chuoi-xanh-96.html]
[qnafarm.com/uploads/news/_thumbs/Images/chuoi-xanh-qna-farm.jpg]
[qnafarm.com/uploads/news/_thumbs/Images/tinh-bot-khang-tu-chuoi-xanh2.jpg]
[qnafarm.com/themes/web/images/icons/12-1.png]
[qnafarm.com/gioi-thieu-ve-chung-toi-2.html]
[qnafarm.com/themes/web/images/icons/map-icon.jpg]
[qnafarm.com/themes/web/images/icons/hotline-icon.jpg]
[qnafarm.com/themes/web/images/icons/email.jpg]
[qnafarm.com/themes/web/images/icons/global-icon.jpg]
[connect.facebook.net/en_US/sdk/xfbml.customerchat.js]
[qnafarm.com/themes/web/js/owl.carousel.min43b0d810.js]
[qnafarm.com/themes/web/js/hoverIntent.minc24547a2.js]
[qnafarm.com/themes/web/js/jquery.magnific-popup47a2.js]
[qnafarm.com/themes/web/js/maind810.js]
[qnafarm.com/index.html]
[qnafarm.com/index-2.html]
[qnafarm.com/themes/web/css/dist/block-library/style.min6619.css]
[qnafarm.com/themes/web/fonts/fontawesome-webfont3295.eot]
[qnafarm.com/themes/web/fonts/fontawesome-webfontd41dd41d.html]
[qnafarm.com/themes/web/fonts/fontawesome-webfont3295.html]
[qnafarm.com/themes/web/fonts/fontawesome-webfont3295.woff]
[qnafarm.com/themes/web/fonts/fontawesome-webfont3295.ttf]
[qnafarm.com/themes/web/css/font-awesome.min.css]
[qnafarm.com/themes/web/fonts/icons/fl-icons.eot]
[qnafarm.com/themes/web/fonts/icons/fl-icons.woff2]
[qnafarm.com/themes/web/fonts/icons/fl-icons.ttf]
[qnafarm.com/themes/web/fonts/icons/fl-icons.woff]
[qnafarm.com/themes/web/css/fl-icons.css]
[qnafarm.com/themes/web/images/underline.png]
[qnafarm.com/themes/web/css/stylecd70.css]
[qnafarm.com/themes/web/css/style_shopcd70.css]
[qnafarm.com/themes/web/fonts/fontawesome-webfont.eot]
[qnafarm.com/themes/web/images/shadow@2x.html]
[qnafarm.com/themes/web/fonts/fontawesome-webfont.woff]
[qnafarm.com/themes/web/fonts/fontawesome-webfont.ttf]
[qnafarm.com/themes/web/css/uploads/2019/07/slider.html]
[qnafarm.com/themes/web/images/line.png]
[qnafarm.com/themes/web/images/bgduan.html]
[qnafarm.com/themes/web/css/custom5313.css]
[qnafarm.com/themes/web/css/owl.video.play.html]
[qnafarm.com/themes/web/images/process-bg.jpg]
[qnafarm.com/themes/web/images/bg-tell.png]
[qnafarm.com/themes/web/images/bgservice.gif]
[qnafarm.com/themes/web/images/icons/google-maps.png]
[qnafarm.com/themes/web/images/icons/zalo.png]
[qnafarm.com/themes/web/images/icons/Asset-1.png]
[qnafarm.com/themes/web/images/icons/messenger.png]
[qnafarm.com/themes/web/images/icons/sms.png]
[qnafarm.com/themes/web/images/icons/hotline1.png]
[qnafarm.com/themes/web/css/theme33d0.css]
[qnafarm.com/themes/web/js/jquery.min47a2.js]
[qnafarm.com/themes/web/js/jquery/jquery-migrate.min330a47a2.js]
[qnafarm.com/gio-hang.html]
[qnafarm.com/san-pham-tu-chuoi-83.html]
[qnafarm.com/uploads/photos/thumbs/2022_02/tinh-bot-nghe-do-500g-220217100406-1.jpg]
[qnafarm.com/tinh-bot-nghe-vang-lo-200g-159.html]
[qnafarm.com/uploads/photos/thumbs/2022_02/tinhbot-nghe-trang-500g-220217095850-1.jpg]
[qnafarm.com/tinh-bot-nghe-trang-500g-158.html]
[qnafarm.com/tinh-bot-nghe-trang-250g-157.html]
[qnafarm.com/uploads/photos/thumbs/2022_02/tinh-bot-nghe-trang-250g-220217094750-1.jpg]
[qnafarm.com/uploads/photos/thumbs/2022_02/vien-hoan-nghe-trang-220217093058-1.png]
[qnafarm.com/vien-hoan-nghe-trang-500g-155.html]
[qnafarm.com/uploads/photos/thumbs/2022_02/vien-hoan-nghe-trang-mat-ong-chua-dau-da-day-220217092648-1.jpg]
[qnafarm.com/tinh-bot-nghe-77.html]
[qnafarm.com/vien-hoan-nghe-trang-150g-154.html]
[qnafarm.com/gung-thai-lat-65.html]
[qnafarm.com/mat-ong-nguyen-chat-250ml-153.html]
[qnafarm.com/uploads/photos/thumbs/2022_02/mat-ong-rung-220217091107-1.jpg]
[qnafarm.com/uploads/photos/thumbs/2022_02/mat-ong-rung-220217085535-1.jpg]
[qnafarm.com/mat-ong-78.html]
[qnafarm.com/mat-ong-rung-nguyen-chat-500ml-152.html]
[qnafarm.com/nam-lim-xanh-rung-79.html]
[qnafarm.com/uploads/photos/thumbs/2022_06/mit-say-300g-qna-220607092637-1.jpg]
[qnafarm.com/mit-say-gion-tui-300g-163.html]
[qnafarm.com/uploads/photos/thumbs/2022_06/mit-rung-say-gion-qna-farm-220607092218-1.jpg]
[qnafarm.com/mit-say-gion-150g-162.html]
[qnafarm.com/mit-say-gion-tui-90g-161.html]
[qnafarm.com/uploads/photos/thumbs/2022_06/mit-say-ko-biet-bao-nhieu-g-220607091824-1.jpg]
[qnafarm.com/mit-rung-82.html]
[qnafarm.com/ho-tieu-rung-80.html]
[qnafarm.com/san-pham-kho-qua-rung-81.html]
[qnafarm.com/gioi-thieu.html]
[qnafarm.com/uploads/page/_thumbs/Images/vien-hoan-nghe-trang-mat-220217092649.jpg]
[qnafarm.com/page.html]
[qnafarm.com/uploads/page/images/vien-hoan-nghe-trang-mat-220217092649.jpg]
[qnafarm.com/cau-chuyen-san-pham-vien-hoan-nghe-trang-mat-ong-2.html]
[qnafarm.com/san-phamb0d6.html]
[qnafarm.com/san-phamff69.html]
[qnafarm.com/san-pham.html]
[qnafarm.com/news.html]
[qnafarm.com/tin-tuc-4.html]
[qnafarm.com/bot-chuoi-xanh-6-ly-do-tai-sao-bot-chuoi-xanh-tot-cho-ban-94.html]
[qnafarm.com/uploads/news/_thumbs/Images/6-lý-do-tại-sao-bột-chuối-xanh-tốt-cho-bạn!(1).jpg]
[qnafarm.com/tac-dung-cua-gung-doi-voi-benh-ho-cam-lanh-93.html]
[qnafarm.com/uploads/news/_thumbs/Images/chua-cam-ho-tu-gung.jpg]
[qnafarm.com/tin-tuc8c69.html]
[qnafarm.com/tin-tuc.html]
[qnafarm.com/uploads/photograph_img/images/2021_12/tri-cam-cum-cho-tre-bang-gung-211208100143.jpg]
[qnafarm.com/tin-tuce8ea.html]
[qnafarm.com/uploads/photograph_img/thumbs/2021_12/tri-cam-cum-cho-tre-bang-gung-211208100143-1.jpg]
[qnafarm.com/uploads/photograph_img/images/2021_12/dcec7f67fa9931c76888-211208100142.jpg]
[qnafarm.com/uploads/photograph_img/images/2021_12/d9a9cf224adc8182d8cd-211208100142.jpg]
[qnafarm.com/uploads/photograph_img/thumbs/2021_12/d9a9cf224adc8182d8cd-211208100142-1.jpg]
[qnafarm.com/uploads/photograph_img/images/2021_12/7e41afcb2a35e16bb824-211208100142.jpg]
[qnafarm.com/uploads/photograph_img/thumbs/2021_12/7e41afcb2a35e16bb824-211208100142-1.jpg]
[qnafarm.com/uploads/photograph_img/images/2021_12/3e6ce8846e7aa524fc6b-211208100141.jpg]
[qnafarm.com/uploads/photograph_img/thumbs/2021_12/3e6ce8846e7aa524fc6b-211208100141-1.jpg]
[qnafarm.com/uploads/photograph_img/images/2021_12/1bb9912517dbdc8585ca-211208100141.jpg]
[qnafarm.com/uploads/photograph_img/thumbs/2021_12/1bb9912517dbdc8585ca-211208100141-1.jpg]
[qnafarm.com/hinh-anh.html]
[qnafarm.com/captcha/get_captcha.jpg]
[qnafarm.com/lien-he.html]
[qnafarm.com/register.html]
[qnafarm.com/forget_password.html]
[qnafarm.com/login.html]
[qnafarm.com/uploads/photos/images/2022_11/chuoi-que-say-gion-221121090959.jpg]
[qnafarm.com/uploads/photos/thumbs/2022_11/chuoi-say-gion-2-221121090956-1.jpg]
[qnafarm.com/uploads/photos/thumbs/2022_11/chuoi-say-gion-5-221121090956-1.jpg]
[qnafarm.com/uploads/photos/thumbs/2022_11/chuoi-say-gion-6-221121090957-1.jpg]
[qnafarm.com/uploads/photos/thumbs/2022_11/chuoi-say-gion-7-221121090957-1.jpg]
[qnafarm.com/uploads/photos/thumbs/2022_11/chuoi-say-gion-8-221121090958-1.jpg]
[qnafarm.com/uploads/photos/thumbs/2022_11/chuoi-say-gion-221121090958-1.jpg]
[qnafarm.com/uploads/photos/thumbs/2022_11/chuoi-say-gion-3-221121090958-1.jpg]
[qnafarm.com/uploads/photos/thumbs/2022_11/chuoi-say-gion-4-221121090958-1.jpg]
[qnafarm.com/uploads/photos/thumbs/2022_11/chuoi-say-gion-221121090959-1.jpg]
[qnafarm.com/public/ckeditor/plugins/smiley/images/heart.png]
[qnafarm.com/public/ckeditor/plugins/smiley/images/lightbulb.png]
[qnafarm.com/chuoi-say-gion-hop-425g-173.html]
[qnafarm.com/uploads/photos/images/2022_09/bua-an-xanh-220906122230.jpg]
[qnafarm.com/uploads/photos/thumbs/2022_09/bot-chuoi-xanh-va-bot-an-xanh-220906122229-1.jpg]
[qnafarm.com/uploads/photos/thumbs/2022_09/bua-an-xanh-qna-220906122230-1.jpg]
[qnafarm.com/uploads/photos/thumbs/2022_09/bua-an-xanh-1-220906122230-1.jpg]
[qnafarm.com/uploads/photos/thumbs/2022_09/bua-an-xanh-2-220906122230-1.jpg]
[qnafarm.com/public/ckeditor/plugins/smiley/images/thumbs_up.png]
[qnafarm.com/bua-an-xanh-green-meal-500g-167.html]
[qnafarm.com/uploads/photos/images/2022_09/bot-chuoi-xanh-2-220903113752.jpg]
[qnafarm.com/uploads/photos/thumbs/2022_09/bot-chuoi-xanh-tui-nho-220903113752-1.jpg]
[qnafarm.com/uploads/photos/thumbs/2022_09/bot-chuoi-xanh-goi-220903113752-1.jpg]
[qnafarm.com/uploads/photos/thumbs/2022_09/bot-chuoi-xanh-100g-220903113754-1.jpg]
[qnafarm.com/uploads/photos/thumbs/2022_11/bot-chuoi-xanh-lot-vo-221122015636-1.jpg]
[qnafarm.com/uploads/photos/thumbs/2022_11/chuoi-xanh-lot-vo-221122015637-1.jpg]
[qnafarm.com/uploads/photos/thumbs/2022_11/loi-ich-sk-bot-chuoi-xanh-221122015637-1.png]
[qnafarm.com/uploads/photos/thumbs/2022_11/bot-chuoi-xanh-danh-cho-nguoi-nao-221122015638-1.png]
[qnafarm.com/uploads/photos/thumbs/2022_11/bot-chuoi-xanh-dinh-duong-221122015638-1.png]
[qnafarm.com/bot-chuoi-xanh-100g-166.html]
[qnafarm.com/uploads/photos/images/2022_09/bot-chuoi-xanh-220903110400.jpg]
[qnafarm.com/uploads/photos/thumbs/2022_09/bot-chuoi-xanh1-220903110400-1.jpg]
[qnafarm.com/uploads/photos/thumbs/2022_09/bot-chuoi-xanh-tien-ngoc-220903110400-1.jpg]
[qnafarm.com/uploads/photos/thumbs/2022_09/bot-chuoi-xanh-500g-220903110400-1.jpg]
[qnafarm.com/uploads/photos/thumbs/2022_09/bot-chuoixanh-qna-220903110401-1.jpg]
[qnafarm.com/uploads/photos/thumbs/2022_11/bot-chuoi-xanh-lot-vo-221122015744-1.jpg]
[qnafarm.com/uploads/photos/thumbs/2022_11/chuoi-xanh-lot-vo-221122015745-1.jpg]
[qnafarm.com/uploads/photos/thumbs/2022_11/bot-chuoi-xanh-danh-cho-nguoi-nao-221122015745-1.png]
[qnafarm.com/uploads/photos/thumbs/2022_11/bot-chuoi-xanh-dinh-duong-221122015746-1.png]
[qnafarm.com/uploads/photos/thumbs/2022_11/bot-chuoi-xanh-qna-doi-tuong-221122015746-1.png]
[qnafarm.com/uploads/photos/thumbs/2022_11/bot-chuoi-xanh-221122015747-1.jpg]
[qnafarm.com/bot-chuoi-xanh-500g-165.html]
[qnafarm.com/uploads/photos/images/2022_06/mit-say-gion-hop-90g-220607093122.jpg]
[qnafarm.com/uploads/photos/thumbs/2022_06/khay-say-220607093117-1.png]
[qnafarm.com/uploads/photos/thumbs/2022_06/mit-cay-qna-220607093118-1.png]
[qnafarm.com/uploads/photos/thumbs/2022_06/mit-dang-hop-qna-farm-220607093119-1.jpg]
[qnafarm.com/uploads/photos/thumbs/2022_06/mit-dang-hop-220607093120-1.jpg]
[qnafarm.com/uploads/photos/thumbs/2022_06/mit-rung-qna-farm-220607093121-1.png]
[qnafarm.com/uploads/photos/thumbs/2022_06/mit-say-4-khoi-luong-220607093122-1.jpg]
[qnafarm.com/uploads/photos/thumbs/2022_06/mit-say-dang-hop-220607093122-1.jpg]
[qnafarm.com/uploads/photos/thumbs/2022_06/mit-say-gion-trong-hop-220607093123-1.jpg]
[qnafarm.com/uploads/photos/thumbs/2022_06/mit-say-qna-220607093123-1.jpg]
[qnafarm.com/uploads/photos/thumbs/2022_06/mit-say-trong-hop-220607093124-1.jpg]
[qnafarm.com/mit-say-gion-hu-90g-164.html]
[qnafarm.com/uploads/photos/images/2022_02/tinh-bot-nghe-do-220217100809.jpg]
[qnafarm.com/tinh-bot-nghe-vang-hu-500g-160.html]
[qnafarm.com/uploads/photos/images/2023_05/hinh-hu-vien-gung-230516075743.jpg]
[qnafarm.com/uploads/photos/thumbs/2023_04/z4295980316810-08cd2a1755473ed6724eed76db541a04-230426102626-1.jpg]
[qnafarm.com/uploads/photos/thumbs/2023_05/z4348495104241-dff6d11808c6bf9487d2aa7ba2062ed3-230516075744-1.jpg]
[qnafarm.com/uploads/photos/thumbs/2023_05/z4348495104831-a36bcf0bd1461ead16d7df6d85979197-230516075744-1.jpg]
[media-cdn-v2.laodong.vn/Storage/newsportal/2019/3/26/664970/Mh1_Gaej.jpg]
[qnafarm.com/mut-gung-vien-xu-tien-qna-farm-175.html]
[qnafarm.com/uploads/photos/images/2022_02/tinh-bot-nghe-trang-220217093406.jpg]
[qnafarm.com/uploads/photos/thumbs/2022_02/chen-hinh-220217093405-1.png]
[qnafarm.com/tinh-bot-nghe-trang-hu-200g-156.html]
[qnafarm.com/uploads/photos/images/2021_12/1bb9912517dbdc8585ca-211207023503.jpg]
[qnafarm.com/uploads/photos/thumbs/2021_12/3e6ce8846e7aa524fc6b-211207023503-1.jpg]
[qnafarm.com/uploads/photos/thumbs/2022_02/la-xong-220217084634-1.jpg]
[qnafarm.com/la-gung-xong-giai-cam-148.html]
[qnafarm.com/uploads/photos/thumbs/2021_12/1bb9912517dbdc8585ca-211207023503-1.jpg]
[qnafarm.com/uploads/photos/images/2022_11/z3894377897713-c5b0266663a17b64c69f4c98a4a11ed4-221121093207.jpg]
[qnafarm.com/uploads/photos/thumbs/2022_11/z3894377873863-4871e5ba7a4bfe510bab5ece6c149eb5-221121093205-1.jpg]
[qnafarm.com/uploads/photos/thumbs/2022_11/z3894377878164-434086918c2e49516f98fae916601250-221121093205-1.jpg]
[qnafarm.com/uploads/photos/thumbs/2022_11/z3894377885734-9d88a6185d1d062aae57e168c0be2c71-221121093206-1.jpg]
[qnafarm.com/uploads/photos/thumbs/2022_11/z3894377891776-12e05a790f0974145a00469d1701d28a-221121093207-1.jpg]
[qnafarm.com/uploads/photos/thumbs/2022_11/z3894377902762-bbabdd03e8aba761e60c26f7470ff134-221121093208-1.jpg]
[qnafarm.com/uploads/photos/thumbs/2022_11/cach-su-dung-nghe-thai-lat-say-221121093208-1.png]
[qnafarm.com/uploads/shops/images/cach-su-dung-nghe-thai-lat-say.png]
[qnafarm.com/nghe-trang-gia-thai-lat-say-lanh-1kg-174.html]
[qnafarm.com/uploads/photos/images/2022_11/chuoi-say-gion-221121090635.jpg]
[qnafarm.com/uploads/photos/thumbs/2022_11/chuoi-say-gion-221121090632-1.jpg]
[qnafarm.com/uploads/photos/thumbs/2022_11/chuoi-que-say-gion-221121090633-1.jpg]
[qnafarm.com/uploads/photos/thumbs/2022_11/chuoi-say-gion-2-221121090633-1.jpg]
[qnafarm.com/uploads/photos/thumbs/2022_11/chuoi-say-gion-3-221121090634-1.jpg]
[qnafarm.com/uploads/photos/thumbs/2022_11/chuoi-say-gion-4-221121090634-1.jpg]
[qnafarm.com/uploads/photos/thumbs/2022_11/chuoi-say-gion-5-221121090634-1.jpg]
[qnafarm.com/uploads/photos/thumbs/2022_11/chuoi-say-gion-6-221121090635-1.jpg]
[qnafarm.com/uploads/photos/thumbs/2022_11/chuoi-say-gion-7-221121090635-1.jpg]
[qnafarm.com/uploads/photos/thumbs/2022_11/chuoi-say-gion-8-221121090635-1.jpg]
[qnafarm.com/chuoi-say-gion-300g-172.html]
[qnafarm.com/uploads/photos/images/2022_11/chuoi-say-gion-3-221121083531.jpg]
[qnafarm.com/uploads/photos/thumbs/2022_11/chuoi-say-gion-2-221121083529-1.jpg]
[qnafarm.com/uploads/photos/thumbs/2022_11/chuoi-say-gion-5-221121083530-1.jpg]
[qnafarm.com/uploads/photos/thumbs/2022_11/chuoi-say-gion-6-221121083530-1.jpg]
[qnafarm.com/uploads/photos/thumbs/2022_11/chuoi-say-gion-7-221121083530-1.jpg]
[qnafarm.com/uploads/photos/thumbs/2022_11/chuoi-say-gion-8-221121083530-1.jpg]
[qnafarm.com/uploads/photos/thumbs/2022_11/chuoi-say-gion-221121083531-1.jpg]
[qnafarm.com/uploads/photos/thumbs/2022_11/chuoi-say-gion-4-221121083531-1.jpg]
[qnafarm.com/uploads/photos/thumbs/2022_11/chuoi-say-gion-221121083532-1.jpg]
[qnafarm.com/uploads/photos/thumbs/2022_11/chuoi-que-say-gion-221121083532-1.jpg]
[qnafarm.com/chuoi-say-gion-500g-171.html]
[qnafarm.com/uploads/photos/images/2022_11/z3894377868477-04ad969b13f29bb9041f00e3e08b8dbf-221121034628.jpg]
[qnafarm.com/uploads/photos/thumbs/2022_11/z3894377873863-4871e5ba7a4bfe510bab5ece6c149eb5-221121034629-1.jpg]
[qnafarm.com/uploads/photos/thumbs/2022_11/z3894377878164-434086918c2e49516f98fae916601250-221121034630-1.jpg]
[qnafarm.com/uploads/photos/thumbs/2022_11/z3894377885734-9d88a6185d1d062aae57e168c0be2c71-221121034631-1.jpg]
[qnafarm.com/uploads/photos/thumbs/2022_11/z3894377891776-12e05a790f0974145a00469d1701d28a-221121034631-1.jpg]
[qnafarm.com/uploads/photos/thumbs/2022_11/z3894377902762-bbabdd03e8aba761e60c26f7470ff134-221121034632-1.jpg]
[qnafarm.com/uploads/photos/thumbs/2022_11/cong-dung-nghe-trang-221121034632-1.png]
[qnafarm.com/uploads/photos/thumbs/2022_11/nghe-trang-cu-221121034636-1.png]
[qnafarm.com/uploads/photos/thumbs/2022_11/nghe-trang-rung-221121034637-1.jpg]
[qnafarm.com/bot-nghe-trang-say-lanh-nguyen-chat-1kg-170.html]
[qnafarm.com/uploads/photos/images/2022_11/banh-quy-tien-ngoc4-221115100003.jpg]
[qnafarm.com/uploads/photos/thumbs/2022_11/banh-quy-221115100002-1.jpg]
[qnafarm.com/uploads/photos/thumbs/2022_11/banh-quy-tien-ngoc-221115100003-1.jpg]
[qnafarm.com/uploads/photos/thumbs/2022_11/banh-quy-tien-ngoc3-221115100003-1.jpg]
[qnafarm.com/uploads/photos/thumbs/2022_11/banh-quy-tien-ngoc5-221115100004-1.jpg]
[qnafarm.com/uploads/photos/thumbs/2022_11/banh-quy-tien-ngoc6-221115100004-1.jpg]
[qnafarm.com/uploads/photos/thumbs/2022_11/z3878734140249-b371af66460dee92ac42d10602ea95cc-221115100004-1.jpg]
[qnafarm.com/uploads/photos/thumbs/2022_11/z3878734253438-c3d3b9b5deb0d9628c5afb151a5f8736-221115100005-1.jpg]
[qnafarm.com/uploads/photos/thumbs/2022_11/z3878734292223-ed24e683100cc10ccbdae5265db73893-221115100005-1.jpg]
[qnafarm.com/uploads/photos/thumbs/2022_11/z3878734309071-32a1a50349f21cb277715a1d0a9aaf8f-221115100005-1.jpg]
[qnafarm.com/banh-quy-aki-yaya-140g-169.html]
[qnafarm.com/uploads/photos/images/2022_11/z3878734178207-9cb3977d4a7b72cffb7daf6093cd7bb2-221115095757.jpg]
[qnafarm.com/uploads/photos/thumbs/2022_11/banh-quy-221115095755-1.jpg]
[qnafarm.com/uploads/photos/thumbs/2022_11/banh-quy-dinh-duong-221115095755-1.jpg]
[qnafarm.com/uploads/photos/thumbs/2022_11/banh-quy-tien-ngoc1-221115095755-1.jpg]
[qnafarm.com/uploads/photos/thumbs/2022_11/banh-quy-tien-ngoc5-221115095756-1.jpg]
[qnafarm.com/uploads/photos/thumbs/2022_11/banh-quy-tien-ngoc6-221115095756-1.jpg]
[qnafarm.com/uploads/photos/thumbs/2022_11/z3878734212189-5e7148d4df66c345c021ab792a79708a-221115095757-1.jpg]
[qnafarm.com/uploads/photos/thumbs/2022_11/z3878734292223-ed24e683100cc10ccbdae5265db73893-221115095757-1.jpg]
[qnafarm.com/banh-quy-aki-yaya-430g-168.html]
[qnafarm.com/uploads/news/images/banh-quy-aki-yaya.jpg]
[qnafarm.com/uploads/news/images/bot-chuoi-xanh-and-bua-an-xanh-qnafarm.jpg]
[qnafarm.com/uploads/news/images/bot-chuoi-xanh-QNA-doi-tuong.png]
[qnafarm.com/uploads/news/images/yen-mach-qna-farm.jpg]
[qnafarm.com/uploads/news/images/bot-mi-nguyen-cam-qna-farm.jpg]
[qnafarm.com/uploads/news/images/banh-quy.jpg]
[qnafarm.com/bai-thuoc-chua-dau-khop-tu-an-do-92.html]
[qnafarm.com/y-tuong-su-dung-bot-gung-tu-an-do-91.html]
[qnafarm.com/10-cach-giam-can-hieu-qua-tu-gung-sau-tet-nguyen-dan-90.html]
[qnafarm.com/vi-sao-an-banh-aki-yaya-ho-tro-giam-can-hieu-qua-100.html]
[qnafarm.com/uploads/news/images/bot-chuoi-xanh-500gam-qnafarm.jpg]
[qnafarm.com/bot-chuoi-xanh-5-loi-ich-tot-cho-suc-khoe-duong-ruot-cua-nguyen-lieu-thoi-thuong-nay-99.html]
[qnafarm.com/uploads/news/images/bot-chuoi-xanh-qna.jpg]
[qnafarm.com/uploads/news/images/bot-chuoi-xanh(1).jpg]
[qnafarm.com/9-ly-do-tai-sao-ban-nen-su-dung-tinh-bot-khang-chuoi-xanh-98.html]
[qnafarm.com/uploads/news/images/bot-chuoi-xanh.jpg]
[qnafarm.com/uploads/news/images/bot-chuoi-xanh-tien-ngoc.jpg]
[qnafarm.com/uploads/news/images/bot-chuoixanh-qna.jpg]
[qnafarm.com/uploads/news/images/bot-chuoi-xanh-2.jpg]
[qnafarm.com/bot-chuoi-xanh-sieu-thuc-pham-cho-suc-khoe-97.html]
[qnafarm.com/uploads/news/images/san-xuat-tinh-bot-chuoi-xanh.png]
[qnafarm.com/tinh-bot-khang-tu-chuoi-xanh-bot-chuoi-xanh-va-tinh-bot-chuoi-xanh-96.html]
[qnafarm.com/tinh-bot-khang-tu-chuoi-xanh-san-pham-moi-la-ma-bo-ich-95.html]
[qnafarm.com/themes/web/images/icons/11-1.png]
[qnafarm.com/gioi-thieu-ve-chung-toi-2.html]
[qnafarm.com/chrome-extension_/index.html]
[qnafarm.com/restserver.html]
[qnafarm.com/^([^_/indexd41d.html]
[qnafarm.com/ABCDEFGHIJKLMNOPQRSTUVWXYZabcdefghijklmnopqrstuvwxyz0123456789+/index.html]
[connect.facebook.net/en_US/sdk/xfbml.customerchat.js]
[qnafarm.com/GET.html]
[qnafarm.com/dialog/index.html]
[qnafarm.com/themes/web/js/owl.carousel.min43b0d810.js]
[qnafarm.com/LiveChatEvent/index.html]
[qnafarm.com/themes/web/js/hoverIntent.minc24547a2.js]
[qnafarm.com/themes/web/js/jquery.magnific-popup47a2.js]
[qnafarm.com/themes/web/js/maind810.js]
[qnafarm.com/themes/web/js/custom47a2.js]
[qnafarm.com/themes/web/js/lazy-load515247a2.js]
[qnafarm.com/themes/web/fonts/fontawesome-webfontd41dd41d.html]
[qnafarm.com/themes/web/fonts/fontawesome-webfont3295.html]
[qnafarm.com/themes/web/fonts/fontawesome-webfont3295.svg]
[qnafarm.com/themes/web/fonts/icons/fl-icons.svg]
[qnafarm.com/rsrc.php/index.html]
[qnafarm.com/Edge/index.html]
[qnafarm.com/themes/web/images/shadow@2x.html]
[qnafarm.com/themes/web/fonts/fontawesome-webfont.svg]
[qnafarm.com/themes/web/css/uploads/2019/07/slider.html]
[qnafarm.com/themes/web/images/bgduan.html]
[qnafarm.com/themes/web/css/owl.video.play.html]
[qnafarm.com/uploads/photos/images/2022_02/tinh-bot-nghe-do-500g-220217100406.jpg]
[qnafarm.com/themes/web/css/uploads/2019/07/index.html]
[qnafarm.com/uploads/photos/thumbs/2022_02/tinh-bot-nghe-do-220217100406-1.jpg]
[qnafarm.com/tinh-bot-nghe-vang-lo-200g-159.html]
[qnafarm.com/uploads/photos/images/2022_02/tinhbot-nghe-trang-500g-220217095850.jpg]
[qnafarm.com/uploads/photos/thumbs/2022_02/tinh-bot-nghe-goi-lon-220217095849-1.jpg]
[qnafarm.com/uploads/photos/thumbs/2022_02/tinhbot-nghe-trang-220217095849-1.jpg]
[qnafarm.com/uploads/photos/thumbs/2022_02/tinh-bot-nghe-trang-500-220217095850-1.jpg]
[qnafarm.com/uploads/photos/thumbs/2022_02/tinhbotnghetrang500g-220217095850-1.jpg]
[qnafarm.com/uploads/photos/thumbs/2022_02/tinh-bot-nghe-trang-500g-220217095850-1.jpg]
[qnafarm.com/uploads/shops/images/CONG-DUNG-CUA-TINH-BOT-NGHE-TRANG.jpg]
[qnafarm.com/tinh-bot-nghe-trang-500g-158.html]
[qnafarm.com/uploads/photos/images/2022_02/tinh-bot-nghe-trang-250g-220217094750.jpg]
[qnafarm.com/uploads/photos/thumbs/2022_02/tinh-bot-nghe-220217094750-1.jpg]
[qnafarm.com/uploads/photos/thumbs/2022_02/tinh-bot-nghe-220217094750-2-1.jpg]
[qnafarm.com/uploads/photos/thumbs/2022_02/tinh-botnghe-goi-nho-220217094750-1.jpg]
[qnafarm.com/uploads/photos/thumbs/2022_02/tinh-bot-nghe-trang-220217094750-1.jpg]
[qnafarm.com/tinh-bot-nghe-trang-250g-157.html]
[qnafarm.com/uploads/photos/images/2022_02/vien-hoan-nghe-trang-220217093058.png]
[qnafarm.com/uploads/photos/thumbs/2022_02/vien-hoan-nghe-trang-mat-ong-chua-dau-da-day-220217093056-1.jpg]
[qnafarm.com/uploads/photos/thumbs/2022_02/vien-hoan-nghe-trang-mat-ong-220217093057-1.png]
[qnafarm.com/uploads/photos/thumbs/2022_02/vien-hoan-nghe-220217093059-1.jpg]
[qnafarm.com/uploads/photos/thumbs/2022_02/vien-hoan-220217093100-1.jpg]
[qnafarm.com/uploads/photos/thumbs/2022_02/vien-hoan-220217093100-2-1.jpg]
[qnafarm.com/uploads/shops/images/cong-dung-vien-hoan-nghe.jpg]
[qnafarm.com/vien-hoan-nghe-trang-500g-155.html]
[qnafarm.com/uploads/photos/images/2022_02/vien-hoan-nghe-trang-mat-ong-chua-dau-da-day-220217092648.jpg]
[qnafarm.com/uploads/photos/thumbs/2022_02/vector-vien-hoan-nghe-trang-mat-220217092648-1.jpg]
[qnafarm.com/uploads/photos/thumbs/2022_02/vien-hoan-nghe-trang-mat-ong-220217092648-1.png]
[qnafarm.com/uploads/photos/thumbs/2022_02/vien-hoan-nghe-trang-mat-220217092649-1.jpg]
[qnafarm.com/uploads/photos/thumbs/2022_02/vien-hoan-nghe-trang-220217092650-1.png]
[qnafarm.com/uploads/photos/thumbs/2022_02/vien-hoan-nghe-220217092650-1.jpg]
[qnafarm.com/uploads/photos/thumbs/2022_02/vien-hoan-220217092650-1.jpg]
[qnafarm.com/uploads/photos/thumbs/2022_02/vien-hoan-220217092651-1.jpg]
[qnafarm.com/vien-hoan-nghe-trang-150g-154.html]
[qnafarm.com/uploads/photos/images/2022_02/mat-ong-rung-220217091107.jpg]
[qnafarm.com/uploads/photos/thumbs/2022_02/mat-ong-rung-tien-ngoc-220217091107-1.jpg]
[www.tienngocnosa.com/uploads/shops/images/117112818_336499080845336_705094537416557343_n.jpg]
[qnafarm.com/mat-ong-nguyen-chat-250ml-153.html]
[qnafarm.com/uploads/photos/images/2022_02/mat-ong-rung-220217085535.jpg]
[qnafarm.com/mat-ong-rung-nguyen-chat-500ml-152.html]
[qnafarm.com/uploads/photos/thumbs/2022_06/khay-mit-say-gion-220607092633-1.png]
[qnafarm.com/uploads/photos/thumbs/2022_06/mit-qna-farm-220607092636-1.png]
[qnafarm.com/uploads/photos/thumbs/2022_06/mit-220607092637-1.jpg]
[qnafarm.com/uploads/photos/thumbs/2022_06/mit-say-220607092638-1.jpg]
[qnafarm.com/uploads/photos/thumbs/2022_06/tat-ca-220607092638-1.jpg]
[qnafarm.com/mit-say-gion-tui-300g-163.html]
[qnafarm.com/uploads/photos/images/2022_06/mit-rung-say-gion-qna-farm-220607092218.jpg]
[qnafarm.com/uploads/photos/thumbs/2022_06/150g-220607092216-1.jpg]
[qnafarm.com/uploads/photos/thumbs/2022_06/dong-hang-mit-say-220607092217-1.jpg]
[qnafarm.com/uploads/photos/thumbs/2022_06/mit-150g-220607092217-1.jpg]
[qnafarm.com/uploads/photos/thumbs/2022_06/mit-cay-qna-farm-220607092218-1.png]
[qnafarm.com/uploads/photos/thumbs/2022_06/mit-say-3-khoi-luong-220607092219-1.jpg]
[qnafarm.com/uploads/photos/thumbs/2022_06/mit-say-150g-220607092219-1.jpg]
[qnafarm.com/uploads/photos/thumbs/2022_06/mit-say-dang-tui-qna-farm-220607092220-1.jpg]
[qnafarm.com/uploads/photos/thumbs/2022_06/mit-say-kho-150g-220607092220-1.jpg]
[qnafarm.com/mit-say-gion-150g-162.html]
[qnafarm.com/uploads/photos/images/2022_06/mit-say-ko-biet-bao-nhieu-g-220607091824.jpg]
[qnafarm.com/uploads/photos/thumbs/2022_06/anh-mit-say-220607091820-1.png]
[qnafarm.com/uploads/photos/thumbs/2022_06/cay-mit-qna-farm-220607091822-1.png]
[qnafarm.com/uploads/photos/thumbs/2022_06/dong-hang-mit-say-220607091823-1.jpg]
[qnafarm.com/uploads/photos/thumbs/2022_06/mit-rung-qna-farm-220607091823-1.jpg]
[qnafarm.com/uploads/photos/thumbs/2022_06/mit-say-3-khoi-luong-2-220607091824-1.jpg]
[qnafarm.com/mit-say-gion-tui-90g-161.html]
[qnafarm.com/huong-dan-1.html]
[qnafarm.com/themes/web/images/no_image.png]
[qnafarm.com/page.html]
[qnafarm.com/san-phamb0d6.html]
[qnafarm.com/san-phamff69.html]
[qnafarm.com/news.html]
[qnafarm.com/san-pham09b1.html]
[qnafarm.com/tin-tuc-4.html]
[qnafarm.com/tin-tuc-48c69.html]
[qnafarm.com/tin-tuc-4e8ea.html]
[qnafarm.com/uploads/news/images/6-lý-do-tại-sao-bột-chuối-xanh-tốt-cho-bạn!(1).jpg]
[qnafarm.com/uploads/news/images/6-lý-do-tại-sao-bột-chuối-xanh-tốt-cho-bạn!.jpg]
[qnafarm.com/uploads/news/images/221e88a2670917d629ebc6fc0062b9b2.jpg]
[qnafarm.com/bot-chuoi-xanh-6-ly-do-tai-sao-bot-chuoi-xanh-tot-cho-ban-94.html]
[qnafarm.com/uploads/news/images/chua-cam-ho-tu-gung.jpg]
[qnafarm.com/uploads/news/images/mat-ong-nui.jpg]
[qnafarm.com/mot-so-cach-su-dung-tinh-dau-gung-va-chong-chi-dinh-87.html]
[qnafarm.com/uploads/news/images/tinh-dau-gung-qnafarm.jpg]
[qnafarm.com/uploads/news/images/vien-ngam-gung-mat-ong.jpg]
[qnafarm.com/tac-dung-cua-gung-doi-voi-benh-ho-cam-lanh-93.html]
[qnafarm.com/cong-dung-cua-vien-ngam-gung-mat-ong-88.html]
[qnafarm.com/uploads/news/_thumbs/Images/bot-gung-say-lanh.jpg]
[qnafarm.com/uploads/news/_thumbs/Images/BOT-GUNG-GIAM-CAN.jpg]
[qnafarm.com/vai-tro-cua-gung-trong-viec-ngan-ngua-va-dieu-tri-ung-thu-duong-tieu-hoa-89.html]
[qnafarm.com/uploads/news/_thumbs/Images/cac-loai-ung-thu-duong-tieu-hoa.jpg]
[qnafarm.com/uploads/news/_thumbs/Images/vien-ngam-gung-mat-ong.jpg]
[qnafarm.com/uploads/news/_thumbs/Images/bot-gung-va-tinh-dau.jpg]
[qnafarm.com/uploads/news/_thumbs/Images/thanh-phan-hoa-hoc-cua-gung.jpg]
[qnafarm.com/uploads/news/_thumbs/Images/bot-gung-say-lanh(1).jpg]
[qnafarm.com/tin-tuc8c69.html]
[qnafarm.com/9-loi-ich-suc-khoe-cua-bot-gung-trong-che-do-an-uong-84.html]
[qnafarm.com/14-cong-dung-cua-tinh-dau-gung-83.html]
[qnafarm.com/uploads/news/_thumbs/Images/tinh-dau-gung.jpg]
[qnafarm.com/uploads/news/_thumbs/Images/tri-cam-cum-cho-tre-bang-gung.jpg]
[qnafarm.com/cong-dung-tuyet-voi-cua-bot-gung-ma-ban-chua-biet-81.html]
[qnafarm.com/uploads/news/_thumbs/Images/cong-dung-cua-gung-3.jpg]
[qnafarm.com/uploads/news/_thumbs/Images/tinh-dau-gung-nguyen-chat-gia-re-quan-binh-thanh-1502705875-1-3580795-1502705875.jpg]
[qnafarm.com/uploads/news/_thumbs/Images/Gung-Ngam-Mat-Ong.jpg]
[qnafarm.com/tin-tuce8ea.html]
[qnafarm.com/login-2.html]
[qnafarm.com/register.html]
[qnafarm.com/forget_password.html]
[qnafarm.com/uploads/photos/thumbs/2022_02/tinh-bot-nghe-do-500g-220217100809-1.jpg]
[qnafarm.com/uploads/news/images/bot-gung-say-lanh.jpg]
[qnafarm.com/bai-thuoc-chua-dau-khop-tu-an-do-92.html]
[qnafarm.com/uploads/news/images/botgung.jpg]
[qnafarm.com/uploads/news/images/bot-gung-say-lanh-duoc-lieu-cho-sk.jpg]
[qnafarm.com/y-tuong-su-dung-bot-gung-tu-an-do-91.html]
[qnafarm.com/uploads/news/images/BOT-GUNG-GIAM-CAN.jpg]
[qnafarm.com/uploads/news/images/bot-gung-2.jpg]
[qnafarm.com/uploads/news/images/bot-gung-say-lanh(2).jpg]
[qnafarm.com/10-cach-giam-can-hieu-qua-tu-gung-sau-tet-nguyen-dan-90.html]
[qnafarm.com/uploads/news/images/chuoi-xanh-qna-farm.jpg]
[qnafarm.com/uploads/news/images/tinh-bot-khang-tu-chuoi-xanh2.jpg]
[qnafarm.com/uploads/news/images/tinh-bot-khang-tu-chuoi-xanh.jpg]
[qnafarm.com/uploads/news/images/chuoi-xanh.jpg]
[qnafarm.com/uploads/news/images/tinh-bot-khang-tu-chuoi-xanh1.jpg]
[qnafarm.com/tinh-bot-khang-tu-chuoi-xanh-san-pham-moi-la-ma-bo-ich-95.html]
[qnafarm.com/uploads/about/images/index.html]
[qnafarm.com/chrome-extension_/index-2.html]
[qnafarm.com/chrome-extension_/index.html]
[qnafarm.com/^([^_/indexd41d.html]
[qnafarm.com/restserver.html]
[qnafarm.com/ABCDEFGHIJKLMNOPQRSTUVWXYZabcdefghijklmnopqrstuvwxyz0123456789+/index.html]
[qnafarm.com/GET.html]
[qnafarm.com/dialog/index-2.html]
[qnafarm.com/dialog/index.html]
[qnafarm.com/LiveChatEvent/index-2.html]
[qnafarm.com/LiveChatEvent/index.html]
[qnafarm.com/rsrc.php/index-2.html]
[qnafarm.com/rsrc.php/index.html]
[qnafarm.com/Edge/index-2.html]
[qnafarm.com/Edge/index.html]
[qnafarm.com/themes/web/fonts/index.html]
[qnafarm.com/themes/web/images/index.html]
[qnafarm.com/themes/web/css/uploads/2019/07/index.html]
[qnafarm.com/themes/web/css/index.html]
[qnafarm.com/uploads/photos/thumbs/2022_02/tinh-bot-nghe-trang-220217095850-1.jpg]
[qnafarm.com/uploads/photos/images/2022_06/mit-say-300g-qna-220607092637.jpg]
[qnafarm.com/uploads/photos/thumbs/2022_06/mit-cay-qna-220607092634-1.png]
[qnafarm.com/huong-dan-1.html]
[qnafarm.com/san-pham09b1.html]
[qnafarm.com/tin-tuc-5.html]
[qnafarm.com/tin-tuc-48c69.html]
[qnafarm.com/tin-tuc-4e8ea.html]
[qnafarm.com/uploads/news/images/bot-gung-va-tinh-dau.jpg]
[qnafarm.com/mot-so-cach-su-dung-tinh-dau-gung-va-chong-chi-dinh-87.html]
[qnafarm.com/uploads/news/images/Vien-ngam-gung-mat-ong-2.jpg]
[qnafarm.com/uploads/news/images/vien-gung-mat-ong-qna.jpg]
[qnafarm.com/cong-dung-cua-vien-ngam-gung-mat-ong-88.html]
[qnafarm.com/uploads/news/_thumbs/Images/botgung.jpg]
[qnafarm.com/uploads/news/images/cac-loai-ung-thu-duong-tieu-hoa.jpg]
[qnafarm.com/uploads/news/images/cac-thanh-phan-trong-gung.jpg]
[qnafarm.com/uploads/news/images/gung-chong-ung-thu-duong-tieu-hoa.jpg]
[qnafarm.com/vai-tro-cua-gung-trong-viec-ngan-ngua-va-dieu-tri-ung-thu-duong-tieu-hoa-89.html]
[qnafarm.com/thanh-phan-hoa-hoc-trong-tinh-dau-gung-86.html]
[qnafarm.com/cach-su-dung-bot-gung-say-lanh-85.html]
[qnafarm.com/tin-tuc]
[qnafarm.com/bot-gung-say-lanh-150.html]
[qnafarm.com/9-loi-ich-suc-khoe-cua-bot-gung-trong-che-do-an-uong-84.html]
[qnafarm.com/uploads/news/images/tinh-dau-gung.jpg]
[qnafarm.com/uploads/news/images/ginger.jpg]
[qnafarm.com/tinh-dau-gung-149.html]
[qnafarm.com/uploads/news/images/tinh-dau-gung-chong-say-xe.jpg]
[qnafarm.com/14-cong-dung-cua-tinh-dau-gung-83.html]
[qnafarm.com/uploads/news/images/cong-dung-cua-gung-3.jpg]
[qnafarm.com/tri-cam-sot-bang-cu-gung-tuoi-82.html]
[naturefoods.com.vn/uploads/files/2017/02/15/cong-dung-cua-gung-3.jpg]
[naturefoods.com.vn/uploads/files/2017/02/15/cong-dung-cua-gung-1.jpg]
[naturefoods.com.vn/uploads/files/2017/02/15/cong-dung-cua-gung-2.jpg]
[naturefoods.com.vn/uploads/files/2017/02/15/cong-dung-cua-gung-5.jpg]
[qnafarm.com/cong-dung-tuyet-voi-cua-bot-gung-ma-ban-chua-biet-81.html]
[qnafarm.com/tinh-dau-gung-co-tac-dung-gi-doi-voi-suc-khoe-80.html]
[qnafarm.com/uploads/photograph_img/thumbs/2021_12/dcec7f67fa9931c76888-211208100142-1.jpg]
[qnafarm.com/login-2.html]
[qnafarm.com/ngac-nhien-truoc-cong-dung-cua-gung-ngam-mat-ong-79.html]
[qnafarm.com/chrome-extension_/index-2.html]
[qnafarm.com/uploads/photos/thumbs/2022_11/nghe-trang-dep-221121034638-1.jpg]
[qnafarm.com/dialog/index-2.html]
[qnafarm.com/LiveChatEvent/index-2.html]
[qnafarm.com/rsrc.php/index-2.html]
[qnafarm.com/Edge/index-2.html]
[qnafarm.com/uploads/page/_thumbs/Images/index.html]
[qnafarm.com/tin-tuc-5.html]
[qnafarm.com/uploads/news/images/thanh-phan-hoa-hoc-cua-gung.jpg]
[qnafarm.com/thanh-phan-hoa-hoc-trong-tinh-dau-gung-86.html]
[qnafarm.com/uploads/news/images/bot-gung-say-lanh(1).jpg]
[qnafarm.com/cach-su-dung-bot-gung-say-lanh-85.html]
[qnafarm.com/tin-tuc]
[qnafarm.com/uploads/photos/images/2021_12/daa904da894b42151b5a-211210012552.jpg]
[qnafarm.com/uploads/photos/thumbs/2021_12/daa904da894b42151b5a-211210012552-1.jpg]
[qnafarm.com/uploads/photos/thumbs/2021_12/bot-gung-211207023936-1.jpg]
[qnafarm.com/bot-gung-say-lanh-150.html]
[qnafarm.com/uploads/photos/images/2021_12/9d8f9ffb126ad934807b-211210012527.jpg]
[qnafarm.com/uploads/photos/thumbs/2021_12/tinh-dau-gung-nguyen-chat-gia-re-quan-binh-thanh-1502705875-1-3580795-1502705875-211207024222-1.jpg]
[qnafarm.com/tinh-dau-gung-149.html]
[qnafarm.com/uploads/news/images/tri-cam-cum-cho-tre-bang-gung.jpg]
[qnafarm.com/tri-cam-sot-bang-cu-gung-tuoi-82.html]
[qnafarm.com/tinh-dau-gung-co-tac-dung-gi-doi-voi-suc-khoe-80.html]
[qnafarm.com/uploads/news/images/Gung-Ngam-Mat-Ong.jpg]
[qnafarm.com/ngac-nhien-truoc-cong-dung-cua-gung-ngam-mat-ong-79.html]
[qnafarm.com/uploads/photos/thumbs/2021_12/9d8f9ffb126ad934807b-211210012527-1.jpg]
[qnafarm.com/uploads/news/images/tinh-dau-gung-nguyen-chat-gia-re-quan-binh-thanh-1502705875-1-3580795-1502705875.jpg]
